{"level":"INFO","time":"2022-06-16T15:43:37.086+0800","caller":"middleware/logger.go:93","msg":"/api/auth/token","status":200,"method":"POST","path":"/api/auth/token","query":"","ip":"127.0.0.1","user-agent":"PostmanRuntime/7.28.4","errors":"","cost":0.068422528}
{"level":"INFO","time":"2022-06-16T15:55:59.606+0800","caller":"middleware/logger.go:93","msg":"/api/v1/user/6","status":200,"method":"GET","path":"/api/v1/user/6","query":"","ip":"127.0.0.1","user-agent":"PostmanRuntime/7.28.4","errors":"","cost":0.005794707}
{"level":"INFO","time":"2022-06-16T16:20:45.787+0800","caller":"middleware/logger.go:20","msg":"/api/auth/token","status":200,"method":"POST","path":"/api/auth/token","query":"","ip":"127.0.0.1","user-agent":"PostmanRuntime/7.28.4","errors":"","cost":0.067253586}
{"level":"INFO","time":"2022-06-16T16:20:58.344+0800","caller":"middleware/logger.go:20","msg":"/api/v1/user/6","status":200,"method":"GET","path":"/api/v1/user/6","query":"","ip":"127.0.0.1","user-agent":"PostmanRuntime/7.28.4","errors":"","cost":0.009935839}
{"level":"INFO","time":"2022-06-16T16:21:09.137+0800","caller":"middleware/logger.go:20","msg":"/api/v1/user/7","status":200,"method":"GET","path":"/api/v1/user/7","query":"","ip":"127.0.0.1","user-agent":"PostmanRuntime/7.28.4","errors":"","cost":0.004935012}
{"level":"INFO","time":"2023-11-28T16:41:35.448+0800","caller":"middleware/logger.go:20","msg":"/","status":401,"method":"GET","path":"/","query":"","ip":"127.0.0.1","user-agent":"RapidAPI/4.2.0 (Macintosh; OS X/13.6.1) GCDHTTPRequest","errors":"","cost":0.000117083}
{"level":"INFO","time":"2023-11-28T16:51:14.620+0800","caller":"middleware/logger.go:20","msg":"/","status":401,"method":"GET","path":"/","query":"","ip":"127.0.0.1","user-agent":"PostmanRuntime-ApipostRuntime/1.1.0","errors":"","cost":0.000055125}
{"level":"INFO","time":"2023-11-28T16:51:21.216+0800","caller":"middleware/logger.go:20","msg":"/index","status":401,"method":"GET","path":"/index","query":"","ip":"127.0.0.1","user-agent":"PostmanRuntime-ApipostRuntime/1.1.0","errors":"","cost":0.000087334}
{"level":"INFO","time":"2023-11-30T15:20:40.948+0800","caller":"middleware/logger.go:25","msg":"/","hostname":"Johnny","status":200,"method":"GET","path":"/","query":"","ip":"127.0.0.1","user-agent":"Mozilla/5.0 (Macintosh; Intel Mac OS X 11_0_0) AppleWebKit/537.36 (KHTML, like Gecko) Chrome/86.0.4231.0 Safari/537.36","errors":"","cost":0.000099958}
{"level":"INFO","time":"2023-11-30T15:20:41.081+0800","caller":"middleware/logger.go:25","msg":"/favicon.ico","hostname":"Johnny","status":404,"method":"GET","path":"/favicon.ico","query":"","ip":"127.0.0.1","user-agent":"Mozilla/5.0 (Macintosh; Intel Mac OS X 11_0_0) AppleWebKit/537.36 (KHTML, like Gecko) Chrome/86.0.4231.0 Safari/537.36","errors":"","cost":0.000000462}
{"level":"INFO","time":"2023-11-30T15:20:57.961+0800","caller":"middleware/logger.go:25","msg":"/index","hostname":"Johnny","status":200,"method":"GET","path":"/index","query":"","ip":"127.0.0.1","user-agent":"Mozilla/5.0 (Macintosh; Intel Mac OS X 11_0_0) AppleWebKit/537.36 (KHTML, like Gecko) Chrome/86.0.4231.0 Safari/537.36","errors":"","cost":0.000012449}
{"level":"INFO","time":"2023-11-30T15:21:05.746+0800","caller":"middleware/logger.go:25","msg":"/healthz","hostname":"Johnny","status":200,"method":"GET","path":"/healthz","query":"","ip":"127.0.0.1","user-agent":"Mozilla/5.0 (Macintosh; Intel Mac OS X 11_0_0) AppleWebKit/537.36 (KHTML, like Gecko) Chrome/86.0.4231.0 Safari/537.36","errors":"","cost":0.007775229}
{"level":"INFO","time":"2023-11-30T15:27:31.522+0800","caller":"middleware/logger.go:25","msg":"/healthz","hostname":"Johnny","status":200,"method":"GET","path":"/healthz","query":"","ip":"127.0.0.1","user-agent":"Mozilla/5.0 (Macintosh; Intel Mac OS X 11_0_0) AppleWebKit/537.36 (KHTML, like Gecko) Chrome/86.0.4231.0 Safari/537.36","errors":"","cost":0.008240448}
{"level":"INFO","time":"2023-11-30T15:31:38.842+0800","caller":"middleware/logger.go:25","msg":"/healthz","hostname":"Johnny","status":200,"method":"GET","path":"/healthz","query":"","ip":"127.0.0.1","user-agent":"Mozilla/5.0 (Macintosh; Intel Mac OS X 11_0_0) AppleWebKit/537.36 (KHTML, like Gecko) Chrome/86.0.4231.0 Safari/537.36","errors":"","cost":0.006993029}
{"level":"INFO","time":"2023-11-30T15:45:07.412+0800","caller":"middleware/logger.go:25","msg":"/index","hostname":"Johnny","status":200,"method":"GET","path":"/index","query":"","ip":"127.0.0.1","user-agent":"Mozilla/5.0 (Macintosh; Intel Mac OS X 11_0_0) AppleWebKit/537.36 (KHTML, like Gecko) Chrome/86.0.4231.0 Safari/537.36","errors":"","cost":0.000040034}
{"level":"INFO","time":"2023-11-30T15:45:12.880+0800","caller":"middleware/logger.go:25","msg":"/swagger/index.html","hostname":"Johnny","status":200,"method":"GET","path":"/swagger/index.html","query":"","ip":"127.0.0.1","user-agent":"Mozilla/5.0 (Macintosh; Intel Mac OS X 11_0_0) AppleWebKit/537.36 (KHTML, like Gecko) Chrome/86.0.4231.0 Safari/537.36","errors":"","cost":0.000421119}
{"level":"INFO","time":"2023-11-30T15:45:12.905+0800","caller":"middleware/logger.go:25","msg":"/swagger/swagger-ui.css","hostname":"Johnny","status":200,"method":"GET","path":"/swagger/swagger-ui.css","query":"","ip":"127.0.0.1","user-agent":"Mozilla/5.0 (Macintosh; Intel Mac OS X 11_0_0) AppleWebKit/537.36 (KHTML, like Gecko) Chrome/86.0.4231.0 Safari/537.36","errors":"","cost":0.000248665}
{"level":"INFO","time":"2023-11-30T15:45:12.906+0800","caller":"middleware/logger.go:25","msg":"/swagger/swagger-ui-standalone-preset.js","hostname":"Johnny","status":200,"method":"GET","path":"/swagger/swagger-ui-standalone-preset.js","query":"","ip":"127.0.0.1","user-agent":"Mozilla/5.0 (Macintosh; Intel Mac OS X 11_0_0) AppleWebKit/537.36 (KHTML, like Gecko) Chrome/86.0.4231.0 Safari/537.36","errors":"","cost":0.00035784}
{"level":"INFO","time":"2023-11-30T15:45:12.907+0800","caller":"middleware/logger.go:25","msg":"/swagger/swagger-ui-bundle.js","hostname":"Johnny","status":200,"method":"GET","path":"/swagger/swagger-ui-bundle.js","query":"","ip":"127.0.0.1","user-agent":"Mozilla/5.0 (Macintosh; Intel Mac OS X 11_0_0) AppleWebKit/537.36 (KHTML, like Gecko) Chrome/86.0.4231.0 Safari/537.36","errors":"","cost":0.001895244}
{"level":"INFO","time":"2023-11-30T15:45:13.413+0800","caller":"middleware/logger.go:25","msg":"/swagger/doc.json","hostname":"Johnny","status":200,"method":"GET","path":"/swagger/doc.json","query":"","ip":"127.0.0.1","user-agent":"Mozilla/5.0 (Macintosh; Intel Mac OS X 11_0_0) AppleWebKit/537.36 (KHTML, like Gecko) Chrome/86.0.4231.0 Safari/537.36","errors":"","cost":0.000138054}
{"level":"INFO","time":"2023-11-30T15:45:13.450+0800","caller":"middleware/logger.go:25","msg":"/swagger/favicon-32x32.png","hostname":"Johnny","status":200,"method":"GET","path":"/swagger/favicon-32x32.png","query":"","ip":"127.0.0.1","user-agent":"Mozilla/5.0 (Macintosh; Intel Mac OS X 11_0_0) AppleWebKit/537.36 (KHTML, like Gecko) Chrome/86.0.4231.0 Safari/537.36","errors":"","cost":0.000052547}
{"level":"INFO","time":"2023-11-30T15:45:17.603+0800","caller":"middleware/logger.go:25","msg":"/metrics","hostname":"Johnny","status":404,"method":"GET","path":"/metrics","query":"","ip":"127.0.0.1","user-agent":"Mozilla/5.0 (Macintosh; Intel Mac OS X 11_0_0) AppleWebKit/537.36 (KHTML, like Gecko) Chrome/86.0.4231.0 Safari/537.36","errors":"","cost":0.000000687}
{"level":"INFO","time":"2023-11-30T15:45:24.363+0800","caller":"middleware/logger.go:25","msg":"/","hostname":"Johnny","status":200,"method":"GET","path":"/","query":"","ip":"127.0.0.1","user-agent":"Mozilla/5.0 (Macintosh; Intel Mac OS X 11_0_0) AppleWebKit/537.36 (KHTML, like Gecko) Chrome/86.0.4231.0 Safari/537.36","errors":"","cost":0.000075473}
{"level":"INFO","time":"2023-11-30T15:45:50.661+0800","caller":"middleware/logger.go:25","msg":"/healthz","hostname":"Johnny","status":200,"method":"GET","path":"/healthz","query":"","ip":"127.0.0.1","user-agent":"Mozilla/5.0 (Macintosh; Intel Mac OS X 11_0_0) AppleWebKit/537.36 (KHTML, like Gecko) Chrome/86.0.4231.0 Safari/537.36","errors":"","cost":0.015708422}
{"level":"INFO","time":"2023-11-30T15:52:34.403+0800","caller":"middleware/logger.go:25","msg":"/api/v1/tag ","hostname":"Johnny","status":404,"method":"POST","path":"/api/v1/tag ","query":"","ip":"127.0.0.1","user-agent":"PostmanRuntime/7.28.4","errors":"","cost":0.000012186}
{"level":"INFO","time":"2023-11-30T15:52:45.133+0800","caller":"middleware/logger.go:25","msg":"/api/v1/tag","hostname":"Johnny","status":400,"method":"POST","path":"/api/v1/tag","query":"","ip":"127.0.0.1","user-agent":"PostmanRuntime/7.28.4","errors":"","cost":0.016827122}
{"level":"INFO","time":"2023-11-30T15:57:13.349+0800","caller":"middleware/logger.go:25","msg":"/api/v1/tag","hostname":"Johnny","status":400,"method":"POST","path":"/api/v1/tag","query":"","ip":"127.0.0.1","user-agent":"PostmanRuntime/7.28.4","errors":"","cost":0.017920199}
{"level":"INFO","time":"2023-11-30T15:59:29.018+0800","caller":"middleware/logger.go:25","msg":"/api/v1/tag","hostname":"Johnny","status":400,"method":"POST","path":"/api/v1/tag","query":"","ip":"127.0.0.1","user-agent":"PostmanRuntime/7.28.4","errors":"","cost":0.017276178}
{"level":"INFO","time":"2023-11-30T16:06:31.580+0800","caller":"middleware/logger.go:25","msg":"/healthz","hostname":"Johnny","status":200,"method":"GET","path":"/healthz","query":"","ip":"127.0.0.1","user-agent":"Mozilla/5.0 (Macintosh; Intel Mac OS X 11_0_0) AppleWebKit/537.36 (KHTML, like Gecko) Chrome/86.0.4231.0 Safari/537.36","errors":"","cost":0.014137909}
{"level":"INFO","time":"2023-11-30T16:07:08.330+0800","caller":"middleware/logger.go:25","msg":"/api/v1/tag","hostname":"Johnny","status":400,"method":"POST","path":"/api/v1/tag","query":"","ip":"127.0.0.1","user-agent":"PostmanRuntime/7.28.4","errors":"","cost":0.016183936}
{"level":"INFO","time":"2023-11-30T16:07:36.621+0800","caller":"middleware/logger.go:25","msg":"/","hostname":"Johnny","status":200,"method":"GET","path":"/","query":"","ip":"127.0.0.1","user-agent":"Mozilla/5.0 (Macintosh; Intel Mac OS X 11_0_0) AppleWebKit/537.36 (KHTML, like Gecko) Chrome/86.0.4231.0 Safari/537.36","errors":"","cost":0.000079696}
{"level":"INFO","time":"2023-11-30T16:28:31.225+0800","caller":"middleware/logger.go:25","msg":"/api/v1/tag","hostname":"Johnny","status":400,"method":"POST","path":"/api/v1/tag","query":"","ip":"127.0.0.1","user-agent":"PostmanRuntime/7.28.4","errors":"","cost":0.235541225}
{"level":"INFO","time":"2023-11-30T16:44:52.363+0800","caller":"middleware/logger.go:25","msg":"/api/v1/tag","hostname":"Johnny","status":200,"method":"POST","path":"/api/v1/tag","query":"","ip":"127.0.0.1","user-agent":"PostmanRuntime/7.28.4","errors":"","cost":0.021010113}
{"level":"INFO","time":"2023-11-30T17:03:52.812+0800","caller":"middleware/logger.go:25","msg":"/api/v1/tag","hostname":"Johnny","status":200,"method":"POST","path":"/api/v1/tag","query":"","ip":"127.0.0.1","user-agent":"PostmanRuntime/7.28.4","errors":"","cost":0.021596432}
{"level":"INFO","time":"2023-11-30T17:04:05.187+0800","caller":"middleware/logger.go:25","msg":"/api/v1/tag","hostname":"Johnny","status":200,"method":"POST","path":"/api/v1/tag","query":"","ip":"127.0.0.1","user-agent":"PostmanRuntime/7.28.4","errors":"","cost":0.01439266}
{"level":"INFO","time":"2023-11-30T17:04:11.281+0800","caller":"middleware/logger.go:25","msg":"/api/v1/tag","hostname":"Johnny","status":400,"method":"POST","path":"/api/v1/tag","query":"","ip":"127.0.0.1","user-agent":"PostmanRuntime/7.28.4","errors":"","cost":0.013891494}
{"level":"INFO","time":"2023-11-30T17:04:29.560+0800","caller":"middleware/logger.go:25","msg":"/api/v1/tag","hostname":"Johnny","status":200,"method":"POST","path":"/api/v1/tag","query":"","ip":"127.0.0.1","user-agent":"PostmanRuntime/7.28.4","errors":"","cost":0.023772514}
{"level":"INFO","time":"2023-11-30T17:05:28.336+0800","caller":"middleware/logger.go:25","msg":"/api/v1/tag","hostname":"Johnny","status":400,"method":"POST","path":"/api/v1/tag","query":"","ip":"127.0.0.1","user-agent":"PostmanRuntime/7.28.4","errors":"","cost":0.015449948}
{"level":"INFO","time":"2023-11-30T17:05:48.329+0800","caller":"middleware/logger.go:25","msg":"/api/v1/tag","hostname":"Johnny","status":200,"method":"POST","path":"/api/v1/tag","query":"","ip":"127.0.0.1","user-agent":"PostmanRuntime/7.28.4","errors":"","cost":0.019894639}
{"level":"INFO","time":"2023-11-30T17:05:57.851+0800","caller":"middleware/logger.go:25","msg":"/api/v1/tag","hostname":"Johnny","status":200,"method":"POST","path":"/api/v1/tag","query":"","ip":"127.0.0.1","user-agent":"PostmanRuntime/7.28.4","errors":"","cost":0.025944777}
{"level":"INFO","time":"2023-11-30T17:06:11.691+0800","caller":"middleware/logger.go:25","msg":"/api/v1/tag","hostname":"Johnny","status":200,"method":"POST","path":"/api/v1/tag","query":"","ip":"127.0.0.1","user-agent":"PostmanRuntime/7.28.4","errors":"","cost":0.01488274}
{"level":"INFO","time":"2023-11-30T17:06:19.821+0800","caller":"middleware/logger.go:25","msg":"/api/v1/tags","hostname":"Johnny","status":400,"method":"GET","path":"/api/v1/tags","query":"","ip":"127.0.0.1","user-agent":"PostmanRuntime/7.28.4","errors":"","cost":0.000032769}
{"level":"INFO","time":"2023-11-30T17:06:53.458+0800","caller":"middleware/logger.go:25","msg":"/api/v1/1","hostname":"Johnny","status":404,"method":"GET","path":"/api/v1/1","query":"","ip":"127.0.0.1","user-agent":"PostmanRuntime/7.28.4","errors":"","cost":0.000001012}
{"level":"INFO","time":"2023-11-30T17:07:10.642+0800","caller":"middleware/logger.go:25","msg":"/api/v1/tag/1","hostname":"Johnny","status":404,"method":"GET","path":"/api/v1/tag/1","query":"","ip":"127.0.0.1","user-agent":"PostmanRuntime/7.28.4","errors":"","cost":0.000000488}
{"level":"INFO","time":"2023-11-30T17:09:37.658+0800","caller":"middleware/logger.go:25","msg":"/api/v1/tag/9","hostname":"Johnny","status":200,"method":"PUT","path":"/api/v1/tag/9","query":"","ip":"127.0.0.1","user-agent":"PostmanRuntime/7.28.4","errors":"","cost":0.020021935}
{"level":"INFO","time":"2023-11-30T17:17:02.240+0800","caller":"middleware/logger.go:25","msg":"/api/v1/tag/9","hostname":"Johnny","status":200,"method":"DELETE","path":"/api/v1/tag/9","query":"","ip":"127.0.0.1","user-agent":"PostmanRuntime/7.28.4","errors":"","cost":0.014520992}
{"level":"INFO","time":"2023-11-30T17:29:15.122+0800","caller":"middleware/logger.go:25","msg":"/api/v1/category","hostname":"Johnny","status":200,"method":"POST","path":"/api/v1/category","query":"","ip":"127.0.0.1","user-agent":"PostmanRuntime/7.28.4","errors":"","cost":0.020286749}
{"level":"INFO","time":"2023-11-30T17:31:32.782+0800","caller":"middleware/logger.go:25","msg":"/api/v1/category","hostname":"Johnny","status":200,"method":"POST","path":"/api/v1/category","query":"","ip":"127.0.0.1","user-agent":"PostmanRuntime/7.28.4","errors":"","cost":0.015791876}
{"level":"INFO","time":"2023-11-30T17:32:47.791+0800","caller":"middleware/logger.go:25","msg":"/api/v1/category","hostname":"Johnny","status":200,"method":"POST","path":"/api/v1/category","query":"","ip":"127.0.0.1","user-agent":"PostmanRuntime/7.28.4","errors":"","cost":0.013126417}
{"level":"INFO","time":"2023-11-30T17:34:07.526+0800","caller":"middleware/logger.go:25","msg":"/api/v1/category/1","hostname":"Johnny","status":200,"method":"PUT","path":"/api/v1/category/1","query":"","ip":"127.0.0.1","user-agent":"PostmanRuntime/7.28.4","errors":"","cost":0.025086956}
{"level":"INFO","time":"2023-11-30T17:36:53.109+0800","caller":"middleware/logger.go:25","msg":"/api/v1/category/1","hostname":"Johnny","status":200,"method":"PUT","path":"/api/v1/category/1","query":"","ip":"127.0.0.1","user-agent":"PostmanRuntime/7.28.4","errors":"","cost":0.02068427}
{"level":"INFO","time":"2023-12-01T14:24:35.736+0800","caller":"middleware/logger.go:25","msg":"/api/v1/category/1","hostname":"Johnny","status":200,"method":"PUT","path":"/api/v1/category/1","query":"","ip":"127.0.0.1","user-agent":"PostmanRuntime/7.28.4","errors":"","cost":0.023339357}
{"level":"INFO","time":"2023-12-01T14:25:53.151+0800","caller":"middleware/logger.go:25","msg":"/api/v1/category/1","hostname":"Johnny","status":200,"method":"DELETE","path":"/api/v1/category/1","query":"","ip":"127.0.0.1","user-agent":"PostmanRuntime/7.28.4","errors":"","cost":0.014388207}
{"level":"INFO","time":"2023-12-01T14:36:37.444+0800","caller":"middleware/logger.go:25","msg":"/api/v1/users","hostname":"Johnny","status":400,"method":"POST","path":"/api/v1/users","query":"","ip":"127.0.0.1","user-agent":"PostmanRuntime/7.28.4","errors":"","cost":0.000129961}
{"level":"INFO","time":"2023-12-01T14:39:44.076+0800","caller":"middleware/logger.go:25","msg":"/api/v1/users","hostname":"Johnny","status":400,"method":"POST","path":"/api/v1/users","query":"","ip":"127.0.0.1","user-agent":"PostmanRuntime/7.28.4","errors":"","cost":0.000285121}
{"level":"INFO","time":"2023-12-01T14:40:28.411+0800","caller":"middleware/logger.go:25","msg":"/api/v1/users","hostname":"Johnny","status":200,"method":"POST","path":"/api/v1/users","query":"","ip":"127.0.0.1","user-agent":"PostmanRuntime/7.28.4","errors":"","cost":0.087225571}
{"level":"INFO","time":"2023-12-01T14:42:08.597+0800","caller":"middleware/logger.go:25","msg":"/api/v1/users","hostname":"Johnny","status":200,"method":"POST","path":"/api/v1/users","query":"","ip":"127.0.0.1","user-agent":"PostmanRuntime/7.28.4","errors":"","cost":0.085453418}
{"level":"INFO","time":"2023-12-01T14:42:28.019+0800","caller":"middleware/logger.go:25","msg":"/api/v1/users","hostname":"Johnny","status":400,"method":"POST","path":"/api/v1/users","query":"","ip":"127.0.0.1","user-agent":"PostmanRuntime/7.28.4","errors":"","cost":0.078590795}
{"level":"INFO","time":"2023-12-01T14:42:41.974+0800","caller":"middleware/logger.go:25","msg":"/api/v1/users","hostname":"Johnny","status":200,"method":"POST","path":"/api/v1/users","query":"","ip":"127.0.0.1","user-agent":"PostmanRuntime/7.28.4","errors":"","cost":0.085142043}
{"level":"INFO","time":"2023-12-01T14:43:41.514+0800","caller":"middleware/logger.go:25","msg":"/api/v1/users","hostname":"Johnny","status":200,"method":"POST","path":"/api/v1/users","query":"","ip":"127.0.0.1","user-agent":"PostmanRuntime/7.28.4","errors":"","cost":0.094925006}
{"level":"INFO","time":"2023-12-01T14:46:45.421+0800","caller":"middleware/logger.go:25","msg":"/api/v1/users/5","hostname":"Johnny","status":200,"method":"DELETE","path":"/api/v1/users/5","query":"","ip":"127.0.0.1","user-agent":"PostmanRuntime/7.28.4","errors":"","cost":0.145746722}
{"level":"INFO","time":"2023-12-01T15:01:17.841+0800","caller":"middleware/logger.go:25","msg":"/api/v1/users/1","hostname":"Johnny","status":400,"method":"PUT","path":"/api/v1/users/1","query":"","ip":"127.0.0.1","user-agent":"PostmanRuntime/7.28.4","errors":"","cost":0.000035645}
{"level":"INFO","time":"2023-12-01T15:01:28.832+0800","caller":"middleware/logger.go:25","msg":"/api/v1/users/1","hostname":"Johnny","status":400,"method":"PUT","path":"/api/v1/users/1","query":"","ip":"127.0.0.1","user-agent":"PostmanRuntime/7.28.4","errors":"","cost":0.00002852}
{"level":"INFO","time":"2023-12-01T15:01:51.545+0800","caller":"middleware/logger.go:25","msg":"/api/v1/users/1","hostname":"Johnny","status":400,"method":"PUT","path":"/api/v1/users/1","query":"","ip":"127.0.0.1","user-agent":"PostmanRuntime/7.28.4","errors":"","cost":0.084096255}
{"level":"INFO","time":"2023-12-01T15:02:59.806+0800","caller":"middleware/logger.go:25","msg":"/api/v1/users/1","hostname":"Johnny","status":200,"method":"PUT","path":"/api/v1/users/1","query":"","ip":"127.0.0.1","user-agent":"PostmanRuntime/7.28.4","errors":"","cost":0.114016149}
{"level":"INFO","time":"2023-12-01T15:09:41.901+0800","caller":"middleware/logger.go:25","msg":"/api/v1/users","hostname":"Johnny","status":400,"method":"GET","path":"/api/v1/users","query":"pagenum=1&pagesize=3","ip":"127.0.0.1","user-agent":"PostmanRuntime/7.28.4","errors":"","cost":0.000140725}
{"level":"INFO","time":"2023-12-01T15:10:52.200+0800","caller":"middleware/logger.go:25","msg":"/api/v1/users/1","hostname":"Johnny","status":200,"method":"GET","path":"/api/v1/users/1","query":"","ip":"127.0.0.1","user-agent":"PostmanRuntime/7.28.4","errors":"","cost":0.022526706}
{"level":"INFO","time":"2023-12-01T15:13:06.693+0800","caller":"middleware/logger.go:25","msg":"/api/v1/users","hostname":"Johnny","status":400,"method":"GET","path":"/api/v1/users","query":"pagenum=1&pagesize=1","ip":"127.0.0.1","user-agent":"PostmanRuntime/7.28.4","errors":"","cost":0.000029104}
{"level":"INFO","time":"2023-12-01T15:15:23.384+0800","caller":"middleware/logger.go:25","msg":"/api/v1/users","hostname":"Johnny","status":400,"method":"GET","path":"/api/v1/users","query":"pagenum=1&pagesize=1","ip":"127.0.0.1","user-agent":"PostmanRuntime/7.28.4","errors":"","cost":0.000046004}
{"level":"INFO","time":"2023-12-01T15:34:28.466+0800","caller":"middleware/logger.go:25","msg":"/api/v1/users","hostname":"Johnny","status":200,"method":"GET","path":"/api/v1/users","query":"pagenum=1&pagesize=1","ip":"127.0.0.1","user-agent":"PostmanRuntime/7.28.4","errors":"","cost":0.011096418}
{"level":"INFO","time":"2023-12-01T15:34:46.825+0800","caller":"middleware/logger.go:25","msg":"/api/v1/users","hostname":"Johnny","status":200,"method":"GET","path":"/api/v1/users","query":"pagenum=1&pagesize=3","ip":"127.0.0.1","user-agent":"PostmanRuntime/7.28.4","errors":"","cost":0.011919729}
{"level":"INFO","time":"2023-12-01T15:34:54.692+0800","caller":"middleware/logger.go:25","msg":"/api/v1/users","hostname":"Johnny","status":400,"method":"GET","path":"/api/v1/users","query":"pagenum=2&pagesize=3","ip":"127.0.0.1","user-agent":"PostmanRuntime/7.28.4","errors":"","cost":0.009191293}
{"level":"INFO","time":"2023-12-01T15:35:12.009+0800","caller":"middleware/logger.go:25","msg":"/api/v1/users","hostname":"Johnny","status":200,"method":"GET","path":"/api/v1/users","query":"pagenum=1&pagesize=3","ip":"127.0.0.1","user-agent":"PostmanRuntime/7.28.4","errors":"","cost":0.010393145}
{"level":"INFO","time":"2023-12-01T15:35:25.602+0800","caller":"middleware/logger.go:25","msg":"/api/v1/users","hostname":"Johnny","status":400,"method":"GET","path":"/api/v1/users","query":"pagenum=2&pagesize=3","ip":"127.0.0.1","user-agent":"PostmanRuntime/7.28.4","errors":"","cost":0.006576209}
{"level":"INFO","time":"2023-12-01T15:35:33.427+0800","caller":"middleware/logger.go:25","msg":"/api/v1/users","hostname":"Johnny","status":200,"method":"GET","path":"/api/v1/users","query":"pagenum=2&pagesize=2","ip":"127.0.0.1","user-agent":"PostmanRuntime/7.28.4","errors":"","cost":0.006338631}
{"level":"INFO","time":"2023-12-01T15:36:05.077+0800","caller":"middleware/logger.go:25","msg":"/api/v1/users","hostname":"Johnny","status":200,"method":"GET","path":"/api/v1/users","query":"pagenum=1&pagesize=2","ip":"127.0.0.1","user-agent":"PostmanRuntime/7.28.4","errors":"","cost":0.010105483}
{"level":"INFO","time":"2023-12-01T15:40:58.383+0800","caller":"middleware/logger.go:25","msg":"/","hostname":"Johnny","status":200,"method":"GET","path":"/","query":"","ip":"192.168.2.191","user-agent":"Mozilla/5.0 (Windows NT 10.0; Win64; x64) AppleWebKit/537.36 (KHTML, like Gecko) Chrome/119.0.0.0 Safari/537.36","errors":"","cost":0.000115854}
{"level":"INFO","time":"2023-12-01T15:40:58.548+0800","caller":"middleware/logger.go:25","msg":"/favicon.ico","hostname":"Johnny","status":404,"method":"GET","path":"/favicon.ico","query":"","ip":"192.168.2.191","user-agent":"Mozilla/5.0 (Windows NT 10.0; Win64; x64) AppleWebKit/537.36 (KHTML, like Gecko) Chrome/119.0.0.0 Safari/537.36","errors":"","cost":0.000000878}
{"level":"INFO","time":"2023-12-01T15:41:07.524+0800","caller":"middleware/logger.go:25","msg":"/index.html","hostname":"Johnny","status":404,"method":"GET","path":"/index.html","query":"","ip":"192.168.2.191","user-agent":"Mozilla/5.0 (Windows NT 10.0; Win64; x64) AppleWebKit/537.36 (KHTML, like Gecko) Chrome/119.0.0.0 Safari/537.36","errors":"","cost":0.000000977}
{"level":"INFO","time":"2023-12-01T15:41:11.062+0800","caller":"middleware/logger.go:25","msg":"/index","hostname":"Johnny","status":200,"method":"GET","path":"/index","query":"","ip":"192.168.2.191","user-agent":"Mozilla/5.0 (Windows NT 10.0; Win64; x64) AppleWebKit/537.36 (KHTML, like Gecko) Chrome/119.0.0.0 Safari/537.36","errors":"","cost":0.000032919}
{"level":"INFO","time":"2023-12-01T15:41:15.073+0800","caller":"middleware/logger.go:25","msg":"/","hostname":"Johnny","status":200,"method":"GET","path":"/","query":"","ip":"192.168.2.191","user-agent":"Mozilla/5.0 (Windows NT 10.0; Win64; x64) AppleWebKit/537.36 (KHTML, like Gecko) Chrome/119.0.0.0 Safari/537.36","errors":"","cost":0.000182105}
{"level":"INFO","time":"2023-12-01T15:41:25.497+0800","caller":"middleware/logger.go:25","msg":"/swagger/index.html","hostname":"Johnny","status":200,"method":"GET","path":"/swagger/index.html","query":"","ip":"192.168.2.191","user-agent":"Mozilla/5.0 (Windows NT 10.0; Win64; x64) AppleWebKit/537.36 (KHTML, like Gecko) Chrome/119.0.0.0 Safari/537.36","errors":"","cost":0.000282821}
{"level":"INFO","time":"2023-12-01T15:41:25.527+0800","caller":"middleware/logger.go:25","msg":"/swagger/swagger-ui.css","hostname":"Johnny","status":200,"method":"GET","path":"/swagger/swagger-ui.css","query":"","ip":"192.168.2.191","user-agent":"Mozilla/5.0 (Windows NT 10.0; Win64; x64) AppleWebKit/537.36 (KHTML, like Gecko) Chrome/119.0.0.0 Safari/537.36","errors":"","cost":0.010636285}
{"level":"INFO","time":"2023-12-01T15:41:25.656+0800","caller":"middleware/logger.go:25","msg":"/swagger/swagger-ui-standalone-preset.js","hostname":"Johnny","status":200,"method":"GET","path":"/swagger/swagger-ui-standalone-preset.js","query":"","ip":"192.168.2.191","user-agent":"Mozilla/5.0 (Windows NT 10.0; Win64; x64) AppleWebKit/537.36 (KHTML, like Gecko) Chrome/119.0.0.0 Safari/537.36","errors":"","cost":0.115694139}
{"level":"INFO","time":"2023-12-01T15:41:25.770+0800","caller":"middleware/logger.go:25","msg":"/swagger/swagger-ui-bundle.js","hostname":"Johnny","status":200,"method":"GET","path":"/swagger/swagger-ui-bundle.js","query":"","ip":"192.168.2.191","user-agent":"Mozilla/5.0 (Windows NT 10.0; Win64; x64) AppleWebKit/537.36 (KHTML, like Gecko) Chrome/119.0.0.0 Safari/537.36","errors":"","cost":0.253368475}
{"level":"INFO","time":"2023-12-01T15:41:25.922+0800","caller":"middleware/logger.go:25","msg":"/swagger/doc.json","hostname":"Johnny","status":200,"method":"GET","path":"/swagger/doc.json","query":"","ip":"192.168.2.191","user-agent":"Mozilla/5.0 (Windows NT 10.0; Win64; x64) AppleWebKit/537.36 (KHTML, like Gecko) Chrome/119.0.0.0 Safari/537.36","errors":"","cost":0.000188421}
{"level":"INFO","time":"2023-12-01T15:41:25.956+0800","caller":"middleware/logger.go:25","msg":"/swagger/favicon-32x32.png","hostname":"Johnny","status":200,"method":"GET","path":"/swagger/favicon-32x32.png","query":"","ip":"192.168.2.191","user-agent":"Mozilla/5.0 (Windows NT 10.0; Win64; x64) AppleWebKit/537.36 (KHTML, like Gecko) Chrome/119.0.0.0 Safari/537.36","errors":"","cost":0.000071115}
{"level":"INFO","time":"2023-12-01T15:41:51.621+0800","caller":"middleware/logger.go:25","msg":"/healthz","hostname":"Johnny","status":200,"method":"GET","path":"/healthz","query":"","ip":"192.168.2.191","user-agent":"Mozilla/5.0 (Windows NT 10.0; Win64; x64) AppleWebKit/537.36 (KHTML, like Gecko) Chrome/119.0.0.0 Safari/537.36","errors":"","cost":0.008954577}
{"level":"INFO","time":"2023-12-01T15:42:01.442+0800","caller":"middleware/logger.go:25","msg":"/","hostname":"Johnny","status":200,"method":"GET","path":"/","query":"","ip":"192.168.2.191","user-agent":"Mozilla/5.0 (Windows NT 10.0; Win64; x64) AppleWebKit/537.36 (KHTML, like Gecko) Chrome/119.0.0.0 Safari/537.36","errors":"","cost":0.000135597}
{"level":"INFO","time":"2023-12-01T15:42:17.216+0800","caller":"middleware/logger.go:25","msg":"/index","hostname":"Johnny","status":200,"method":"GET","path":"/index","query":"","ip":"192.168.2.191","user-agent":"Mozilla/5.0 (Windows NT 10.0; Win64; x64) AppleWebKit/537.36 (KHTML, like Gecko) Chrome/119.0.0.0 Safari/537.36","errors":"","cost":0.00002015}
{"level":"INFO","time":"2023-12-01T15:42:19.197+0800","caller":"middleware/logger.go:25","msg":"/healthz","hostname":"Johnny","status":200,"method":"GET","path":"/healthz","query":"","ip":"192.168.2.191","user-agent":"Mozilla/5.0 (Windows NT 10.0; Win64; x64) AppleWebKit/537.36 (KHTML, like Gecko) Chrome/119.0.0.0 Safari/537.36","errors":"","cost":0.007365929}
{"level":"INFO","time":"2023-12-01T15:42:55.304+0800","caller":"middleware/logger.go:25","msg":"/api/v1/users","hostname":"Johnny","status":400,"method":"GET","path":"/api/v1/users","query":"","ip":"192.168.2.191","user-agent":"Mozilla/5.0 (Windows NT 10.0; Win64; x64) AppleWebKit/537.36 (KHTML, like Gecko) Chrome/119.0.0.0 Safari/537.36","errors":"","cost":0.000166708}
{"level":"INFO","time":"2023-12-01T15:43:03.190+0800","caller":"middleware/logger.go:25","msg":"/api/v1/users/1","hostname":"Johnny","status":200,"method":"GET","path":"/api/v1/users/1","query":"","ip":"192.168.2.191","user-agent":"Mozilla/5.0 (Windows NT 10.0; Win64; x64) AppleWebKit/537.36 (KHTML, like Gecko) Chrome/119.0.0.0 Safari/537.36","errors":"","cost":0.0156817}
{"level":"INFO","time":"2023-12-01T16:01:13.757+0800","caller":"middleware/logger.go:25","msg":"/api/v1/users","hostname":"Johnny","status":200,"method":"GET","path":"/api/v1/users","query":"pagenum=1&pagesize=3","ip":"127.0.0.1","user-agent":"PostmanRuntime/7.28.4","errors":"","cost":0.007604251}
{"level":"INFO","time":"2023-12-01T16:12:32.003+0800","caller":"middleware/logger.go:25","msg":"/api/v1/Post","hostname":"Johnny","status":404,"method":"POST","path":"/api/v1/Post","query":"","ip":"127.0.0.1","user-agent":"PostmanRuntime/7.28.4","errors":"","cost":0.000000615}
{"level":"INFO","time":"2023-12-01T16:13:41.375+0800","caller":"middleware/logger.go:25","msg":"/api/v1/Post","hostname":"Johnny","status":404,"method":"POST","path":"/api/v1/Post","query":"","ip":"127.0.0.1","user-agent":"PostmanRuntime/7.28.4","errors":"","cost":0.000000652}
{"level":"INFO","time":"2023-12-01T16:13:42.570+0800","caller":"middleware/logger.go:25","msg":"/api/v1/Post","hostname":"Johnny","status":404,"method":"POST","path":"/api/v1/Post","query":"","ip":"127.0.0.1","user-agent":"PostmanRuntime/7.28.4","errors":"","cost":0.000000476}
{"level":"INFO","time":"2023-12-01T16:15:17.451+0800","caller":"middleware/logger.go:25","msg":"/api/v1/Post","hostname":"Johnny","status":404,"method":"POST","path":"/api/v1/Post","query":"","ip":"127.0.0.1","user-agent":"PostmanRuntime/7.28.4","errors":"","cost":0.00000056}
{"level":"INFO","time":"2023-12-01T16:15:19.367+0800","caller":"middleware/logger.go:25","msg":"/api/v1/Post","hostname":"Johnny","status":404,"method":"POST","path":"/api/v1/Post","query":"","ip":"127.0.0.1","user-agent":"PostmanRuntime/7.28.4","errors":"","cost":0.000000469}
{"level":"INFO","time":"2023-12-01T16:17:18.013+0800","caller":"middleware/logger.go:25","msg":"/api/v1/Post","hostname":"Johnny","status":404,"method":"POST","path":"/api/v1/Post","query":"","ip":"127.0.0.1","user-agent":"PostmanRuntime/7.28.4","errors":"","cost":0.000000482}
{"level":"INFO","time":"2023-12-01T16:19:46.381+0800","caller":"middleware/logger.go:25","msg":"/api/v1/Post","hostname":"Johnny","status":404,"method":"POST","path":"/api/v1/Post","query":"","ip":"127.0.0.1","user-agent":"PostmanRuntime/7.28.4","errors":"","cost":0.000000508}
{"level":"INFO","time":"2025-06-24T17:20:50.606+0800","caller":"middleware/logger.go:25","msg":"/api/v1/category","hostname":"Johnny","status":400,"method":"POST","path":"/api/v1/category","query":"","ip":"127.0.0.1","user-agent":"PostmanRuntime/7.28.4","errors":"","cost":0.046344688}
{"level":"INFO","time":"2025-06-24T17:29:36.390+0800","caller":"middleware/logger.go:25","msg":"/api/v1/category","hostname":"Johnny","status":400,"method":"POST","path":"/api/v1/category","query":"","ip":"127.0.0.1","user-agent":"PostmanRuntime/7.28.4","errors":"","cost":0.038703847}
{"level":"INFO","time":"2025-06-24T17:32:09.324+0800","caller":"middleware/logger.go:25","msg":"/api/v1/category","hostname":"Johnny","status":200,"method":"POST","path":"/api/v1/category","query":"","ip":"127.0.0.1","user-agent":"PostmanRuntime/7.28.4","errors":"","cost":0.06599601}
{"level":"INFO","time":"2025-06-24T17:34:56.977+0800","caller":"middleware/logger.go:25","msg":"/api/v1/category","hostname":"Johnny","status":400,"method":"POST","path":"/api/v1/category","query":"","ip":"127.0.0.1","user-agent":"PostmanRuntime/7.28.4","errors":"","cost":0.024422116}
{"level":"INFO","time":"2025-06-24T17:35:17.461+0800","caller":"middleware/logger.go:25","msg":"/api/v1/category/","hostname":"Johnny","status":404,"method":"DELETE","path":"/api/v1/category/","query":"","ip":"127.0.0.1","user-agent":"PostmanRuntime/7.28.4","errors":"","cost":0.000000732}
{"level":"INFO","time":"2025-06-24T17:36:02.307+0800","caller":"middleware/logger.go:25","msg":"/api/v1/category/1","hostname":"Johnny","status":400,"method":"DELETE","path":"/api/v1/category/1","query":"","ip":"127.0.0.1","user-agent":"PostmanRuntime/7.28.4","errors":"","cost":0.086013142}
{"level":"INFO","time":"2025-06-24T17:36:28.628+0800","caller":"middleware/logger.go:25","msg":"/api/v1/category/:1","hostname":"Johnny","status":400,"method":"DELETE","path":"/api/v1/category/:1","query":"","ip":"127.0.0.1","user-agent":"PostmanRuntime/7.28.4","errors":"","cost":0.000049593}
{"level":"INFO","time":"2025-06-24T17:38:42.538+0800","caller":"middleware/logger.go:25","msg":"/api/v1/category/1","hostname":"Johnny","status":400,"method":"DELETE","path":"/api/v1/category/1","query":"","ip":"127.0.0.1","user-agent":"PostmanRuntime/7.28.4","errors":"","cost":0.008233955}
{"level":"INFO","time":"2025-06-24T17:39:03.214+0800","caller":"middleware/logger.go:25","msg":"/api/v1/category/1","hostname":"Johnny","status":400,"method":"DELETE","path":"/api/v1/category/1","query":"","ip":"127.0.0.1","user-agent":"PostmanRuntime/7.28.4","errors":"","cost":0.015198514}
{"level":"INFO","time":"2025-06-24T17:40:31.866+0800","caller":"middleware/logger.go:25","msg":"/api/v1/category/1","hostname":"Johnny","status":400,"method":"DELETE","path":"/api/v1/category/1","query":"","ip":"127.0.0.1","user-agent":"PostmanRuntime/7.28.4","errors":"","cost":0.006724906}
{"level":"INFO","time":"2025-06-24T17:47:45.172+0800","caller":"middleware/logger.go:25","msg":"/api/v1/category/1","hostname":"Johnny","status":200,"method":"DELETE","path":"/api/v1/category/1","query":"","ip":"127.0.0.1","user-agent":"PostmanRuntime/7.28.4","errors":"","cost":0.019679555}
{"level":"INFO","time":"2025-06-24T22:35:43.329+0800","caller":"middleware/logger.go:25","msg":"/api/v1/category/1","hostname":"JohnnydeMac-Studio.local","status":400,"method":"GET","path":"/api/v1/category/1","query":"","ip":"127.0.0.1","user-agent":"PostmanRuntime/7.43.0","errors":"","cost":0.045158875}
{"level":"INFO","time":"2025-06-24T22:35:57.763+0800","caller":"middleware/logger.go:25","msg":"/api/v1/category/3","hostname":"JohnnydeMac-Studio.local","status":200,"method":"GET","path":"/api/v1/category/3","query":"","ip":"127.0.0.1","user-agent":"PostmanRuntime/7.43.0","errors":"","cost":0.043485417}
{"level":"INFO","time":"2025-06-24T22:36:21.421+0800","caller":"middleware/logger.go:25","msg":"/api/v1/categories","hostname":"JohnnydeMac-Studio.local","status":200,"method":"GET","path":"/api/v1/categories","query":"","ip":"127.0.0.1","user-agent":"PostmanRuntime/7.43.0","errors":"","cost":0.266727792}
{"level":"INFO","time":"2025-06-24T22:45:16.074+0800","caller":"middleware/logger.go:25","msg":"/api/v1/categories","hostname":"JohnnydeMac-Studio.local","status":200,"method":"GET","path":"/api/v1/categories","query":"","ip":"127.0.0.1","user-agent":"PostmanRuntime/7.43.0","errors":"","cost":0.037221}
{"level":"INFO","time":"2025-06-25T10:48:57.561+0800","caller":"middleware/logger.go:25","msg":"/api/v1/category","hostname":"Johnny","status":200,"method":"POST","path":"/api/v1/category","query":"","ip":"127.0.0.1","user-agent":"PostmanRuntime/7.28.4","errors":"","cost":0.046516807}
{"level":"INFO","time":"2025-06-25T10:51:32.441+0800","caller":"middleware/logger.go:25","msg":"/api/v1/category","hostname":"Johnny","status":400,"method":"POST","path":"/api/v1/category","query":"","ip":"127.0.0.1","user-agent":"PostmanRuntime/7.28.4","errors":"","cost":0.000069096}
{"level":"INFO","time":"2025-06-25T10:52:56.989+0800","caller":"middleware/logger.go:25","msg":"/api/v1/category","hostname":"Johnny","status":200,"method":"POST","path":"/api/v1/category","query":"","ip":"127.0.0.1","user-agent":"PostmanRuntime/7.28.4","errors":"","cost":0.027904295}
{"level":"INFO","time":"2025-06-25T10:53:29.261+0800","caller":"middleware/logger.go:25","msg":"/api/v1/category","hostname":"Johnny","status":200,"method":"POST","path":"/api/v1/category","query":"","ip":"127.0.0.1","user-agent":"PostmanRuntime/7.28.4","errors":"","cost":0.030375735}
{"level":"INFO","time":"2025-06-25T10:54:10.568+0800","caller":"middleware/logger.go:25","msg":"/api/v1/category/1","hostname":"Johnny","status":200,"method":"GET","path":"/api/v1/category/1","query":"","ip":"127.0.0.1","user-agent":"PostmanRuntime/7.28.4","errors":"","cost":0.009677885}
{"level":"INFO","time":"2025-06-25T10:54:22.915+0800","caller":"middleware/logger.go:25","msg":"/api/v1/categories","hostname":"Johnny","status":200,"method":"GET","path":"/api/v1/categories","query":"","ip":"127.0.0.1","user-agent":"PostmanRuntime/7.28.4","errors":"","cost":0.011748562}
{"level":"INFO","time":"2025-06-25T11:04:27.523+0800","caller":"middleware/logger.go:25","msg":"/api/v1/category/1","hostname":"Johnny","status":200,"method":"GET","path":"/api/v1/category/1","query":"","ip":"127.0.0.1","user-agent":"PostmanRuntime/7.28.4","errors":"","cost":0.022454619}
{"level":"INFO","time":"2025-06-25T11:12:08.813+0800","caller":"middleware/logger.go:25","msg":"/api/v1/category/1","hostname":"Johnny","status":400,"method":"PUT","path":"/api/v1/category/1","query":"","ip":"127.0.0.1","user-agent":"PostmanRuntime/7.28.4","errors":"","cost":0.000071988}
{"level":"INFO","time":"2025-06-25T11:13:23.624+0800","caller":"middleware/logger.go:25","msg":"/api/v1/category/1","hostname":"Johnny","status":200,"method":"PUT","path":"/api/v1/category/1","query":"","ip":"127.0.0.1","user-agent":"PostmanRuntime/7.28.4","errors":"","cost":0.059003109}
{"level":"INFO","time":"2025-06-25T11:13:51.017+0800","caller":"middleware/logger.go:25","msg":"/api/v1/category/1","hostname":"Johnny","status":200,"method":"DELETE","path":"/api/v1/category/1","query":"","ip":"127.0.0.1","user-agent":"PostmanRuntime/7.28.4","errors":"","cost":0.062737519}
{"level":"INFO","time":"2025-06-25T11:14:44.541+0800","caller":"middleware/logger.go:25","msg":"/api/v1/categories","hostname":"Johnny","status":200,"method":"GET","path":"/api/v1/categories","query":"","ip":"127.0.0.1","user-agent":"PostmanRuntime/7.28.4","errors":"","cost":0.005269762}
{"level":"INFO","time":"2025-06-25T13:45:57.088+0800","caller":"middleware/logger.go:25","msg":"/api/v1/categories","hostname":"Johnny","status":200,"method":"GET","path":"/api/v1/categories","query":"","ip":"127.0.0.1","user-agent":"PostmanRuntime/7.28.4","errors":"","cost":0.006538149}
{"level":"INFO","time":"2025-06-25T13:46:38.276+0800","caller":"middleware/logger.go:25","msg":"/api/v1/category","hostname":"Johnny","status":200,"method":"POST","path":"/api/v1/category","query":"","ip":"127.0.0.1","user-agent":"PostmanRuntime/7.28.4","errors":"","cost":0.016697509}
{"level":"INFO","time":"2025-06-25T13:46:42.320+0800","caller":"middleware/logger.go:25","msg":"/api/v1/category","hostname":"Johnny","status":400,"method":"POST","path":"/api/v1/category","query":"","ip":"127.0.0.1","user-agent":"PostmanRuntime/7.28.4","errors":"","cost":0.018004833}
{"level":"INFO","time":"2025-06-25T13:47:36.536+0800","caller":"middleware/logger.go:25","msg":"/api/v1/category","hostname":"Johnny","status":200,"method":"POST","path":"/api/v1/category","query":"","ip":"127.0.0.1","user-agent":"PostmanRuntime/7.28.4","errors":"","cost":0.015453644}
{"level":"INFO","time":"2025-06-25T13:47:43.353+0800","caller":"middleware/logger.go:25","msg":"/api/v1/category","hostname":"Johnny","status":200,"method":"POST","path":"/api/v1/category","query":"","ip":"127.0.0.1","user-agent":"PostmanRuntime/7.28.4","errors":"","cost":0.015043419}
{"level":"INFO","time":"2025-06-25T13:47:59.603+0800","caller":"middleware/logger.go:25","msg":"/api/v1/categories","hostname":"Johnny","status":200,"method":"GET","path":"/api/v1/categories","query":"","ip":"127.0.0.1","user-agent":"PostmanRuntime/7.28.4","errors":"","cost":0.008631686}
{"level":"INFO","time":"2025-06-25T13:49:07.477+0800","caller":"middleware/logger.go:25","msg":"/api/v1/categories","hostname":"Johnny","status":200,"method":"GET","path":"/api/v1/categories","query":"page=2&page_size=5","ip":"127.0.0.1","user-agent":"PostmanRuntime/7.28.4","errors":"","cost":0.006444255}
{"level":"INFO","time":"2025-06-25T13:49:18.655+0800","caller":"middleware/logger.go:25","msg":"/api/v1/categories","hostname":"Johnny","status":200,"method":"GET","path":"/api/v1/categories","query":"page=1&page_size=5","ip":"127.0.0.1","user-agent":"PostmanRuntime/7.28.4","errors":"","cost":0.008035631}
{"level":"INFO","time":"2025-06-25T13:52:36.117+0800","caller":"middleware/logger.go:25","msg":"/api/v1/category","hostname":"Johnny","status":200,"method":"POST","path":"/api/v1/category","query":"","ip":"127.0.0.1","user-agent":"PostmanRuntime/7.28.4","errors":"","cost":0.027180428}
{"level":"INFO","time":"2025-06-25T13:52:42.272+0800","caller":"middleware/logger.go:25","msg":"/api/v1/categories","hostname":"Johnny","status":200,"method":"GET","path":"/api/v1/categories","query":"page=1&page_size=5","ip":"127.0.0.1","user-agent":"PostmanRuntime/7.28.4","errors":"","cost":0.007578553}
{"level":"INFO","time":"2025-06-25T13:52:48.904+0800","caller":"middleware/logger.go:25","msg":"/api/v1/categories","hostname":"Johnny","status":200,"method":"GET","path":"/api/v1/categories","query":"page=2&page_size=5","ip":"127.0.0.1","user-agent":"PostmanRuntime/7.28.4","errors":"","cost":0.007314176}
{"level":"INFO","time":"2025-06-25T13:53:07.144+0800","caller":"middleware/logger.go:25","msg":"/api/v1/categories","hostname":"Johnny","status":200,"method":"GET","path":"/api/v1/categories","query":"page=3&page_size=5","ip":"127.0.0.1","user-agent":"PostmanRuntime/7.28.4","errors":"","cost":0.007205751}
{"level":"INFO","time":"2025-06-25T13:53:26.976+0800","caller":"middleware/logger.go:25","msg":"/api/v1/categories","hostname":"Johnny","status":200,"method":"GET","path":"/api/v1/categories","query":"page=1&page_size=5","ip":"127.0.0.1","user-agent":"PostmanRuntime/7.28.4","errors":"","cost":0.009358068}
{"level":"INFO","time":"2025-06-25T14:43:40.046+0800","caller":"middleware/logger.go:25","msg":"/api/v1/categories","hostname":"Johnny","status":200,"method":"GET","path":"/api/v1/categories","query":"page=1&page_size=5","ip":"127.0.0.1","user-agent":"PostmanRuntime/7.28.4","errors":"","cost":0.009231456}
{"level":"INFO","time":"2025-06-25T14:54:15.584+0800","caller":"middleware/logger.go:25","msg":"/api/v1/categories","hostname":"Johnny","status":200,"method":"GET","path":"/api/v1/categories","query":"page=1&page_size=5","ip":"127.0.0.1","user-agent":"PostmanRuntime/7.28.4","errors":"","cost":0.013073388}
{"level":"INFO","time":"2025-06-25T14:54:41.192+0800","caller":"middleware/logger.go:25","msg":"/api/v1/categories","hostname":"Johnny","status":200,"method":"GET","path":"/api/v1/categories","query":"page=2&page_size=5","ip":"127.0.0.1","user-agent":"PostmanRuntime/7.28.4","errors":"","cost":0.012714486}
{"level":"INFO","time":"2025-06-25T14:55:40.650+0800","caller":"middleware/logger.go:25","msg":"/api/v1/category","hostname":"Johnny","status":200,"method":"POST","path":"/api/v1/category","query":"","ip":"127.0.0.1","user-agent":"PostmanRuntime/7.28.4","errors":"","cost":0.021442454}
{"level":"INFO","time":"2025-06-25T14:55:58.328+0800","caller":"middleware/logger.go:25","msg":"/api/v1/category/1","hostname":"Johnny","status":400,"method":"GET","path":"/api/v1/category/1","query":"","ip":"127.0.0.1","user-agent":"PostmanRuntime/7.28.4","errors":"","cost":0.008664715}
{"level":"INFO","time":"2025-06-25T15:13:39.107+0800","caller":"middleware/logger.go:25","msg":"/api/v1/category/1","hostname":"Johnny","status":400,"method":"GET","path":"/api/v1/category/1","query":"","ip":"127.0.0.1","user-agent":"PostmanRuntime/7.28.4","errors":"","cost":0.026209085}
{"level":"INFO","time":"2025-06-25T15:13:51.318+0800","caller":"middleware/logger.go:25","msg":"/api/v1/categories","hostname":"Johnny","status":200,"method":"GET","path":"/api/v1/categories","query":"page=2&page_size=5","ip":"127.0.0.1","user-agent":"PostmanRuntime/7.28.4","errors":"","cost":0.011215222}
{"level":"INFO","time":"2025-06-25T15:14:18.360+0800","caller":"middleware/logger.go:25","msg":"/api/v1/category","hostname":"Johnny","status":200,"method":"POST","path":"/api/v1/category","query":"","ip":"127.0.0.1","user-agent":"PostmanRuntime/7.28.4","errors":"","cost":0.021079189}
{"level":"INFO","time":"2025-06-25T15:18:02.981+0800","caller":"middleware/logger.go:25","msg":"/api/v1/categories","hostname":"Johnny","status":200,"method":"GET","path":"/api/v1/categories","query":"page=1&page_size=5","ip":"127.0.0.1","user-agent":"PostmanRuntime/7.28.4","errors":"","cost":0.013181428}
{"level":"INFO","time":"2025-06-25T15:19:15.920+0800","caller":"middleware/logger.go:25","msg":"/api/v1/category/1","hostname":"Johnny","status":400,"method":"GET","path":"/api/v1/category/1","query":"","ip":"127.0.0.1","user-agent":"PostmanRuntime/7.28.4","errors":"","cost":0.008255142}
{"level":"INFO","time":"2025-06-25T15:19:48.626+0800","caller":"middleware/logger.go:25","msg":"/api/v1/category/2","hostname":"Johnny","status":200,"method":"GET","path":"/api/v1/category/2","query":"","ip":"127.0.0.1","user-agent":"PostmanRuntime/7.28.4","errors":"","cost":0.005994695}
{"level":"INFO","time":"2025-06-25T15:20:14.154+0800","caller":"middleware/logger.go:25","msg":"/api/v1/category","hostname":"Johnny","status":400,"method":"POST","path":"/api/v1/category","query":"","ip":"127.0.0.1","user-agent":"PostmanRuntime/7.28.4","errors":"","cost":0.031827323}
{"level":"INFO","time":"2025-06-25T15:21:09.179+0800","caller":"middleware/logger.go:25","msg":"/api/v1/category","hostname":"Johnny","status":200,"method":"POST","path":"/api/v1/category","query":"","ip":"127.0.0.1","user-agent":"PostmanRuntime/7.28.4","errors":"","cost":0.025834103}
{"level":"INFO","time":"2025-06-25T15:21:20.924+0800","caller":"middleware/logger.go:25","msg":"/api/v1/category/1","hostname":"Johnny","status":200,"method":"DELETE","path":"/api/v1/category/1","query":"","ip":"127.0.0.1","user-agent":"PostmanRuntime/7.28.4","errors":"","cost":0.012407989}
{"level":"INFO","time":"2025-06-25T15:30:39.730+0800","caller":"middleware/logger.go:25","msg":"/api/v1/category/1","hostname":"Johnny","status":400,"method":"DELETE","path":"/api/v1/category/1","query":"","ip":"127.0.0.1","user-agent":"PostmanRuntime/7.28.4","errors":"","cost":0.005925956}
{"level":"INFO","time":"2025-06-25T15:30:48.533+0800","caller":"middleware/logger.go:25","msg":"/api/v1/category","hostname":"Johnny","status":400,"method":"POST","path":"/api/v1/category","query":"","ip":"127.0.0.1","user-agent":"PostmanRuntime/7.28.4","errors":"","cost":0.009123267}
{"level":"INFO","time":"2025-06-25T15:32:47.516+0800","caller":"middleware/logger.go:25","msg":"/api/v1/category/1","hostname":"Johnny","status":200,"method":"PUT","path":"/api/v1/category/1","query":"","ip":"127.0.0.1","user-agent":"PostmanRuntime/7.28.4","errors":"","cost":0.013797784}
{"level":"INFO","time":"2025-06-25T15:33:15.417+0800","caller":"middleware/logger.go:25","msg":"/api/v1/category/1","hostname":"Johnny","status":200,"method":"PUT","path":"/api/v1/category/1","query":"","ip":"127.0.0.1","user-agent":"PostmanRuntime/7.28.4","errors":"","cost":0.0140973}
{"level":"INFO","time":"2025-06-25T15:34:11.090+0800","caller":"middleware/logger.go:25","msg":"/api/v1/category/1","hostname":"Johnny","status":400,"method":"PUT","path":"/api/v1/category/1","query":"","ip":"127.0.0.1","user-agent":"PostmanRuntime/7.28.4","errors":"","cost":0.010021174}
{"level":"INFO","time":"2025-06-25T15:54:41.975+0800","caller":"middleware/logger.go:25","msg":"/api/v1/category/1","hostname":"Johnny","status":400,"method":"GET","path":"/api/v1/category/1","query":"","ip":"127.0.0.1","user-agent":"PostmanRuntime/7.28.4","errors":"","cost":0.111366932}
{"level":"INFO","time":"2025-06-26T13:28:05.597+0800","caller":"middleware/logger.go:25","msg":"/api/v1/category/1","hostname":"Johnny","status":400,"method":"GET","path":"/api/v1/category/1","query":"","ip":"127.0.0.1","user-agent":"PostmanRuntime/7.28.4","errors":"","cost":0.009170897}
{"level":"INFO","time":"2025-06-26T13:28:09.776+0800","caller":"middleware/logger.go:25","msg":"/api/v1/category/2","hostname":"Johnny","status":200,"method":"GET","path":"/api/v1/category/2","query":"","ip":"127.0.0.1","user-agent":"PostmanRuntime/7.28.4","errors":"","cost":0.012002867}
{"level":"INFO","time":"2025-06-26T13:28:19.113+0800","caller":"middleware/logger.go:25","msg":"/api/v1/categories","hostname":"Johnny","status":200,"method":"GET","path":"/api/v1/categories","query":"page=1&page_size=5","ip":"127.0.0.1","user-agent":"PostmanRuntime/7.28.4","errors":"","cost":0.011212485}
{"level":"INFO","time":"2025-06-26T13:28:41.274+0800","caller":"middleware/logger.go:25","msg":"/api/v1/category","hostname":"Johnny","status":200,"method":"POST","path":"/api/v1/category","query":"","ip":"127.0.0.1","user-agent":"PostmanRuntime/7.28.4","errors":"","cost":0.083433144}
{"level":"INFO","time":"2025-06-26T13:28:48.658+0800","caller":"middleware/logger.go:25","msg":"/api/v1/category","hostname":"Johnny","status":400,"method":"POST","path":"/api/v1/category","query":"","ip":"127.0.0.1","user-agent":"PostmanRuntime/7.28.4","errors":"","cost":0.007807145}
{"level":"INFO","time":"2025-06-26T13:29:14.563+0800","caller":"middleware/logger.go:25","msg":"/api/v1/category/1","hostname":"Johnny","status":400,"method":"PUT","path":"/api/v1/category/1","query":"","ip":"127.0.0.1","user-agent":"PostmanRuntime/7.28.4","errors":"","cost":0.009736183}
{"level":"INFO","time":"2025-06-26T13:29:18.994+0800","caller":"middleware/logger.go:25","msg":"/api/v1/category/3","hostname":"Johnny","status":200,"method":"PUT","path":"/api/v1/category/3","query":"","ip":"127.0.0.1","user-agent":"PostmanRuntime/7.28.4","errors":"","cost":0.023277602}
{"level":"INFO","time":"2025-06-26T13:29:39.977+0800","caller":"middleware/logger.go:25","msg":"/api/v1/category/3","hostname":"Johnny","status":200,"method":"GET","path":"/api/v1/category/3","query":"","ip":"127.0.0.1","user-agent":"PostmanRuntime/7.28.4","errors":"","cost":0.013089398}
{"level":"INFO","time":"2025-06-26T13:32:17.829+0800","caller":"middleware/logger.go:25","msg":"/api/v1/category/3","hostname":"Johnny","status":200,"method":"PUT","path":"/api/v1/category/3","query":"","ip":"127.0.0.1","user-agent":"PostmanRuntime/7.28.4","errors":"","cost":0.030777846}
{"level":"INFO","time":"2025-06-26T13:40:20.701+0800","caller":"middleware/logger.go:25","msg":"/api/v1/category/3","hostname":"Johnny","status":200,"method":"PUT","path":"/api/v1/category/3","query":"","ip":"127.0.0.1","user-agent":"PostmanRuntime/7.28.4","errors":"","cost":0.03990506}
{"level":"INFO","time":"2025-06-26T13:44:19.186+0800","caller":"middleware/logger.go:25","msg":"/api/v1/category/3","hostname":"Johnny","status":400,"method":"PUT","path":"/api/v1/category/3","query":"","ip":"127.0.0.1","user-agent":"PostmanRuntime/7.28.4","errors":"","cost":0.041352188}
{"level":"INFO","time":"2025-06-26T13:44:39.164+0800","caller":"middleware/logger.go:25","msg":"/api/v1/categories","hostname":"Johnny","status":200,"method":"GET","path":"/api/v1/categories","query":"page=1&page_size=5","ip":"127.0.0.1","user-agent":"PostmanRuntime/7.28.4","errors":"","cost":0.012612083}
{"level":"INFO","time":"2025-06-26T13:46:23.959+0800","caller":"middleware/logger.go:25","msg":"/api/v1/category/3","hostname":"Johnny","status":400,"method":"PUT","path":"/api/v1/category/3","query":"","ip":"127.0.0.1","user-agent":"PostmanRuntime/7.28.4","errors":"","cost":0.033851936}
{"level":"INFO","time":"2025-06-26T13:46:26.997+0800","caller":"middleware/logger.go:25","msg":"/api/v1/category/3","hostname":"Johnny","status":400,"method":"PUT","path":"/api/v1/category/3","query":"","ip":"127.0.0.1","user-agent":"PostmanRuntime/7.28.4","errors":"","cost":0.02596563}
{"level":"INFO","time":"2025-06-26T13:46:59.383+0800","caller":"middleware/logger.go:25","msg":"/api/v1/category/3","hostname":"Johnny","status":200,"method":"PUT","path":"/api/v1/category/3","query":"","ip":"127.0.0.1","user-agent":"PostmanRuntime/7.28.4","errors":"","cost":0.065984513}
{"level":"INFO","time":"2025-06-26T13:50:25.433+0800","caller":"middleware/logger.go:25","msg":"/api/v1/category/4","hostname":"Johnny","status":400,"method":"PUT","path":"/api/v1/category/4","query":"","ip":"127.0.0.1","user-agent":"PostmanRuntime/7.28.4","errors":"","cost":0.032055935}
{"level":"INFO","time":"2025-06-26T13:56:19.585+0800","caller":"middleware/logger.go:25","msg":"/api/v1/post   ","hostname":"Johnny","status":404,"method":"POST","path":"/api/v1/post   ","query":"","ip":"127.0.0.1","user-agent":"PostmanRuntime/7.28.4","errors":"","cost":0.000000967}
{"level":"INFO","time":"2025-06-26T13:56:26.260+0800","caller":"middleware/logger.go:25","msg":"/api/v1/post  ","hostname":"Johnny","status":404,"method":"POST","path":"/api/v1/post  ","query":"","ip":"127.0.0.1","user-agent":"PostmanRuntime/7.28.4","errors":"","cost":0.00000072}
{"level":"INFO","time":"2025-06-26T13:56:37.102+0800","caller":"middleware/logger.go:25","msg":"/api/v1/post","hostname":"Johnny","status":500,"method":"POST","path":"/api/v1/post","query":"","ip":"127.0.0.1","user-agent":"PostmanRuntime/7.28.4","errors":"","cost":0.021130285}
{"level":"INFO","time":"2025-06-26T13:57:32.839+0800","caller":"middleware/logger.go:25","msg":"/api/v1/post","hostname":"Johnny","status":500,"method":"POST","path":"/api/v1/post","query":"","ip":"127.0.0.1","user-agent":"PostmanRuntime/7.28.4","errors":"","cost":0.025887887}
{"level":"INFO","time":"2025-06-26T13:58:06.854+0800","caller":"middleware/logger.go:25","msg":"/api/v1/post","hostname":"Johnny","status":500,"method":"POST","path":"/api/v1/post","query":"","ip":"127.0.0.1","user-agent":"PostmanRuntime/7.28.4","errors":"","cost":0.015139616}
{"level":"INFO","time":"2025-06-26T15:02:04.602+0800","caller":"middleware/logger.go:25","msg":"/api/v1/tag","hostname":"Johnny","status":200,"method":"POST","path":"/api/v1/tag","query":"","ip":"127.0.0.1","user-agent":"PostmanRuntime/7.28.4","errors":"","cost":0.033996057}
{"level":"INFO","time":"2025-06-26T15:02:15.444+0800","caller":"middleware/logger.go:25","msg":"/api/v1/tag","hostname":"Johnny","status":200,"method":"POST","path":"/api/v1/tag","query":"","ip":"127.0.0.1","user-agent":"PostmanRuntime/7.28.4","errors":"","cost":0.024924651}
{"level":"INFO","time":"2025-06-26T15:02:29.285+0800","caller":"middleware/logger.go:25","msg":"/api/v1/tag","hostname":"Johnny","status":200,"method":"POST","path":"/api/v1/tag","query":"","ip":"127.0.0.1","user-agent":"PostmanRuntime/7.28.4","errors":"","cost":0.025471189}
{"level":"INFO","time":"2025-06-26T15:03:12.702+0800","caller":"middleware/logger.go:25","msg":"/api/v1/tag","hostname":"Johnny","status":200,"method":"POST","path":"/api/v1/tag","query":"","ip":"127.0.0.1","user-agent":"PostmanRuntime/7.28.4","errors":"","cost":0.027182463}
{"level":"INFO","time":"2025-06-26T15:03:42.511+0800","caller":"middleware/logger.go:25","msg":"/api/v1/tag","hostname":"Johnny","status":200,"method":"POST","path":"/api/v1/tag","query":"","ip":"127.0.0.1","user-agent":"PostmanRuntime/7.28.4","errors":"","cost":0.024909555}
{"level":"INFO","time":"2025-06-26T15:03:49.726+0800","caller":"middleware/logger.go:25","msg":"/api/v1/tag","hostname":"Johnny","status":200,"method":"POST","path":"/api/v1/tag","query":"","ip":"127.0.0.1","user-agent":"PostmanRuntime/7.28.4","errors":"","cost":0.025926468}
{"level":"INFO","time":"2025-06-26T15:03:57.711+0800","caller":"middleware/logger.go:25","msg":"/api/v1/tag","hostname":"Johnny","status":200,"method":"POST","path":"/api/v1/tag","query":"","ip":"127.0.0.1","user-agent":"PostmanRuntime/7.28.4","errors":"","cost":0.041839789}
{"level":"INFO","time":"2025-06-26T15:04:07.659+0800","caller":"middleware/logger.go:25","msg":"/api/v1/tag","hostname":"Johnny","status":200,"method":"POST","path":"/api/v1/tag","query":"","ip":"127.0.0.1","user-agent":"PostmanRuntime/7.28.4","errors":"","cost":0.152479428}
{"level":"INFO","time":"2025-06-26T15:04:12.100+0800","caller":"middleware/logger.go:25","msg":"/api/v1/tag","hostname":"Johnny","status":200,"method":"POST","path":"/api/v1/tag","query":"","ip":"127.0.0.1","user-agent":"PostmanRuntime/7.28.4","errors":"","cost":0.025303275}
{"level":"INFO","time":"2025-06-26T15:04:28.176+0800","caller":"middleware/logger.go:25","msg":"/api/v1/tag","hostname":"Johnny","status":200,"method":"POST","path":"/api/v1/tag","query":"","ip":"127.0.0.1","user-agent":"PostmanRuntime/7.28.4","errors":"","cost":0.026237822}
{"level":"INFO","time":"2025-06-26T15:04:51.139+0800","caller":"middleware/logger.go:25","msg":"/api/v1/tag/1","hostname":"Johnny","status":200,"method":"GET","path":"/api/v1/tag/1","query":"","ip":"127.0.0.1","user-agent":"PostmanRuntime/7.28.4","errors":"","cost":0.007924689}
{"level":"INFO","time":"2025-06-26T15:12:41.015+0800","caller":"middleware/logger.go:25","msg":"/api/v1/tag/1","hostname":"Johnny","status":200,"method":"GET","path":"/api/v1/tag/1","query":"","ip":"127.0.0.1","user-agent":"PostmanRuntime/7.28.4","errors":"","cost":0.010393171}
{"level":"INFO","time":"2025-06-26T15:15:29.688+0800","caller":"middleware/logger.go:25","msg":"/api/v1/tags","hostname":"Johnny","status":200,"method":"GET","path":"/api/v1/tags","query":"","ip":"127.0.0.1","user-agent":"PostmanRuntime/7.28.4","errors":"","cost":0.003421148}
{"level":"INFO","time":"2025-06-26T15:17:06.436+0800","caller":"middleware/logger.go:25","msg":"/api/v1/tag/1","hostname":"Johnny","status":200,"method":"PUT","path":"/api/v1/tag/1","query":"","ip":"127.0.0.1","user-agent":"PostmanRuntime/7.28.4","errors":"","cost":0.025957868}
{"level":"INFO","time":"2025-06-26T15:17:30.358+0800","caller":"middleware/logger.go:25","msg":"/api/v1/tag/1","hostname":"Johnny","status":200,"method":"GET","path":"/api/v1/tag/1","query":"","ip":"127.0.0.1","user-agent":"PostmanRuntime/7.28.4","errors":"","cost":0.008257561}
{"level":"INFO","time":"2025-06-26T15:17:36.946+0800","caller":"middleware/logger.go:25","msg":"/api/v1/tag/2","hostname":"Johnny","status":200,"method":"GET","path":"/api/v1/tag/2","query":"","ip":"127.0.0.1","user-agent":"PostmanRuntime/7.28.4","errors":"","cost":0.006368757}
{"level":"INFO","time":"2025-06-26T16:15:52.107+0800","caller":"middleware/logger.go:25","msg":"/api/v1/tag/2","hostname":"Johnny","status":200,"method":"GET","path":"/api/v1/tag/2","query":"","ip":"127.0.0.1","user-agent":"PostmanRuntime/7.28.4","errors":"","cost":0.00730491}
{"level":"INFO","time":"2025-06-26T16:18:07.553+0800","caller":"middleware/logger.go:25","msg":"/api/v1/tag/2","hostname":"Johnny","status":200,"method":"GET","path":"/api/v1/tag/2","query":"","ip":"127.0.0.1","user-agent":"PostmanRuntime/7.28.4","errors":"","cost":0.000295847}
{"level":"INFO","time":"2025-06-26T16:19:19.179+0800","caller":"middleware/logger.go:25","msg":"/api/v1/tag/3","hostname":"Johnny","status":200,"method":"GET","path":"/api/v1/tag/3","query":"","ip":"127.0.0.1","user-agent":"PostmanRuntime/7.28.4","errors":"","cost":0.000074783}
{"level":"INFO","time":"2025-06-26T16:19:38.777+0800","caller":"middleware/logger.go:25","msg":"/api/v1/tags","hostname":"Johnny","status":500,"method":"GET","path":"/api/v1/tags","query":"","ip":"127.0.0.1","user-agent":"PostmanRuntime/7.28.4","errors":"","cost":0.000029281}
{"level":"INFO","time":"2025-06-26T16:25:04.405+0800","caller":"middleware/logger.go:25","msg":"/api/v1/tag/3","hostname":"Johnny","status":200,"method":"GET","path":"/api/v1/tag/3","query":"","ip":"127.0.0.1","user-agent":"PostmanRuntime/7.28.4","errors":"","cost":0.017876793}
{"level":"INFO","time":"2025-06-26T16:31:42.987+0800","caller":"middleware/logger.go:25","msg":"/api/v1/tags","hostname":"Johnny","status":200,"method":"GET","path":"/api/v1/tags","query":"","ip":"127.0.0.1","user-agent":"PostmanRuntime/7.28.4","errors":"","cost":0.031684214}
{"level":"INFO","time":"2025-06-26T16:36:15.444+0800","caller":"middleware/logger.go:25","msg":"/api/v1/tag/1","hostname":"Johnny","status":200,"method":"GET","path":"/api/v1/tag/1","query":"","ip":"127.0.0.1","user-agent":"PostmanRuntime/7.28.4","errors":"","cost":0.034958441}
{"level":"INFO","time":"2025-06-26T16:53:05.144+0800","caller":"middleware/logger.go:25","msg":"/api/v1/post","hostname":"Johnny","status":500,"method":"POST","path":"/api/v1/post","query":"","ip":"127.0.0.1","user-agent":"PostmanRuntime/7.28.4","errors":"","cost":0.039246358}
{"level":"INFO","time":"2025-06-26T16:54:27.065+0800","caller":"middleware/logger.go:25","msg":"/api/v1/post/1","hostname":"Johnny","status":500,"method":"GET","path":"/api/v1/post/1","query":"","ip":"127.0.0.1","user-agent":"PostmanRuntime/7.28.4","errors":"","cost":0.050673563}
{"level":"INFO","time":"2025-06-26T16:55:42.119+0800","caller":"middleware/logger.go:25","msg":"/api/v1/posts/published","hostname":"Johnny","status":500,"method":"GET","path":"/api/v1/posts/published","query":"","ip":"127.0.0.1","user-agent":"PostmanRuntime/7.28.4","errors":"","cost":0.006945352}
{"level":"INFO","time":"2025-06-26T17:47:49.528+0800","caller":"middleware/logger.go:25","msg":"/api/v1/posts/published","hostname":"Johnny","status":200,"method":"GET","path":"/api/v1/posts/published","query":"","ip":"127.0.0.1","user-agent":"PostmanRuntime/7.28.4","errors":"","cost":0.045590016}
{"level":"INFO","time":"2025-06-26T18:00:00.144+0800","caller":"middleware/logger.go:25","msg":"/api/v1/posts/published","hostname":"Johnny","status":200,"method":"GET","path":"/api/v1/posts/published","query":"","ip":"127.0.0.1","user-agent":"PostmanRuntime/7.28.4","errors":"","cost":0.079667539}
{"level":"INFO","time":"2025-06-26T18:06:03.608+0800","caller":"middleware/logger.go:25","msg":"/api/v1/posts/published","hostname":"Johnny","status":200,"method":"GET","path":"/api/v1/posts/published","query":"","ip":"127.0.0.1","user-agent":"PostmanRuntime/7.28.4","errors":"","cost":0.067416505}
{"level":"INFO","time":"2025-06-27T10:41:07.424+0800","caller":"middleware/logger.go:25","msg":"/api/v1/posts/drafts","hostname":"Johnny","status":200,"method":"GET","path":"/api/v1/posts/drafts","query":"","ip":"127.0.0.1","user-agent":"PostmanRuntime/7.28.4","errors":"","cost":0.081525389}
{"level":"INFO","time":"2025-06-27T10:42:31.855+0800","caller":"middleware/logger.go:25","msg":"/api/v1/posts/published","hostname":"Johnny","status":200,"method":"GET","path":"/api/v1/posts/published","query":"","ip":"127.0.0.1","user-agent":"PostmanRuntime/7.28.4","errors":"","cost":0.04936239}
{"level":"INFO","time":"2025-06-27T10:43:02.720+0800","caller":"middleware/logger.go:25","msg":"/api/v1/posts/drafts","hostname":"Johnny","status":200,"method":"GET","path":"/api/v1/posts/drafts","query":"","ip":"127.0.0.1","user-agent":"PostmanRuntime/7.28.4","errors":"","cost":0.830369388}
{"level":"INFO","time":"2025-06-27T10:47:56.567+0800","caller":"middleware/logger.go:25","msg":"/api/v1/posts/published","hostname":"Johnny","status":200,"method":"GET","path":"/api/v1/posts/published","query":"","ip":"127.0.0.1","user-agent":"PostmanRuntime/7.28.4","errors":"","cost":0.054938551}
{"level":"INFO","time":"2025-06-27T10:48:59.070+0800","caller":"middleware/logger.go:25","msg":"/api/v1/posts/published","hostname":"Johnny","status":200,"method":"GET","path":"/api/v1/posts/published","query":"","ip":"127.0.0.1","user-agent":"PostmanRuntime/7.28.4","errors":"","cost":0.055021733}
{"level":"INFO","time":"2025-06-27T10:49:11.292+0800","caller":"middleware/logger.go:25","msg":"/api/v1/posts/drafts","hostname":"Johnny","status":200,"method":"GET","path":"/api/v1/posts/drafts","query":"","ip":"127.0.0.1","user-agent":"PostmanRuntime/7.28.4","errors":"","cost":0.047923945}
{"level":"INFO","time":"2025-06-27T10:50:30.721+0800","caller":"middleware/logger.go:25","msg":"/api/v1/posts/drafts","hostname":"Johnny","status":200,"method":"GET","path":"/api/v1/posts/drafts","query":"","ip":"127.0.0.1","user-agent":"PostmanRuntime/7.28.4","errors":"","cost":0.044548692}
{"level":"INFO","time":"2025-06-27T10:50:36.043+0800","caller":"middleware/logger.go:25","msg":"/api/v1/posts/published","hostname":"Johnny","status":200,"method":"GET","path":"/api/v1/posts/published","query":"","ip":"127.0.0.1","user-agent":"PostmanRuntime/7.28.4","errors":"","cost":0.04871574}
{"level":"INFO","time":"2025-06-27T10:52:13.565+0800","caller":"middleware/logger.go:25","msg":"/api/v1/posts/hot","hostname":"Johnny","status":200,"method":"GET","path":"/api/v1/posts/hot","query":"","ip":"127.0.0.1","user-agent":"PostmanRuntime/7.28.4","errors":"","cost":0.010081607}
{"level":"INFO","time":"2025-06-27T10:53:29.361+0800","caller":"middleware/logger.go:25","msg":"/api/v1/posts/recent","hostname":"Johnny","status":200,"method":"GET","path":"/api/v1/posts/recent","query":"","ip":"127.0.0.1","user-agent":"PostmanRuntime/7.28.4","errors":"","cost":0.009250415}
{"level":"INFO","time":"2025-06-27T10:59:11.206+0800","caller":"middleware/logger.go:25","msg":"/api/v1/posts/recent","hostname":"Johnny","status":200,"method":"GET","path":"/api/v1/posts/recent","query":"","ip":"127.0.0.1","user-agent":"PostmanRuntime/7.28.4","errors":"","cost":0.021475698}
{"level":"INFO","time":"2025-06-27T11:01:21.949+0800","caller":"middleware/logger.go:25","msg":"/api/v1/posts/recent","hostname":"Johnny","status":200,"method":"GET","path":"/api/v1/posts/recent","query":"","ip":"127.0.0.1","user-agent":"PostmanRuntime/7.28.4","errors":"","cost":0.007531358}
{"level":"INFO","time":"2025-06-27T11:08:22.296+0800","caller":"middleware/logger.go:25","msg":"/api/v1/posts/recent","hostname":"Johnny","status":200,"method":"GET","path":"/api/v1/posts/recent","query":"","ip":"127.0.0.1","user-agent":"PostmanRuntime/7.28.4","errors":"","cost":0.020171619}
{"level":"INFO","time":"2025-06-27T11:11:59.743+0800","caller":"middleware/logger.go:25","msg":"/api/v1/posts/sort","hostname":"Johnny","status":200,"method":"GET","path":"/api/v1/posts/sort","query":"","ip":"127.0.0.1","user-agent":"PostmanRuntime/7.28.4","errors":"","cost":0.029752944}
{"level":"INFO","time":"2025-06-27T11:14:06.543+0800","caller":"middleware/logger.go:25","msg":"/api/v1/posts/sort","hostname":"Johnny","status":200,"method":"GET","path":"/api/v1/posts/sort","query":"","ip":"127.0.0.1","user-agent":"PostmanRuntime/7.28.4","errors":"","cost":0.047378032}
{"level":"INFO","time":"2025-06-27T11:15:32.783+0800","caller":"middleware/logger.go:25","msg":"/api/v1/posts/sort","hostname":"Johnny","status":200,"method":"GET","path":"/api/v1/posts/sort","query":"","ip":"127.0.0.1","user-agent":"PostmanRuntime/7.28.4","errors":"","cost":0.046632625}
{"level":"INFO","time":"2025-06-27T11:17:34.960+0800","caller":"middleware/logger.go:25","msg":"/api/v1/post/1","hostname":"Johnny","status":500,"method":"GET","path":"/api/v1/post/1","query":"","ip":"127.0.0.1","user-agent":"PostmanRuntime/7.28.4","errors":"","cost":0.057848256}
{"level":"ERROR","time":"2025-06-27T11:28:57.253+0800","caller":"middleware/recovery.go:45","msg":"[Recovery from panic]","error":"runtime error: invalid memory address or nil pointer dereference","request":"GET /api/v1/post/1 HTTP/1.1\r\nHost: 127.0.0.1:8084\r\nAccept: */*\r\nAccept-Encoding: gzip, deflate, br\r\nCache-Control: no-cache\r\nConnection: keep-alive\r\nPostman-Token: d01bc1d6-9b5a-48de-aff1-82b7ca140026\r\nUser-Agent: PostmanRuntime/7.28.4\r\n\r\n","stack":"goroutine 35 [running]:\nruntime/debug.Stack()\n\t/Users/Johnny/go/pkg/mod/golang.org/toolchain@v0.0.1-go1.24.2.darwin-amd64/src/runtime/debug/stack.go:26 +0x5e\napp/server.New.Recovery.func3.1()\n\t/Users/Johnny/go/src/apps/middleware/recovery.go:48 +0x4d1\npanic({0x29a8a80?, 0x43d9ee0?})\n\t/Users/Johnny/go/pkg/mod/golang.org/toolchain@v0.0.1-go1.24.2.darwin-amd64/src/runtime/panic.go:792 +0x132\napp/service.(*postService).Get(0xc001a25300, 0xc001ac2000, {0xc001ab2011?, 0x276f36f?})\n\t/Users/Johnny/go/src/apps/service/post.go:109 +0x8d\napp/controller.(*PostController).Get(0xc001a689c0, 0xc001ac0000)\n\t/Users/Johnny/go/src/apps/controller/post.go:117 +0xdb\ngithub.com/gin-gonic/gin.(*Context).Next(0xc001ac0000)\n\t/Users/Johnny/go/pkg/mod/github.com/gin-gonic/gin@v1.9.1/context.go:174 +0x2b\napp/server.New.Recovery.func3(0xc000293670?)\n\t/Users/Johnny/go/src/apps/middleware/recovery.go:59 +0x47\ngithub.com/gin-gonic/gin.(*Context).Next(0xc001ac0000)\n\t/Users/Johnny/go/pkg/mod/github.com/gin-gonic/gin@v1.9.1/context.go:174 +0x2b\napp/server.New.LoggerMiddleWare.func2(0xc001ac0000)\n\t/Users/Johnny/go/src/apps/middleware/logger.go:22 +0x75\ngithub.com/gin-gonic/gin.(*Context).Next(...)\n\t/Users/Johnny/go/pkg/mod/github.com/gin-gonic/gin@v1.9.1/context.go:174\napp/middleware.RateLimitMiddleware.func1(0xc001ac0000)\n\t/Users/Johnny/go/src/apps/middleware/ratelimit.go:18 +0xaa\ngithub.com/gin-gonic/gin.(*Context).Next(...)\n\t/Users/Johnny/go/pkg/mod/github.com/gin-gonic/gin@v1.9.1/context.go:174\ngithub.com/gin-gonic/gin.(*Engine).handleHTTPRequest(0xc0018fed00, 0xc001ac0000)\n\t/Users/Johnny/go/pkg/mod/github.com/gin-gonic/gin@v1.9.1/gin.go:620 +0x64e\ngithub.com/gin-gonic/gin.(*Engine).ServeHTTP(0xc0018fed00, {0x2ad21e0, 0xc001aba000}, 0xc0001ee500)\n\t/Users/Johnny/go/pkg/mod/github.com/gin-gonic/gin@v1.9.1/gin.go:576 +0x1aa\nnet/http.serverHandler.ServeHTTP({0xc001a8a330?}, {0x2ad21e0?, 0xc001aba000?}, 0x1?)\n\t/Users/Johnny/go/pkg/mod/golang.org/toolchain@v0.0.1-go1.24.2.darwin-amd64/src/net/http/server.go:3301 +0x8e\nnet/http.(*conn).serve(0xc001aa8090, {0x2ad4010, 0xc001a8a240})\n\t/Users/Johnny/go/pkg/mod/golang.org/toolchain@v0.0.1-go1.24.2.darwin-amd64/src/net/http/server.go:2102 +0x625\ncreated by net/http.(*Server).Serve in goroutine 10\n\t/Users/Johnny/go/pkg/mod/golang.org/toolchain@v0.0.1-go1.24.2.darwin-amd64/src/net/http/server.go:3454 +0x485\n"}
{"level":"INFO","time":"2025-06-27T11:28:57.254+0800","caller":"middleware/logger.go:25","msg":"/api/v1/post/1","hostname":"Johnny","status":500,"method":"GET","path":"/api/v1/post/1","query":"","ip":"127.0.0.1","user-agent":"PostmanRuntime/7.28.4","errors":"","cost":0.141858266}
{"level":"ERROR","time":"2025-06-27T11:29:36.997+0800","caller":"middleware/recovery.go:45","msg":"[Recovery from panic]","error":"runtime error: invalid memory address or nil pointer dereference","request":"GET /api/v1/post/2 HTTP/1.1\r\nHost: 127.0.0.1:8084\r\nAccept: */*\r\nAccept-Encoding: gzip, deflate, br\r\nCache-Control: no-cache\r\nConnection: keep-alive\r\nPostman-Token: 5c2d4731-a333-4d4e-a5e0-553a0e786d10\r\nUser-Agent: PostmanRuntime/7.28.4\r\n\r\n","stack":"goroutine 35 [running]:\nruntime/debug.Stack()\n\t/Users/Johnny/go/pkg/mod/golang.org/toolchain@v0.0.1-go1.24.2.darwin-amd64/src/runtime/debug/stack.go:26 +0x5e\napp/server.New.Recovery.func3.1()\n\t/Users/Johnny/go/src/apps/middleware/recovery.go:48 +0x4d1\npanic({0x29a8a80?, 0x43d9ee0?})\n\t/Users/Johnny/go/pkg/mod/golang.org/toolchain@v0.0.1-go1.24.2.darwin-amd64/src/runtime/panic.go:792 +0x132\napp/service.(*postService).Get(0xc001a25300, 0xc001ac2a80, {0xc001ab2191?, 0x1?})\n\t/Users/Johnny/go/src/apps/service/post.go:109 +0x8d\napp/controller.(*PostController).Get(0xc001a689c0, 0xc001ac0300)\n\t/Users/Johnny/go/src/apps/controller/post.go:117 +0xdb\ngithub.com/gin-gonic/gin.(*Context).Next(0xc001ac0300)\n\t/Users/Johnny/go/pkg/mod/github.com/gin-gonic/gin@v1.9.1/context.go:174 +0x2b\napp/server.New.Recovery.func3(0xc001af3670?)\n\t/Users/Johnny/go/src/apps/middleware/recovery.go:59 +0x47\ngithub.com/gin-gonic/gin.(*Context).Next(0xc001ac0300)\n\t/Users/Johnny/go/pkg/mod/github.com/gin-gonic/gin@v1.9.1/context.go:174 +0x2b\napp/server.New.LoggerMiddleWare.func2(0xc001ac0300)\n\t/Users/Johnny/go/src/apps/middleware/logger.go:22 +0x75\ngithub.com/gin-gonic/gin.(*Context).Next(...)\n\t/Users/Johnny/go/pkg/mod/github.com/gin-gonic/gin@v1.9.1/context.go:174\napp/middleware.RateLimitMiddleware.func1(0xc001ac0300)\n\t/Users/Johnny/go/src/apps/middleware/ratelimit.go:18 +0xaa\ngithub.com/gin-gonic/gin.(*Context).Next(...)\n\t/Users/Johnny/go/pkg/mod/github.com/gin-gonic/gin@v1.9.1/context.go:174\ngithub.com/gin-gonic/gin.(*Engine).handleHTTPRequest(0xc0018fed00, 0xc001ac0300)\n\t/Users/Johnny/go/pkg/mod/github.com/gin-gonic/gin@v1.9.1/gin.go:620 +0x64e\ngithub.com/gin-gonic/gin.(*Engine).ServeHTTP(0xc0018fed00, {0x2ad21e0, 0xc001aba0e0}, 0xc0001ee640)\n\t/Users/Johnny/go/pkg/mod/github.com/gin-gonic/gin@v1.9.1/gin.go:576 +0x1aa\nnet/http.serverHandler.ServeHTTP({0xc001a8a330?}, {0x2ad21e0?, 0xc001aba0e0?}, 0x1?)\n\t/Users/Johnny/go/pkg/mod/golang.org/toolchain@v0.0.1-go1.24.2.darwin-amd64/src/net/http/server.go:3301 +0x8e\nnet/http.(*conn).serve(0xc001aa8090, {0x2ad4010, 0xc001a8a240})\n\t/Users/Johnny/go/pkg/mod/golang.org/toolchain@v0.0.1-go1.24.2.darwin-amd64/src/net/http/server.go:2102 +0x625\ncreated by net/http.(*Server).Serve in goroutine 10\n\t/Users/Johnny/go/pkg/mod/golang.org/toolchain@v0.0.1-go1.24.2.darwin-amd64/src/net/http/server.go:3454 +0x485\n"}
{"level":"INFO","time":"2025-06-27T11:29:36.997+0800","caller":"middleware/logger.go:25","msg":"/api/v1/post/2","hostname":"Johnny","status":500,"method":"GET","path":"/api/v1/post/2","query":"","ip":"127.0.0.1","user-agent":"PostmanRuntime/7.28.4","errors":"","cost":0.09365882}
{"level":"INFO","time":"2025-06-27T11:36:47.522+0800","caller":"middleware/logger.go:25","msg":"/api/v1/post/2","hostname":"Johnny","status":200,"method":"GET","path":"/api/v1/post/2","query":"","ip":"127.0.0.1","user-agent":"PostmanRuntime/7.28.4","errors":"","cost":0.077110212}
{"level":"INFO","time":"2025-06-27T11:39:08.082+0800","caller":"middleware/logger.go:25","msg":"/api/v1/post/2","hostname":"Johnny","status":200,"method":"GET","path":"/api/v1/post/2","query":"","ip":"127.0.0.1","user-agent":"PostmanRuntime/7.28.4","errors":"","cost":0.07863879}
{"level":"INFO","time":"2025-06-27T11:39:54.286+0800","caller":"middleware/logger.go:25","msg":"/api/v1/post/2","hostname":"Johnny","status":200,"method":"GET","path":"/api/v1/post/2","query":"","ip":"127.0.0.1","user-agent":"PostmanRuntime/7.28.4","errors":"","cost":0.077812326}
{"level":"INFO","time":"2025-06-27T11:42:18.011+0800","caller":"middleware/logger.go:25","msg":"/api/v1/post/1","hostname":"Johnny","status":200,"method":"GET","path":"/api/v1/post/1","query":"","ip":"127.0.0.1","user-agent":"PostmanRuntime/7.28.4","errors":"","cost":0.079343186}
{"level":"INFO","time":"2025-06-27T11:42:22.208+0800","caller":"middleware/logger.go:25","msg":"/api/v1/post/1","hostname":"Johnny","status":200,"method":"GET","path":"/api/v1/post/1","query":"","ip":"127.0.0.1","user-agent":"PostmanRuntime/7.28.4","errors":"","cost":0.079586323}
{"level":"INFO","time":"2025-06-27T12:07:34.143+0800","caller":"middleware/logger.go:25","msg":"/api/v1/post","hostname":"Johnny","status":500,"method":"POST","path":"/api/v1/post","query":"","ip":"127.0.0.1","user-agent":"PostmanRuntime/7.28.4","errors":"","cost":0.044250066}
{"level":"INFO","time":"2025-06-27T13:16:40.299+0800","caller":"middleware/logger.go:25","msg":"/api/v1/post","hostname":"Johnny","status":500,"method":"POST","path":"/api/v1/post","query":"","ip":"127.0.0.1","user-agent":"PostmanRuntime/7.28.4","errors":"","cost":0.040926065}
{"level":"INFO","time":"2025-06-27T14:02:38.211+0800","caller":"middleware/logger.go:25","msg":"/api/v1/post","hostname":"Johnny","status":400,"method":"POST","path":"/api/v1/post","query":"","ip":"127.0.0.1","user-agent":"PostmanRuntime/7.28.4","errors":"","cost":0.000375178}
{"level":"INFO","time":"2025-06-27T14:02:47.049+0800","caller":"middleware/logger.go:25","msg":"/api/v1/post","hostname":"Johnny","status":500,"method":"POST","path":"/api/v1/post","query":"","ip":"127.0.0.1","user-agent":"PostmanRuntime/7.28.4","errors":"","cost":0.042045455}
{"level":"INFO","time":"2025-06-27T14:35:52.883+0800","caller":"middleware/logger.go:25","msg":"/api/v1/post","hostname":"Johnny","status":200,"method":"POST","path":"/api/v1/post","query":"","ip":"127.0.0.1","user-agent":"PostmanRuntime/7.28.4","errors":"","cost":0.028979029}
{"level":"INFO","time":"2025-06-27T14:38:00.574+0800","caller":"middleware/logger.go:25","msg":"/api/v1/post","hostname":"Johnny","status":500,"method":"POST","path":"/api/v1/post","query":"","ip":"127.0.0.1","user-agent":"PostmanRuntime/7.28.4","errors":"","cost":1.036387545}
{"level":"INFO","time":"2025-06-27T14:46:56.825+0800","caller":"middleware/logger.go:25","msg":"/api/v1/post","hostname":"Johnny","status":200,"method":"POST","path":"/api/v1/post","query":"","ip":"127.0.0.1","user-agent":"PostmanRuntime/7.28.4","errors":"","cost":0.11781213}
{"level":"INFO","time":"2025-06-27T14:47:58.333+0800","caller":"middleware/logger.go:25","msg":"/api/v1/post","hostname":"Johnny","status":200,"method":"POST","path":"/api/v1/post","query":"","ip":"127.0.0.1","user-agent":"PostmanRuntime/7.28.4","errors":"","cost":0.029826737}
{"level":"INFO","time":"2025-06-27T14:49:36.646+0800","caller":"middleware/logger.go:25","msg":"/api/v1/post/21","hostname":"Johnny","status":200,"method":"DELETE","path":"/api/v1/post/21","query":"","ip":"127.0.0.1","user-agent":"PostmanRuntime/7.28.4","errors":"","cost":0.069133373}
{"level":"INFO","time":"2025-06-27T14:49:57.956+0800","caller":"middleware/logger.go:25","msg":"/api/v1/post/21","hostname":"Johnny","status":200,"method":"GET","path":"/api/v1/post/21","query":"","ip":"127.0.0.1","user-agent":"PostmanRuntime/7.28.4","errors":"","cost":0.070557683}
{"level":"INFO","time":"2025-06-27T14:50:22.587+0800","caller":"middleware/logger.go:25","msg":"/api/v1/post/21","hostname":"Johnny","status":200,"method":"GET","path":"/api/v1/post/21","query":"","ip":"127.0.0.1","user-agent":"PostmanRuntime/7.28.4","errors":"","cost":0.072963822}
{"level":"INFO","time":"2025-06-27T14:51:58.335+0800","caller":"middleware/logger.go:25","msg":"/api/v1/post/21","hostname":"Johnny","status":500,"method":"DELETE","path":"/api/v1/post/21","query":"","ip":"127.0.0.1","user-agent":"PostmanRuntime/7.28.4","errors":"","cost":0.009186837}
{"level":"INFO","time":"2025-06-27T14:56:36.611+0800","caller":"middleware/logger.go:25","msg":"/api/v1/post/21","hostname":"Johnny","status":200,"method":"GET","path":"/api/v1/post/21","query":"","ip":"127.0.0.1","user-agent":"PostmanRuntime/7.28.4","errors":"","cost":0.126594139}
{"level":"INFO","time":"2025-06-27T14:56:52.157+0800","caller":"middleware/logger.go:25","msg":"/api/v1/post/20","hostname":"Johnny","status":200,"method":"PUT","path":"/api/v1/post/20","query":"","ip":"127.0.0.1","user-agent":"PostmanRuntime/7.28.4","errors":"","cost":0.115253305}
{"level":"INFO","time":"2025-06-27T14:59:13.328+0800","caller":"middleware/logger.go:25","msg":"/api/v1/post/20","hostname":"Johnny","status":200,"method":"PUT","path":"/api/v1/post/20","query":"","ip":"127.0.0.1","user-agent":"PostmanRuntime/7.28.4","errors":"","cost":0.033736057}
{"level":"INFO","time":"2025-06-27T15:07:42.431+0800","caller":"middleware/logger.go:25","msg":"/api/v1/post/20","hostname":"Johnny","status":200,"method":"PUT","path":"/api/v1/post/20","query":"","ip":"127.0.0.1","user-agent":"PostmanRuntime/7.28.4","errors":"","cost":0.03094886}
{"level":"INFO","time":"2025-06-27T15:22:01.040+0800","caller":"middleware/logger.go:25","msg":"/api/v1/post/20","hostname":"Johnny","status":200,"method":"PUT","path":"/api/v1/post/20","query":"","ip":"127.0.0.1","user-agent":"PostmanRuntime/7.28.4","errors":"","cost":0.050232539}
{"level":"INFO","time":"2025-06-27T15:23:12.613+0800","caller":"middleware/logger.go:25","msg":"/api/v1/post/20","hostname":"Johnny","status":200,"method":"PUT","path":"/api/v1/post/20","query":"","ip":"127.0.0.1","user-agent":"PostmanRuntime/7.28.4","errors":"","cost":0.037180843}
{"level":"INFO","time":"2025-06-27T15:23:15.673+0800","caller":"middleware/logger.go:25","msg":"/api/v1/post/20","hostname":"Johnny","status":200,"method":"PUT","path":"/api/v1/post/20","query":"","ip":"127.0.0.1","user-agent":"PostmanRuntime/7.28.4","errors":"","cost":0.042111759}
{"level":"INFO","time":"2025-06-27T15:23:21.685+0800","caller":"middleware/logger.go:25","msg":"/api/v1/post/20","hostname":"Johnny","status":200,"method":"PUT","path":"/api/v1/post/20","query":"","ip":"127.0.0.1","user-agent":"PostmanRuntime/7.28.4","errors":"","cost":0.030787582}
{"level":"INFO","time":"2025-06-27T16:41:20.674+0800","caller":"middleware/logger.go:25","msg":"/api/v1/post/1/like","hostname":"Johnny","status":500,"method":"POST","path":"/api/v1/post/1/like","query":"","ip":"127.0.0.1","user-agent":"PostmanRuntime/7.28.4","errors":"","cost":0.018639268}
{"level":"INFO","time":"2025-06-27T16:47:28.027+0800","caller":"middleware/logger.go:25","msg":"/api/v1/post/1/like","hostname":"Johnny","status":200,"method":"POST","path":"/api/v1/post/1/like","query":"","ip":"127.0.0.1","user-agent":"PostmanRuntime/7.28.4","errors":"","cost":0.022875568}
{"level":"INFO","time":"2025-06-27T16:59:03.415+0800","caller":"middleware/logger.go:25","msg":"/api/v1/post/1/like","hostname":"Johnny","status":500,"method":"POST","path":"/api/v1/post/1/like","query":"","ip":"127.0.0.1","user-agent":"PostmanRuntime/7.28.4","errors":"","cost":0.008725905}
{"level":"INFO","time":"2025-06-27T17:00:17.902+0800","caller":"middleware/logger.go:25","msg":"/api/v1/post/1/like","hostname":"Johnny","status":200,"method":"POST","path":"/api/v1/post/1/like","query":"","ip":"127.0.0.1","user-agent":"PostmanRuntime/7.28.4","errors":"","cost":0.042690867}
{"level":"INFO","time":"2025-06-27T17:00:49.747+0800","caller":"middleware/logger.go:25","msg":"/api/v1/post/1/like","hostname":"Johnny","status":500,"method":"DELETE","path":"/api/v1/post/1/like","query":"","ip":"127.0.0.1","user-agent":"PostmanRuntime/7.28.4","errors":"","cost":0.00771901}
{"level":"INFO","time":"2025-06-27T17:01:18.138+0800","caller":"middleware/logger.go:25","msg":"/api/v1/post/1/like","hostname":"Johnny","status":500,"method":"POST","path":"/api/v1/post/1/like","query":"","ip":"127.0.0.1","user-agent":"PostmanRuntime/7.28.4","errors":"","cost":0.009067679}
{"level":"INFO","time":"2025-06-27T17:02:04.125+0800","caller":"middleware/logger.go:25","msg":"/api/v1/post/1/like","hostname":"Johnny","status":200,"method":"DELETE","path":"/api/v1/post/1/like","query":"","ip":"127.0.0.1","user-agent":"PostmanRuntime/7.28.4","errors":"","cost":0.041393644}
{"level":"INFO","time":"2025-06-27T17:04:36.240+0800","caller":"middleware/logger.go:25","msg":"/api/v1/post/1/like/count","hostname":"Johnny","status":200,"method":"GET","path":"/api/v1/post/1/like/count","query":"","ip":"127.0.0.1","user-agent":"PostmanRuntime/7.28.4","errors":"","cost":0.064397759}
{"level":"INFO","time":"2025-06-27T17:08:28.821+0800","caller":"middleware/logger.go:25","msg":"/api/v1/post/1/like","hostname":"Johnny","status":200,"method":"POST","path":"/api/v1/post/1/like","query":"","ip":"127.0.0.1","user-agent":"PostmanRuntime/7.28.4","errors":"","cost":0.197004411}
{"level":"INFO","time":"2025-06-27T17:09:46.177+0800","caller":"middleware/logger.go:25","msg":"/api/v1/post/1/like","hostname":"Johnny","status":500,"method":"POST","path":"/api/v1/post/1/like","query":"","ip":"127.0.0.1","user-agent":"PostmanRuntime/7.28.4","errors":"","cost":0.012172486}
{"level":"INFO","time":"2025-06-27T17:10:02.004+0800","caller":"middleware/logger.go:25","msg":"/api/v1/post/1/like","hostname":"Johnny","status":200,"method":"DELETE","path":"/api/v1/post/1/like","query":"","ip":"127.0.0.1","user-agent":"PostmanRuntime/7.28.4","errors":"","cost":0.048409468}
{"level":"INFO","time":"2025-06-27T17:12:17.967+0800","caller":"middleware/logger.go:25","msg":"/api/v1/post/1/like","hostname":"Johnny","status":500,"method":"DELETE","path":"/api/v1/post/1/like","query":"","ip":"127.0.0.1","user-agent":"PostmanRuntime/7.28.4","errors":"","cost":0.013357985}
{"level":"INFO","time":"2025-06-27T17:12:21.751+0800","caller":"middleware/logger.go:25","msg":"/api/v1/post/1/like","hostname":"Johnny","status":200,"method":"POST","path":"/api/v1/post/1/like","query":"","ip":"127.0.0.1","user-agent":"PostmanRuntime/7.28.4","errors":"","cost":0.04642123}
{"level":"INFO","time":"2025-06-27T17:12:37.957+0800","caller":"middleware/logger.go:25","msg":"/api/v1/post/1/like/count","hostname":"Johnny","status":200,"method":"GET","path":"/api/v1/post/1/like/count","query":"","ip":"127.0.0.1","user-agent":"PostmanRuntime/7.28.4","errors":"","cost":0.008898928}
{"level":"INFO","time":"2025-06-27T17:57:06.751+0800","caller":"middleware/logger.go:25","msg":"/api/v1/favirte","hostname":"Johnny","status":404,"method":"GET","path":"/api/v1/favirte","query":"","ip":"127.0.0.1","user-agent":"PostmanRuntime/7.28.4","errors":"","cost":0.000000507}
{"level":"INFO","time":"2025-06-28T16:16:49.841+0800","caller":"middleware/logger.go:25","msg":"/api/v1/favorites","hostname":"JohnnydeMac-Studio.local","status":200,"method":"GET","path":"/api/v1/favorites","query":"","ip":"127.0.0.1","user-agent":"PostmanRuntime/7.44.1","errors":"","cost":0.114728167}
{"level":"INFO","time":"2025-06-28T19:52:47.627+0800","caller":"middleware/logger.go:25","msg":"/api/v1/favorites","hostname":"JohnnydeMac-Studio.local","status":200,"method":"GET","path":"/api/v1/favorites","query":"","ip":"127.0.0.1","user-agent":"PostmanRuntime/7.44.1","errors":"","cost":0.380836292}
{"level":"INFO","time":"2025-06-28T19:53:10.953+0800","caller":"middleware/logger.go:25","msg":"/api/v1/favorites","hostname":"JohnnydeMac-Studio.local","status":200,"method":"GET","path":"/api/v1/favorites","query":"","ip":"127.0.0.1","user-agent":"PostmanRuntime/7.44.1","errors":"","cost":0.346592083}
{"level":"INFO","time":"2025-06-28T19:54:34.958+0800","caller":"middleware/logger.go:25","msg":"/api/v1/favorites/1","hostname":"JohnnydeMac-Studio.local","status":200,"method":"GET","path":"/api/v1/favorites/1","query":"","ip":"127.0.0.1","user-agent":"PostmanRuntime/7.44.1","errors":"","cost":0.092696084}
{"level":"INFO","time":"2025-06-28T19:58:41.168+0800","caller":"middleware/logger.go:25","msg":"/api/v1/favorites","hostname":"JohnnydeMac-Studio.local","status":200,"method":"POST","path":"/api/v1/favorites","query":"","ip":"127.0.0.1","user-agent":"PostmanRuntime/7.44.1","errors":"","cost":0.137571625}
{"level":"INFO","time":"2025-06-28T19:59:21.395+0800","caller":"middleware/logger.go:25","msg":"/api/v1/favorites","hostname":"JohnnydeMac-Studio.local","status":200,"method":"GET","path":"/api/v1/favorites","query":"","ip":"127.0.0.1","user-agent":"PostmanRuntime/7.44.1","errors":"","cost":0.602385}
{"level":"INFO","time":"2025-06-28T19:59:34.720+0800","caller":"middleware/logger.go:25","msg":"/api/v1/favorites/1","hostname":"JohnnydeMac-Studio.local","status":200,"method":"GET","path":"/api/v1/favorites/1","query":"","ip":"127.0.0.1","user-agent":"PostmanRuntime/7.44.1","errors":"","cost":0.088650625}
{"level":"INFO","time":"2025-06-28T20:03:25.042+0800","caller":"middleware/logger.go:25","msg":"/api/v1/favorites/11","hostname":"JohnnydeMac-Studio.local","status":200,"method":"GET","path":"/api/v1/favorites/11","query":"","ip":"127.0.0.1","user-agent":"PostmanRuntime/7.44.1","errors":"","cost":0.085910083}
{"level":"INFO","time":"2025-06-28T20:03:36.114+0800","caller":"middleware/logger.go:25","msg":"/api/v1/favorites/11","hostname":"JohnnydeMac-Studio.local","status":200,"method":"DELETE","path":"/api/v1/favorites/11","query":"","ip":"127.0.0.1","user-agent":"PostmanRuntime/7.44.1","errors":"","cost":0.738233542}
{"level":"INFO","time":"2025-06-28T20:03:40.199+0800","caller":"middleware/logger.go:25","msg":"/api/v1/favorites/11","hostname":"JohnnydeMac-Studio.local","status":200,"method":"DELETE","path":"/api/v1/favorites/11","query":"","ip":"127.0.0.1","user-agent":"PostmanRuntime/7.44.1","errors":"","cost":0.0433095}
{"level":"INFO","time":"2025-06-28T20:03:42.565+0800","caller":"middleware/logger.go:25","msg":"/api/v1/favorites/11","hostname":"JohnnydeMac-Studio.local","status":200,"method":"DELETE","path":"/api/v1/favorites/11","query":"","ip":"127.0.0.1","user-agent":"PostmanRuntime/7.44.1","errors":"","cost":0.042379458}
{"level":"INFO","time":"2025-06-28T20:03:48.149+0800","caller":"middleware/logger.go:25","msg":"/api/v1/favorites/11","hostname":"JohnnydeMac-Studio.local","status":500,"method":"GET","path":"/api/v1/favorites/11","query":"","ip":"127.0.0.1","user-agent":"PostmanRuntime/7.44.1","errors":"","cost":0.045460333}
{"level":"INFO","time":"2025-06-28T20:07:09.168+0800","caller":"middleware/logger.go:25","msg":"/api/v1/favorites/11","hostname":"JohnnydeMac-Studio.local","status":500,"method":"DELETE","path":"/api/v1/favorites/11","query":"","ip":"127.0.0.1","user-agent":"PostmanRuntime/7.44.1","errors":"","cost":0.044784917}
{"level":"INFO","time":"2025-06-28T20:07:30.759+0800","caller":"middleware/logger.go:25","msg":"/api/v1/favorites","hostname":"JohnnydeMac-Studio.local","status":500,"method":"POST","path":"/api/v1/favorites","query":"","ip":"127.0.0.1","user-agent":"PostmanRuntime/7.44.1","errors":"","cost":0.345276834}
{"level":"INFO","time":"2025-06-28T20:08:09.152+0800","caller":"middleware/logger.go:25","msg":"/api/v1/favorites","hostname":"JohnnydeMac-Studio.local","status":200,"method":"POST","path":"/api/v1/favorites","query":"","ip":"127.0.0.1","user-agent":"PostmanRuntime/7.44.1","errors":"","cost":0.284577875}
{"level":"INFO","time":"2025-06-28T20:08:16.363+0800","caller":"middleware/logger.go:25","msg":"/api/v1/favorites","hostname":"JohnnydeMac-Studio.local","status":500,"method":"POST","path":"/api/v1/favorites","query":"","ip":"127.0.0.1","user-agent":"PostmanRuntime/7.44.1","errors":"","cost":0.0428675}
{"level":"INFO","time":"2025-06-28T20:10:49.517+0800","caller":"middleware/logger.go:25","msg":"/api/v1/favorites/12","hostname":"JohnnydeMac-Studio.local","status":500,"method":"GET","path":"/api/v1/favorites/12","query":"","ip":"127.0.0.1","user-agent":"PostmanRuntime/7.44.1","errors":"","cost":0.04951075}
{"level":"INFO","time":"2025-06-28T21:03:00.026+0800","caller":"middleware/logger.go:25","msg":"/api/v1/favorite/1/post","hostname":"JohnnydeMac-Studio.local","status":500,"method":"POST","path":"/api/v1/favorite/1/post","query":"","ip":"127.0.0.1","user-agent":"PostmanRuntime/7.44.1","errors":"","cost":0.001286042}
{"level":"INFO","time":"2025-06-28T21:03:12.082+0800","caller":"middleware/logger.go:25","msg":"/api/v1/favorite/1/post","hostname":"JohnnydeMac-Studio.local","status":500,"method":"POST","path":"/api/v1/favorite/1/post","query":"","ip":"127.0.0.1","user-agent":"PostmanRuntime/7.44.1","errors":"","cost":0.000060042}
{"level":"INFO","time":"2025-06-28T21:13:34.366+0800","caller":"middleware/logger.go:25","msg":"/api/v1/favorite/1/post","hostname":"JohnnydeMac-Studio.local","status":200,"method":"POST","path":"/api/v1/favorite/1/post","query":"","ip":"127.0.0.1","user-agent":"PostmanRuntime/7.44.1","errors":"","cost":3.873570917}
{"level":"INFO","time":"2025-06-28T21:16:34.882+0800","caller":"middleware/logger.go:25","msg":"/api/v1/favorite/1/post","hostname":"JohnnydeMac-Studio.local","status":404,"method":"DELETE","path":"/api/v1/favorite/1/post","query":"","ip":"127.0.0.1","user-agent":"PostmanRuntime/7.44.1","errors":"","cost":0.000000667}
{"level":"INFO","time":"2025-06-28T21:19:47.828+0800","caller":"middleware/logger.go:25","msg":"/api/v1/favorite/1/post/2","hostname":"JohnnydeMac-Studio.local","status":200,"method":"DELETE","path":"/api/v1/favorite/1/post/2","query":"","ip":"127.0.0.1","user-agent":"PostmanRuntime/7.44.1","errors":"","cost":0.33856725}
{"level":"INFO","time":"2025-06-28T21:22:00.812+0800","caller":"middleware/logger.go:25","msg":"/api/v1/favorites/1/post","hostname":"JohnnydeMac-Studio.local","status":404,"method":"GET","path":"/api/v1/favorites/1/post","query":"","ip":"127.0.0.1","user-agent":"PostmanRuntime/7.44.1","errors":"","cost":0.000001083}
{"level":"INFO","time":"2025-06-28T21:22:14.536+0800","caller":"middleware/logger.go:25","msg":"/api/v1/favorites/1/post","hostname":"JohnnydeMac-Studio.local","status":404,"method":"GET","path":"/api/v1/favorites/1/post","query":"","ip":"127.0.0.1","user-agent":"PostmanRuntime/7.44.1","errors":"","cost":0.000001083}
{"level":"INFO","time":"2025-06-28T21:22:59.807+0800","caller":"middleware/logger.go:25","msg":"/api/v1/favorites/1/post","hostname":"JohnnydeMac-Studio.local","status":404,"method":"GET","path":"/api/v1/favorites/1/post","query":"","ip":"127.0.0.1","user-agent":"PostmanRuntime/7.44.1","errors":"","cost":0.000001042}
{"level":"INFO","time":"2025-06-28T21:23:21.365+0800","caller":"middleware/logger.go:25","msg":"/api/v1/favorites/1/post","hostname":"JohnnydeMac-Studio.local","status":404,"method":"GET","path":"/api/v1/favorites/1/post","query":"","ip":"127.0.0.1","user-agent":"PostmanRuntime/7.44.1","errors":"","cost":0.000001}
{"level":"INFO","time":"2025-06-28T21:23:22.346+0800","caller":"middleware/logger.go:25","msg":"/api/v1/favorites/1/post","hostname":"JohnnydeMac-Studio.local","status":404,"method":"GET","path":"/api/v1/favorites/1/post","query":"","ip":"127.0.0.1","user-agent":"PostmanRuntime/7.44.1","errors":"","cost":0.000001125}
{"level":"INFO","time":"2025-06-28T21:24:39.384+0800","caller":"middleware/logger.go:25","msg":"/api/v1/favorite/1/post/count","hostname":"JohnnydeMac-Studio.local","status":400,"method":"DELETE","path":"/api/v1/favorite/1/post/count","query":"","ip":"127.0.0.1","user-agent":"PostmanRuntime/7.44.1","errors":"","cost":0.000161416}
{"level":"INFO","time":"2025-06-28T21:24:53.096+0800","caller":"middleware/logger.go:25","msg":"/api/v1/favorite/1/posts/count","hostname":"JohnnydeMac-Studio.local","status":404,"method":"DELETE","path":"/api/v1/favorite/1/posts/count","query":"","ip":"127.0.0.1","user-agent":"PostmanRuntime/7.44.1","errors":"","cost":0.00000125}
{"level":"INFO","time":"2025-06-28T21:25:03.141+0800","caller":"middleware/logger.go:25","msg":"/api/v1/favorite/1/posts/count","hostname":"JohnnydeMac-Studio.local","status":200,"method":"GET","path":"/api/v1/favorite/1/posts/count","query":"","ip":"127.0.0.1","user-agent":"PostmanRuntime/7.44.1","errors":"","cost":1.256799417}
{"level":"INFO","time":"2025-06-28T21:25:22.856+0800","caller":"middleware/logger.go:25","msg":"/api/v1/favorites/1/post","hostname":"JohnnydeMac-Studio.local","status":404,"method":"GET","path":"/api/v1/favorites/1/post","query":"","ip":"127.0.0.1","user-agent":"PostmanRuntime/7.44.1","errors":"","cost":0.000000875}
{"level":"INFO","time":"2025-06-28T21:26:01.639+0800","caller":"middleware/logger.go:25","msg":"/api/v1/favorites/1/post","hostname":"JohnnydeMac-Studio.local","status":404,"method":"GET","path":"/api/v1/favorites/1/post","query":"","ip":"127.0.0.1","user-agent":"PostmanRuntime/7.44.1","errors":"","cost":0.000000833}
{"level":"INFO","time":"2025-06-28T21:26:02.524+0800","caller":"middleware/logger.go:25","msg":"/api/v1/favorites/1/post","hostname":"JohnnydeMac-Studio.local","status":404,"method":"GET","path":"/api/v1/favorites/1/post","query":"","ip":"127.0.0.1","user-agent":"PostmanRuntime/7.44.1","errors":"","cost":0.000000792}
{"level":"INFO","time":"2025-06-28T21:28:39.275+0800","caller":"middleware/logger.go:25","msg":"/api/v1/favorite/1/posts/count","hostname":"JohnnydeMac-Studio.local","status":200,"method":"GET","path":"/api/v1/favorite/1/posts/count","query":"","ip":"127.0.0.1","user-agent":"PostmanRuntime/7.44.1","errors":"","cost":0.787753292}
{"level":"INFO","time":"2025-06-28T21:28:48.383+0800","caller":"middleware/logger.go:25","msg":"/api/v1/favorites/1/post","hostname":"JohnnydeMac-Studio.local","status":404,"method":"GET","path":"/api/v1/favorites/1/post","query":"","ip":"127.0.0.1","user-agent":"PostmanRuntime/7.44.1","errors":"","cost":0.000001125}
{"level":"INFO","time":"2025-06-28T21:28:49.699+0800","caller":"middleware/logger.go:25","msg":"/api/v1/favorites/1/post","hostname":"JohnnydeMac-Studio.local","status":404,"method":"GET","path":"/api/v1/favorites/1/post","query":"","ip":"127.0.0.1","user-agent":"PostmanRuntime/7.44.1","errors":"","cost":0.000001167}
{"level":"INFO","time":"2025-06-28T21:29:50.113+0800","caller":"middleware/logger.go:25","msg":"/api/v1/favorites","hostname":"JohnnydeMac-Studio.local","status":200,"method":"GET","path":"/api/v1/favorites","query":"","ip":"127.0.0.1","user-agent":"PostmanRuntime/7.44.1","errors":"","cost":3.665949917}
{"level":"INFO","time":"2025-07-01T16:22:34.800+0800","caller":"middleware/logger.go:25","msg":"/api/v1/auth/user","hostname":"Johnny","status":401,"method":"POST","path":"/api/v1/auth/user","query":"","ip":"127.0.0.1","user-agent":"PostmanRuntime/7.28.4","errors":"","cost":0.00016025}
{"level":"INFO","time":"2025-07-01T16:50:15.692+0800","caller":"middleware/logger.go:25","msg":"/api/v1/auth/user","hostname":"Johnny","status":401,"method":"POST","path":"/api/v1/auth/user","query":"","ip":"127.0.0.1","user-agent":"PostmanRuntime/7.28.4","errors":"","cost":0.000043269}
{"level":"INFO","time":"2025-07-01T16:50:55.568+0800","caller":"middleware/logger.go:25","msg":"/api/v1/auth/user","hostname":"Johnny","status":401,"method":"POST","path":"/api/v1/auth/user","query":"","ip":"127.0.0.1","user-agent":"PostmanRuntime/7.28.4","errors":"","cost":0.00099013}
{"level":"INFO","time":"2025-07-01T16:51:49.163+0800","caller":"middleware/logger.go:25","msg":"/api/v1/auth/user","hostname":"Johnny","status":401,"method":"POST","path":"/api/v1/auth/user","query":"","ip":"127.0.0.1","user-agent":"PostmanRuntime/7.28.4","errors":"","cost":0.000043042}
{"level":"INFO","time":"2025-07-01T16:51:50.935+0800","caller":"middleware/logger.go:25","msg":"/api/v1/auth/user","hostname":"Johnny","status":401,"method":"POST","path":"/api/v1/auth/user","query":"","ip":"127.0.0.1","user-agent":"PostmanRuntime/7.28.4","errors":"","cost":0.000018089}
{"level":"INFO","time":"2025-07-01T17:22:58.565+0800","caller":"middleware/logger.go:25","msg":"/api/v1/auth/user","hostname":"Johnny","status":401,"method":"POST","path":"/api/v1/auth/user","query":"","ip":"127.0.0.1","user-agent":"PostmanRuntime/7.28.4","errors":"","cost":0.000032215}
{"level":"INFO","time":"2025-07-01T17:22:59.682+0800","caller":"middleware/logger.go:25","msg":"/api/v1/auth/user","hostname":"Johnny","status":401,"method":"POST","path":"/api/v1/auth/user","query":"","ip":"127.0.0.1","user-agent":"PostmanRuntime/7.28.4","errors":"","cost":0.000012796}
{"level":"INFO","time":"2025-07-01T17:23:00.517+0800","caller":"middleware/logger.go:25","msg":"/api/v1/auth/user","hostname":"Johnny","status":401,"method":"POST","path":"/api/v1/auth/user","query":"","ip":"127.0.0.1","user-agent":"PostmanRuntime/7.28.4","errors":"","cost":0.000014631}
{"level":"INFO","time":"2025-07-01T17:27:36.601+0800","caller":"middleware/logger.go:25","msg":"/api/v1/auth/user","hostname":"Johnny","status":401,"method":"POST","path":"/api/v1/auth/user","query":"","ip":"127.0.0.1","user-agent":"PostmanRuntime/7.28.4","errors":"","cost":0.000531209}
{"level":"INFO","time":"2025-07-01T17:27:37.571+0800","caller":"middleware/logger.go:25","msg":"/api/v1/auth/user","hostname":"Johnny","status":401,"method":"POST","path":"/api/v1/auth/user","query":"","ip":"127.0.0.1","user-agent":"PostmanRuntime/7.28.4","errors":"","cost":0.000023451}
{"level":"INFO","time":"2025-07-01T17:28:05.569+0800","caller":"middleware/logger.go:25","msg":"/api/v1/auth/user","hostname":"Johnny","status":401,"method":"POST","path":"/api/v1/auth/user","query":"","ip":"127.0.0.1","user-agent":"PostmanRuntime/7.28.4","errors":"","cost":0.00003159}
{"level":"INFO","time":"2025-07-01T17:34:09.246+0800","caller":"middleware/logger.go:25","msg":"/api/v1/user","hostname":"Johnny","status":401,"method":"POST","path":"/api/v1/user","query":"","ip":"127.0.0.1","user-agent":"PostmanRuntime/7.28.4","errors":"","cost":0.00003401}
{"level":"INFO","time":"2025-07-01T17:34:10.573+0800","caller":"middleware/logger.go:25","msg":"/api/v1/user","hostname":"Johnny","status":401,"method":"POST","path":"/api/v1/user","query":"","ip":"127.0.0.1","user-agent":"PostmanRuntime/7.28.4","errors":"","cost":0.000015734}
{"level":"INFO","time":"2025-07-01T17:34:11.126+0800","caller":"middleware/logger.go:25","msg":"/api/v1/user","hostname":"Johnny","status":401,"method":"POST","path":"/api/v1/user","query":"","ip":"127.0.0.1","user-agent":"PostmanRuntime/7.28.4","errors":"","cost":0.000015802}
{"level":"INFO","time":"2025-07-01T17:35:20.301+0800","caller":"middleware/logger.go:25","msg":"/api/v1/user","hostname":"Johnny","status":401,"method":"POST","path":"/api/v1/user","query":"","ip":"127.0.0.1","user-agent":"PostmanRuntime/7.28.4","errors":"","cost":0.000040266}
{"level":"INFO","time":"2025-07-01T17:35:21.523+0800","caller":"middleware/logger.go:25","msg":"/api/v1/user","hostname":"Johnny","status":401,"method":"POST","path":"/api/v1/user","query":"","ip":"127.0.0.1","user-agent":"PostmanRuntime/7.28.4","errors":"","cost":0.000012264}
{"level":"INFO","time":"2025-07-01T17:35:22.047+0800","caller":"middleware/logger.go:25","msg":"/api/v1/user","hostname":"Johnny","status":401,"method":"POST","path":"/api/v1/user","query":"","ip":"127.0.0.1","user-agent":"PostmanRuntime/7.28.4","errors":"","cost":0.000013776}
{"level":"INFO","time":"2025-07-01T17:36:19.997+0800","caller":"middleware/logger.go:25","msg":"/api/v1/user","hostname":"Johnny","status":401,"method":"POST","path":"/api/v1/user","query":"","ip":"127.0.0.1","user-agent":"PostmanRuntime/7.28.4","errors":"","cost":0.000046269}
{"level":"INFO","time":"2025-07-01T17:36:20.927+0800","caller":"middleware/logger.go:25","msg":"/api/v1/user","hostname":"Johnny","status":401,"method":"POST","path":"/api/v1/user","query":"","ip":"127.0.0.1","user-agent":"PostmanRuntime/7.28.4","errors":"","cost":0.000016739}
{"level":"INFO","time":"2025-07-01T17:52:01.881+0800","caller":"middleware/logger.go:25","msg":"/api/v1/auth/user","hostname":"Johnny","status":401,"method":"POST","path":"/api/v1/auth/user","query":"","ip":"127.0.0.1","user-agent":"PostmanRuntime/7.28.4","errors":"","cost":0.000042377}
{"level":"INFO","time":"2025-07-01T17:56:47.496+0800","caller":"middleware/logger.go:25","msg":"/api/v1/auth/user","hostname":"Johnny","status":200,"method":"POST","path":"/api/v1/auth/user","query":"","ip":"127.0.0.1","user-agent":"PostmanRuntime/7.28.4","errors":"","cost":0.000130015}
{"level":"INFO","time":"2025-07-01T17:57:21.591+0800","caller":"middleware/logger.go:25","msg":"/api/v1/auth/user","hostname":"Johnny","status":200,"method":"POST","path":"/api/v1/auth/user","query":"","ip":"127.0.0.1","user-agent":"PostmanRuntime/7.28.4","errors":"","cost":0.000029276}
{"level":"INFO","time":"2025-07-01T17:58:23.939+0800","caller":"middleware/logger.go:25","msg":"/api/v1/auth/user","hostname":"Johnny","status":200,"method":"POST","path":"/api/v1/auth/user","query":"","ip":"127.0.0.1","user-agent":"PostmanRuntime/7.28.4","errors":"","cost":21.019608888}
{"level":"INFO","time":"2025-07-01T18:00:20.417+0800","caller":"middleware/logger.go:25","msg":"/api/v1/auth/user","hostname":"Johnny","status":400,"method":"POST","path":"/api/v1/auth/user","query":"","ip":"127.0.0.1","user-agent":"PostmanRuntime/7.28.4","errors":"","cost":35.104899226}
{"level":"INFO","time":"2025-07-01T18:01:18.449+0800","caller":"middleware/logger.go:25","msg":"/api/v1/auth/user","hostname":"Johnny","status":500,"method":"POST","path":"/api/v1/auth/user","query":"","ip":"127.0.0.1","user-agent":"PostmanRuntime/7.28.4","errors":"","cost":42.554117361}
{"level":"INFO","time":"2025-07-01T18:03:37.023+0800","caller":"middleware/logger.go:25","msg":"/api/v1/auth/user","hostname":"Johnny","status":200,"method":"POST","path":"/api/v1/auth/user","query":"","ip":"127.0.0.1","user-agent":"PostmanRuntime/7.28.4","errors":"","cost":0.079058698}
{"level":"INFO","time":"2025-07-01T18:07:32.119+0800","caller":"middleware/logger.go:25","msg":"/api/v1/auth/user","hostname":"Johnny","status":500,"method":"POST","path":"/api/v1/auth/user","query":"","ip":"127.0.0.1","user-agent":"PostmanRuntime/7.28.4","errors":"","cost":0.079955289}
{"level":"INFO","time":"2025-07-02T18:06:03.996+0800","caller":"middleware/logger.go:25","msg":"/api/v1/auth/user","hostname":"Johnny","status":400,"method":"POST","path":"/api/v1/auth/user","query":"","ip":"127.0.0.1","user-agent":"PostmanRuntime/7.28.4","errors":"","cost":0.00019025}
{"level":"INFO","time":"2025-07-02T18:07:02.843+0800","caller":"middleware/logger.go:25","msg":"/api/v1/auth/user","hostname":"Johnny","status":400,"method":"POST","path":"/api/v1/auth/user","query":"","ip":"127.0.0.1","user-agent":"PostmanRuntime/7.28.4","errors":"","cost":0.000027935}
{"level":"INFO","time":"2025-07-02T18:08:14.395+0800","caller":"middleware/logger.go:25","msg":"/api/v1/auth/user","hostname":"Johnny","status":400,"method":"POST","path":"/api/v1/auth/user","query":"","ip":"127.0.0.1","user-agent":"PostmanRuntime/7.28.4","errors":"","cost":0.000063259}
{"level":"INFO","time":"2025-07-02T18:08:46.661+0800","caller":"middleware/logger.go:25","msg":"/api/v1/auth/user","hostname":"Johnny","status":400,"method":"POST","path":"/api/v1/auth/user","query":"","ip":"127.0.0.1","user-agent":"PostmanRuntime/7.28.4","errors":"","cost":0.000071993}
{"level":"INFO","time":"2025-07-02T18:09:08.393+0800","caller":"middleware/logger.go:25","msg":"/api/v1/auth/user","hostname":"Johnny","status":400,"method":"POST","path":"/api/v1/auth/user","query":"","ip":"127.0.0.1","user-agent":"PostmanRuntime/7.28.4","errors":"","cost":0.000067038}
{"level":"INFO","time":"2025-07-02T18:09:23.136+0800","caller":"middleware/logger.go:25","msg":"/api/v1/auth/user","hostname":"Johnny","status":200,"method":"POST","path":"/api/v1/auth/user","query":"","ip":"127.0.0.1","user-agent":"PostmanRuntime/7.28.4","errors":"","cost":0.083492046}
{"level":"INFO","time":"2025-07-02T18:10:00.331+0800","caller":"middleware/logger.go:25","msg":"/api/v1/auth/user","hostname":"Johnny","status":400,"method":"POST","path":"/api/v1/auth/user","query":"","ip":"127.0.0.1","user-agent":"PostmanRuntime/7.28.4","errors":"","cost":0.000073369}
{"level":"INFO","time":"2025-07-02T21:26:37.670+0800","caller":"middleware/logger.go:25","msg":"/api/v1/auth/token","hostname":"JohnnydeMac-Studio.local","status":401,"method":"POST","path":"/api/v1/auth/token","query":"","ip":"127.0.0.1","user-agent":"PostmanRuntime/7.44.1","errors":"","cost":0.000085792}
{"level":"INFO","time":"2025-07-02T21:26:44.283+0800","caller":"middleware/logger.go:25","msg":"/api/v1/auth/token","hostname":"JohnnydeMac-Studio.local","status":401,"method":"GET","path":"/api/v1/auth/token","query":"","ip":"127.0.0.1","user-agent":"PostmanRuntime/7.44.1","errors":"","cost":0.000028125}
{"level":"INFO","time":"2025-07-02T21:30:45.688+0800","caller":"middleware/logger.go:25","msg":"/api/v1/auth/user","hostname":"JohnnydeMac-Studio.local","status":401,"method":"POST","path":"/api/v1/auth/user","query":"","ip":"127.0.0.1","user-agent":"PostmanRuntime/7.44.1","errors":"","cost":0.000155625}
{"level":"INFO","time":"2025-07-02T21:31:39.866+0800","caller":"middleware/logger.go:25","msg":"/api/v1/auth/user","hostname":"JohnnydeMac-Studio.local","status":400,"method":"POST","path":"/api/v1/auth/user","query":"","ip":"127.0.0.1","user-agent":"PostmanRuntime/7.44.1","errors":"","cost":0.000131375}
{"level":"INFO","time":"2025-07-02T21:32:04.303+0800","caller":"middleware/logger.go:25","msg":"/api/v1/auth/user","hostname":"JohnnydeMac-Studio.local","status":400,"method":"POST","path":"/api/v1/auth/user","query":"","ip":"127.0.0.1","user-agent":"PostmanRuntime/7.44.1","errors":"","cost":0.00010625}
{"level":"INFO","time":"2025-07-02T21:32:18.504+0800","caller":"middleware/logger.go:25","msg":"/api/v1/auth/user","hostname":"JohnnydeMac-Studio.local","status":400,"method":"POST","path":"/api/v1/auth/user","query":"","ip":"127.0.0.1","user-agent":"PostmanRuntime/7.44.1","errors":"","cost":0.000056375}
{"level":"INFO","time":"2025-07-02T21:33:10.068+0800","caller":"middleware/logger.go:25","msg":"/api/v1/auth/user","hostname":"JohnnydeMac-Studio.local","status":400,"method":"POST","path":"/api/v1/auth/user","query":"","ip":"127.0.0.1","user-agent":"PostmanRuntime/7.44.1","errors":"","cost":0.000414416}
{"level":"INFO","time":"2025-07-02T21:33:56.749+0800","caller":"middleware/logger.go:25","msg":"/api/v1/auth/user","hostname":"JohnnydeMac-Studio.local","status":400,"method":"POST","path":"/api/v1/auth/user","query":"","ip":"127.0.0.1","user-agent":"PostmanRuntime/7.44.1","errors":"","cost":0.0001}
{"level":"INFO","time":"2025-07-02T21:34:13.982+0800","caller":"middleware/logger.go:25","msg":"/api/v1/auth/user","hostname":"JohnnydeMac-Studio.local","status":200,"method":"POST","path":"/api/v1/auth/user","query":"","ip":"127.0.0.1","user-agent":"PostmanRuntime/7.44.1","errors":"","cost":0.204162833}
{"level":"INFO","time":"2025-07-02T22:11:31.466+0800","caller":"middleware/logger.go:25","msg":"/api/v1/auth/token","hostname":"JohnnydeMac-Studio.local","status":401,"method":"GET","path":"/api/v1/auth/token","query":"","ip":"127.0.0.1","user-agent":"PostmanRuntime/7.44.1","errors":"","cost":0.000044792}
{"level":"INFO","time":"2025-07-02T22:11:32.456+0800","caller":"middleware/logger.go:25","msg":"/api/v1/auth/token","hostname":"JohnnydeMac-Studio.local","status":401,"method":"GET","path":"/api/v1/auth/token","query":"","ip":"127.0.0.1","user-agent":"PostmanRuntime/7.44.1","errors":"","cost":0.000018208}
{"level":"INFO","time":"2025-07-02T22:11:32.925+0800","caller":"middleware/logger.go:25","msg":"/api/v1/auth/token","hostname":"JohnnydeMac-Studio.local","status":401,"method":"GET","path":"/api/v1/auth/token","query":"","ip":"127.0.0.1","user-agent":"PostmanRuntime/7.44.1","errors":"","cost":0.000027875}
{"level":"INFO","time":"2025-07-03T10:43:35.753+0800","caller":"middleware/logger.go:25","msg":"/api/v1/auth/token","hostname":"Johnny","status":404,"method":"POST","path":"/api/v1/auth/token","query":"","ip":"127.0.0.1","user-agent":"PostmanRuntime/7.28.4","errors":"","cost":0.000002804}
{"level":"INFO","time":"2025-07-03T10:43:37.994+0800","caller":"middleware/logger.go:25","msg":"/api/v1/auth/token","hostname":"Johnny","status":404,"method":"POST","path":"/api/v1/auth/token","query":"","ip":"127.0.0.1","user-agent":"PostmanRuntime/7.28.4","errors":"","cost":0.000000587}
{"level":"INFO","time":"2025-07-03T10:46:40.545+0800","caller":"middleware/logger.go:25","msg":"/api/v1/auth/token","hostname":"Johnny","status":404,"method":"POST","path":"/api/v1/auth/token","query":"","ip":"127.0.0.1","user-agent":"PostmanRuntime/7.28.4","errors":"","cost":0.000000343}
{"level":"INFO","time":"2025-07-03T10:46:41.545+0800","caller":"middleware/logger.go:25","msg":"/api/v1/auth/token","hostname":"Johnny","status":404,"method":"POST","path":"/api/v1/auth/token","query":"","ip":"127.0.0.1","user-agent":"PostmanRuntime/7.28.4","errors":"","cost":0.000000529}
{"level":"INFO","time":"2025-07-03T10:46:42.158+0800","caller":"middleware/logger.go:25","msg":"/api/v1/auth/token","hostname":"Johnny","status":404,"method":"POST","path":"/api/v1/auth/token","query":"","ip":"127.0.0.1","user-agent":"PostmanRuntime/7.28.4","errors":"","cost":0.000000457}
{"level":"INFO","time":"2025-07-03T10:46:42.808+0800","caller":"middleware/logger.go:25","msg":"/api/v1/auth/token","hostname":"Johnny","status":404,"method":"POST","path":"/api/v1/auth/token","query":"","ip":"127.0.0.1","user-agent":"PostmanRuntime/7.28.4","errors":"","cost":0.000000455}
{"level":"INFO","time":"2025-07-03T10:47:21.258+0800","caller":"middleware/logger.go:25","msg":"/api/v1/auth/token","hostname":"Johnny","status":200,"method":"POST","path":"/api/v1/auth/token","query":"","ip":"127.0.0.1","user-agent":"PostmanRuntime/7.28.4","errors":"","cost":0.069365376}
{"level":"INFO","time":"2025-07-03T10:59:33.751+0800","caller":"middleware/logger.go:25","msg":"/api/v1/auth/user","hostname":"Johnny","status":400,"method":"POST","path":"/api/v1/auth/user","query":"","ip":"127.0.0.1","user-agent":"PostmanRuntime/7.28.4","errors":"","cost":0.000657324}
{"level":"INFO","time":"2025-07-03T10:59:39.880+0800","caller":"middleware/logger.go:25","msg":"/api/v1/auth/user","hostname":"Johnny","status":200,"method":"POST","path":"/api/v1/auth/user","query":"","ip":"127.0.0.1","user-agent":"PostmanRuntime/7.28.4","errors":"","cost":0.106045983}
{"level":"INFO","time":"2025-07-03T11:00:04.605+0800","caller":"middleware/logger.go:25","msg":"/api/v1/auth/token","hostname":"Johnny","status":400,"method":"POST","path":"/api/v1/auth/token","query":"","ip":"127.0.0.1","user-agent":"PostmanRuntime/7.28.4","errors":"","cost":0.000035349}
{"level":"INFO","time":"2025-07-03T11:00:27.392+0800","caller":"middleware/logger.go:25","msg":"/api/v1/auth/token","hostname":"Johnny","status":400,"method":"POST","path":"/api/v1/auth/token","query":"","ip":"127.0.0.1","user-agent":"PostmanRuntime/7.28.4","errors":"","cost":0.000083813}
{"level":"INFO","time":"2025-07-03T11:01:13.613+0800","caller":"middleware/logger.go:25","msg":"/api/v1/auth/token","hostname":"Johnny","status":401,"method":"POST","path":"/api/v1/auth/token","query":"","ip":"127.0.0.1","user-agent":"PostmanRuntime/7.28.4","errors":"","cost":0.019920579}
{"level":"INFO","time":"2025-07-03T11:02:02.032+0800","caller":"middleware/logger.go:25","msg":"/api/v1/auth/token","hostname":"Johnny","status":200,"method":"POST","path":"/api/v1/auth/token","query":"","ip":"127.0.0.1","user-agent":"PostmanRuntime/7.28.4","errors":"","cost":0.124733299}
{"level":"INFO","time":"2025-07-03T11:05:37.200+0800","caller":"middleware/logger.go:25","msg":"/api/v1/auth/token","hostname":"Johnny","status":200,"method":"POST","path":"/api/v1/auth/token","query":"","ip":"127.0.0.1","user-agent":"PostmanRuntime/7.28.4","errors":"","cost":0.392561565}
{"level":"ERROR","time":"2025-07-03T11:06:02.766+0800","caller":"middleware/recovery.go:45","msg":"[Recovery from panic]","error":"reflect: reflect.Value.SetUint using unaddressable value","request":"POST /api/v1/auth/token HTTP/1.1\r\nHost: 127.0.0.1:8084\r\nAccept: */*\r\nAccept-Encoding: gzip, deflate, br\r\nCache-Control: no-cache\r\nConnection: keep-alive\r\nContent-Length: 61\r\nContent-Type: application/json\r\nPostman-Token: d589b841-92cf-4cf5-823b-692789ca7d71\r\nUser-Agent: PostmanRuntime/7.28.4\r\n\r\n","stack":"goroutine 51 [running]:\nruntime/debug.Stack()\n\t/Users/Johnny/go/pkg/mod/golang.org/toolchain@v0.0.1-go1.24.2.darwin-amd64/src/runtime/debug/stack.go:26 +0x5e\ninkgo/server.New.Recovery.func3.1()\n\t/Users/Johnny/go/src/inkgo/middleware/recovery.go:48 +0x4d1\npanic({0x1022e5a0?, 0xc0003b2420?})\n\t/Users/Johnny/go/pkg/mod/golang.org/toolchain@v0.0.1-go1.24.2.darwin-amd64/src/runtime/panic.go:792 +0x132\nreflect.flag.mustBeAssignableSlow(0xc00026ba00?)\n\t/Users/Johnny/go/pkg/mod/golang.org/toolchain@v0.0.1-go1.24.2.darwin-amd64/src/reflect/value.go:260 +0x74\nreflect.flag.mustBeAssignable(...)\n\t/Users/Johnny/go/pkg/mod/golang.org/toolchain@v0.0.1-go1.24.2.darwin-amd64/src/reflect/value.go:247\nreflect.Value.SetUint({0x1022e820?, 0xc0005785a0?, 0x1033d7c0?}, 0x1)\n\t/Users/Johnny/go/pkg/mod/golang.org/toolchain@v0.0.1-go1.24.2.darwin-amd64/src/reflect/value.go:2184 +0x45\ngorm.io/gorm/schema.(*Field).setupValuerAndSetter.func9({0x10391138, 0x11c2ae60}, {0x1033d7c0?, 0xc0005785a0?, 0x18?}, {0x10222980?, 0xc000502038})\n\t/Users/Johnny/go/pkg/mod/gorm.io/gorm@v1.30.0/schema/field.go:703 +0x21f\ngorm.io/gorm.(*DB).scanIntoStruct(0xc0005744b0, {0x10394310, 0xc000700500}, {0x1033d7c0?, 0xc0005785a0?, 0xfdd6401?}, {0xc000300c30, 0xd, 0xd}, {0xc000709340, ...}, ...)\n\t/Users/Johnny/go/pkg/mod/gorm.io/gorm@v1.30.0/scan.go:76 +0x405\ngorm.io/gorm.Scan({0x10394310, 0xc000700500}, 0xc0005744b0, 0x0)\n\t/Users/Johnny/go/pkg/mod/gorm.io/gorm@v1.30.0/scan.go:355 +0xe71\ngorm.io/gorm/callbacks.Query(0xc0005744b0)\n\t/Users/Johnny/go/pkg/mod/gorm.io/gorm@v1.30.0/callbacks/query.go:27 +0xf2\ngorm.io/gorm.(*processor).Execute(0xc0000a22d0, 0x102f1400?)\n\t/Users/Johnny/go/pkg/mod/gorm.io/gorm@v1.30.0/callbacks.go:130 +0x3c3\ngorm.io/gorm.(*DB).First(0x1033d7c0?, {0x1033d7c0, 0xc0005785a0}, {0x0, 0x0, 0x0})\n\t/Users/Johnny/go/pkg/mod/gorm.io/gorm@v1.30.0/finisher_api.go:131 +0x1b2\ninkgo/repository.(*userRepository).FindByEmail(0xc0004f4750, {0xc0003ec110, 0xd})\n\t/Users/Johnny/go/src/inkgo/repository/user.go:133 +0xcb\ninkgo/service.(*userService).LoginByPassword(0xc0004f4780, {0xc0003ec110, 0xd}, {0xc0003ec120, 0x6}, 0x0?)\n\t/Users/Johnny/go/src/inkgo/service/user.go:91 +0xea\ninkgo/controller.(*AuthController).Login(0xc000196c18, 0xc000566000)\n\t/Users/Johnny/go/src/inkgo/controller/auth.go:36 +0x9e\ngithub.com/gin-gonic/gin.(*Context).Next(0xc000566000)\n\t/Users/Johnny/go/pkg/mod/github.com/gin-gonic/gin@v1.9.1/context.go:174 +0x2b\ninkgo/server.New.Recovery.func3(0xc0000d7670?)\n\t/Users/Johnny/go/src/inkgo/middleware/recovery.go:59 +0x47\ngithub.com/gin-gonic/gin.(*Context).Next(0xc000566000)\n\t/Users/Johnny/go/pkg/mod/github.com/gin-gonic/gin@v1.9.1/context.go:174 +0x2b\ninkgo/server.New.LoggerMiddleWare.func2(0xc000566000)\n\t/Users/Johnny/go/src/inkgo/middleware/logger.go:22 +0x75\ngithub.com/gin-gonic/gin.(*Context).Next(...)\n\t/Users/Johnny/go/pkg/mod/github.com/gin-gonic/gin@v1.9.1/context.go:174\ninkgo/middleware.RateLimitMiddleware.func1(0xc000566000)\n\t/Users/Johnny/go/src/inkgo/middleware/ratelimit.go:18 +0xaa\ngithub.com/gin-gonic/gin.(*Context).Next(...)\n\t/Users/Johnny/go/pkg/mod/github.com/gin-gonic/gin@v1.9.1/context.go:174\ngithub.com/gin-gonic/gin.(*Engine).handleHTTPRequest(0xc0001ae340, 0xc000566000)\n\t/Users/Johnny/go/pkg/mod/github.com/gin-gonic/gin@v1.9.1/gin.go:620 +0x64e\ngithub.com/gin-gonic/gin.(*Engine).ServeHTTP(0xc0001ae340, {0x1038f800, 0xc0004c6000}, 0xc000248000)\n\t/Users/Johnny/go/pkg/mod/github.com/gin-gonic/gin@v1.9.1/gin.go:576 +0x1aa\nnet/http.serverHandler.ServeHTTP({0x1038cd98?}, {0x1038f800?, 0xc0004c6000?}, 0x6?)\n\t/Users/Johnny/go/pkg/mod/golang.org/toolchain@v0.0.1-go1.24.2.darwin-amd64/src/net/http/server.go:3301 +0x8e\nnet/http.(*conn).serve(0xc000018090, {0x103911e0, 0xc000254ea0})\n\t/Users/Johnny/go/pkg/mod/golang.org/toolchain@v0.0.1-go1.24.2.darwin-amd64/src/net/http/server.go:2102 +0x625\ncreated by net/http.(*Server).Serve in goroutine 49\n\t/Users/Johnny/go/pkg/mod/golang.org/toolchain@v0.0.1-go1.24.2.darwin-amd64/src/net/http/server.go:3454 +0x485\n"}
{"level":"INFO","time":"2025-07-03T11:06:02.767+0800","caller":"middleware/logger.go:25","msg":"/api/v1/auth/token","hostname":"Johnny","status":500,"method":"POST","path":"/api/v1/auth/token","query":"","ip":"127.0.0.1","user-agent":"PostmanRuntime/7.28.4","errors":"","cost":0.021127717}
{"level":"ERROR","time":"2025-07-03T11:31:52.593+0800","caller":"middleware/recovery.go:45","msg":"[Recovery from panic]","error":"reflect: reflect.Value.SetUint using unaddressable value","request":"POST /api/v1/auth/token HTTP/1.1\r\nHost: 127.0.0.1:8084\r\nAccept: */*\r\nAccept-Encoding: gzip, deflate, br\r\nCache-Control: no-cache\r\nConnection: keep-alive\r\nContent-Length: 61\r\nContent-Type: application/json\r\nPostman-Token: 42927440-3f8c-47dc-8415-15b910762c55\r\nUser-Agent: PostmanRuntime/7.28.4\r\n\r\n","stack":"goroutine 9 [running]:\nruntime/debug.Stack()\n\t/Users/Johnny/go/pkg/mod/golang.org/toolchain@v0.0.1-go1.24.2.darwin-amd64/src/runtime/debug/stack.go:26 +0x5e\ninkgo/server.New.Recovery.func3.1()\n\t/Users/Johnny/go/src/inkgo/middleware/recovery.go:48 +0x4d1\npanic({0x6f26b20?, 0xc000127630?})\n\t/Users/Johnny/go/pkg/mod/golang.org/toolchain@v0.0.1-go1.24.2.darwin-amd64/src/runtime/panic.go:792 +0x132\nreflect.flag.mustBeAssignableSlow(0xc0001f4e00?)\n\t/Users/Johnny/go/pkg/mod/golang.org/toolchain@v0.0.1-go1.24.2.darwin-amd64/src/reflect/value.go:260 +0x74\nreflect.flag.mustBeAssignable(...)\n\t/Users/Johnny/go/pkg/mod/golang.org/toolchain@v0.0.1-go1.24.2.darwin-amd64/src/reflect/value.go:247\nreflect.Value.SetUint({0x6f26da0?, 0xc0000daea0?, 0x7036b40?}, 0x1)\n\t/Users/Johnny/go/pkg/mod/golang.org/toolchain@v0.0.1-go1.24.2.darwin-amd64/src/reflect/value.go:2184 +0x45\ngorm.io/gorm/schema.(*Field).setupValuerAndSetter.func9({0x708a748, 0x8932260}, {0x7036b40?, 0xc0000daea0?, 0x18?}, {0x6f1ae00?, 0xc00011a3e8})\n\t/Users/Johnny/go/pkg/mod/gorm.io/gorm@v1.30.0/schema/field.go:703 +0x21f\ngorm.io/gorm.(*DB).scanIntoStruct(0xc0002b5aa0, {0x708d930, 0xc0003fb220}, {0x7036b40?, 0xc0000daea0?, 0x6acb201?}, {0xc0000d8ea0, 0xd, 0xd}, {0xc00017c8c0, ...}, ...)\n\t/Users/Johnny/go/pkg/mod/gorm.io/gorm@v1.30.0/scan.go:76 +0x405\ngorm.io/gorm.Scan({0x708d930, 0xc0003fb220}, 0xc0002b5aa0, 0x0)\n\t/Users/Johnny/go/pkg/mod/gorm.io/gorm@v1.30.0/scan.go:355 +0xe71\ngorm.io/gorm/callbacks.Query(0xc0002b5aa0)\n\t/Users/Johnny/go/pkg/mod/gorm.io/gorm@v1.30.0/callbacks/query.go:27 +0xf2\ngorm.io/gorm.(*processor).Execute(0xc0002ca4b0, 0x6fea460?)\n\t/Users/Johnny/go/pkg/mod/gorm.io/gorm@v1.30.0/callbacks.go:130 +0x3c3\ngorm.io/gorm.(*DB).First(0x7036b40?, {0x7036b40, 0xc0000daea0}, {0x0, 0x0, 0x0})\n\t/Users/Johnny/go/pkg/mod/gorm.io/gorm@v1.30.0/finisher_api.go:131 +0x1b2\ninkgo/repository.(*userRepository).FindByEmail(0xc000032770, {0xc000394b50, 0xd})\n\t/Users/Johnny/go/src/inkgo/repository/user.go:133 +0xcb\ninkgo/service.(*userService).LoginByPassword(0xc0000327a0, {0xc000394b50, 0xd}, {0xc000394b60, 0x6}, 0x6d5346f?)\n\t/Users/Johnny/go/src/inkgo/service/user.go:91 +0xea\ninkgo/controller.(*AuthController).Login(0xc00000e318, 0xc0000aa400)\n\t/Users/Johnny/go/src/inkgo/controller/auth.go:36 +0x9e\ngithub.com/gin-gonic/gin.(*Context).Next(0xc0000aa400)\n\t/Users/Johnny/go/pkg/mod/github.com/gin-gonic/gin@v1.9.1/context.go:174 +0x2b\ninkgo/server.New.Recovery.func3(0xc0000a9670?)\n\t/Users/Johnny/go/src/inkgo/middleware/recovery.go:59 +0x47\ngithub.com/gin-gonic/gin.(*Context).Next(0xc0000aa400)\n\t/Users/Johnny/go/pkg/mod/github.com/gin-gonic/gin@v1.9.1/context.go:174 +0x2b\ninkgo/server.New.LoggerMiddleWare.func2(0xc0000aa400)\n\t/Users/Johnny/go/src/inkgo/middleware/logger.go:22 +0x75\ngithub.com/gin-gonic/gin.(*Context).Next(...)\n\t/Users/Johnny/go/pkg/mod/github.com/gin-gonic/gin@v1.9.1/context.go:174\ninkgo/middleware.RateLimitMiddleware.func1(0xc0000aa400)\n\t/Users/Johnny/go/src/inkgo/middleware/ratelimit.go:18 +0xaa\ngithub.com/gin-gonic/gin.(*Context).Next(...)\n\t/Users/Johnny/go/pkg/mod/github.com/gin-gonic/gin@v1.9.1/context.go:174\ngithub.com/gin-gonic/gin.(*Engine).handleHTTPRequest(0xc0004024e0, 0xc0000aa400)\n\t/Users/Johnny/go/pkg/mod/github.com/gin-gonic/gin@v1.9.1/gin.go:620 +0x64e\ngithub.com/gin-gonic/gin.(*Engine).ServeHTTP(0xc0004024e0, {0x7088de0, 0xc0000c2000}, 0xc00038e780)\n\t/Users/Johnny/go/pkg/mod/github.com/gin-gonic/gin@v1.9.1/gin.go:576 +0x1aa\nnet/http.serverHandler.ServeHTTP({0x7086378?}, {0x7088de0?, 0xc0000c2000?}, 0x6?)\n\t/Users/Johnny/go/pkg/mod/golang.org/toolchain@v0.0.1-go1.24.2.darwin-amd64/src/net/http/server.go:3301 +0x8e\nnet/http.(*conn).serve(0xc00016e7e0, {0x708a7f0, 0xc0003efda0})\n\t/Users/Johnny/go/pkg/mod/golang.org/toolchain@v0.0.1-go1.24.2.darwin-amd64/src/net/http/server.go:2102 +0x625\ncreated by net/http.(*Server).Serve in goroutine 36\n\t/Users/Johnny/go/pkg/mod/golang.org/toolchain@v0.0.1-go1.24.2.darwin-amd64/src/net/http/server.go:3454 +0x485\n"}
{"level":"INFO","time":"2025-07-03T11:31:52.594+0800","caller":"middleware/logger.go:25","msg":"/api/v1/auth/token","hostname":"Johnny","status":500,"method":"POST","path":"/api/v1/auth/token","query":"","ip":"127.0.0.1","user-agent":"PostmanRuntime/7.28.4","errors":"","cost":0.025468043}
{"level":"ERROR","time":"2025-07-03T11:31:53.869+0800","caller":"middleware/recovery.go:45","msg":"[Recovery from panic]","error":"reflect: reflect.Value.SetUint using unaddressable value","request":"POST /api/v1/auth/token HTTP/1.1\r\nHost: 127.0.0.1:8084\r\nAccept: */*\r\nAccept-Encoding: gzip, deflate, br\r\nCache-Control: no-cache\r\nConnection: keep-alive\r\nContent-Length: 61\r\nContent-Type: application/json\r\nPostman-Token: 109efe30-694c-477a-ba15-5a157a1e14b7\r\nUser-Agent: PostmanRuntime/7.28.4\r\n\r\n","stack":"goroutine 9 [running]:\nruntime/debug.Stack()\n\t/Users/Johnny/go/pkg/mod/golang.org/toolchain@v0.0.1-go1.24.2.darwin-amd64/src/runtime/debug/stack.go:26 +0x5e\ninkgo/server.New.Recovery.func3.1()\n\t/Users/Johnny/go/src/inkgo/middleware/recovery.go:48 +0x4d1\npanic({0x6f26b20?, 0xc00021e050?})\n\t/Users/Johnny/go/pkg/mod/golang.org/toolchain@v0.0.1-go1.24.2.darwin-amd64/src/runtime/panic.go:792 +0x132\nreflect.flag.mustBeAssignableSlow(0xc0001f4e00?)\n\t/Users/Johnny/go/pkg/mod/golang.org/toolchain@v0.0.1-go1.24.2.darwin-amd64/src/reflect/value.go:260 +0x74\nreflect.flag.mustBeAssignable(...)\n\t/Users/Johnny/go/pkg/mod/golang.org/toolchain@v0.0.1-go1.24.2.darwin-amd64/src/reflect/value.go:247\nreflect.Value.SetUint({0x6f26da0?, 0xc00017ed80?, 0x7036b40?}, 0x1)\n\t/Users/Johnny/go/pkg/mod/golang.org/toolchain@v0.0.1-go1.24.2.darwin-amd64/src/reflect/value.go:2184 +0x45\ngorm.io/gorm/schema.(*Field).setupValuerAndSetter.func9({0x708a748, 0x8932260}, {0x7036b40?, 0xc00017ed80?, 0x18?}, {0x6f1ae00?, 0xc0000126a0})\n\t/Users/Johnny/go/pkg/mod/gorm.io/gorm@v1.30.0/schema/field.go:703 +0x21f\ngorm.io/gorm.(*DB).scanIntoStruct(0xc000215380, {0x708d930, 0xc0001d26e0}, {0x7036b40?, 0xc00017ed80?, 0x6acb201?}, {0xc00009bad0, 0xd, 0xd}, {0xc0001ff810, ...}, ...)\n\t/Users/Johnny/go/pkg/mod/gorm.io/gorm@v1.30.0/scan.go:76 +0x405\ngorm.io/gorm.Scan({0x708d930, 0xc0001d26e0}, 0xc000215380, 0x0)\n\t/Users/Johnny/go/pkg/mod/gorm.io/gorm@v1.30.0/scan.go:355 +0xe71\ngorm.io/gorm/callbacks.Query(0xc000215380)\n\t/Users/Johnny/go/pkg/mod/gorm.io/gorm@v1.30.0/callbacks/query.go:27 +0xf2\ngorm.io/gorm.(*processor).Execute(0xc0002ca4b0, 0x6fea460?)\n\t/Users/Johnny/go/pkg/mod/gorm.io/gorm@v1.30.0/callbacks.go:130 +0x3c3\ngorm.io/gorm.(*DB).First(0x7036b40?, {0x7036b40, 0xc00017ed80}, {0x0, 0x0, 0x0})\n\t/Users/Johnny/go/pkg/mod/gorm.io/gorm@v1.30.0/finisher_api.go:131 +0x1b2\ninkgo/repository.(*userRepository).FindByEmail(0xc000032770, {0xc000010a60, 0xd})\n\t/Users/Johnny/go/src/inkgo/repository/user.go:133 +0xcb\ninkgo/service.(*userService).LoginByPassword(0xc0000327a0, {0xc000010a60, 0xd}, {0xc000010a70, 0x6}, 0x0?)\n\t/Users/Johnny/go/src/inkgo/service/user.go:91 +0xea\ninkgo/controller.(*AuthController).Login(0xc00000e318, 0xc000088600)\n\t/Users/Johnny/go/src/inkgo/controller/auth.go:36 +0x9e\ngithub.com/gin-gonic/gin.(*Context).Next(0xc000088600)\n\t/Users/Johnny/go/pkg/mod/github.com/gin-gonic/gin@v1.9.1/context.go:174 +0x2b\ninkgo/server.New.Recovery.func3(0xc0000d5670?)\n\t/Users/Johnny/go/src/inkgo/middleware/recovery.go:59 +0x47\ngithub.com/gin-gonic/gin.(*Context).Next(0xc000088600)\n\t/Users/Johnny/go/pkg/mod/github.com/gin-gonic/gin@v1.9.1/context.go:174 +0x2b\ninkgo/server.New.LoggerMiddleWare.func2(0xc000088600)\n\t/Users/Johnny/go/src/inkgo/middleware/logger.go:22 +0x75\ngithub.com/gin-gonic/gin.(*Context).Next(...)\n\t/Users/Johnny/go/pkg/mod/github.com/gin-gonic/gin@v1.9.1/context.go:174\ninkgo/middleware.RateLimitMiddleware.func1(0xc000088600)\n\t/Users/Johnny/go/src/inkgo/middleware/ratelimit.go:18 +0xaa\ngithub.com/gin-gonic/gin.(*Context).Next(...)\n\t/Users/Johnny/go/pkg/mod/github.com/gin-gonic/gin@v1.9.1/context.go:174\ngithub.com/gin-gonic/gin.(*Engine).handleHTTPRequest(0xc0004024e0, 0xc000088600)\n\t/Users/Johnny/go/pkg/mod/github.com/gin-gonic/gin@v1.9.1/gin.go:620 +0x64e\ngithub.com/gin-gonic/gin.(*Engine).ServeHTTP(0xc0004024e0, {0x7088de0, 0xc0001c01c0}, 0xc0001d0280)\n\t/Users/Johnny/go/pkg/mod/github.com/gin-gonic/gin@v1.9.1/gin.go:576 +0x1aa\nnet/http.serverHandler.ServeHTTP({0x7086378?}, {0x7088de0?, 0xc0001c01c0?}, 0x6?)\n\t/Users/Johnny/go/pkg/mod/golang.org/toolchain@v0.0.1-go1.24.2.darwin-amd64/src/net/http/server.go:3301 +0x8e\nnet/http.(*conn).serve(0xc00016e7e0, {0x708a7f0, 0xc0003efda0})\n\t/Users/Johnny/go/pkg/mod/golang.org/toolchain@v0.0.1-go1.24.2.darwin-amd64/src/net/http/server.go:2102 +0x625\ncreated by net/http.(*Server).Serve in goroutine 36\n\t/Users/Johnny/go/pkg/mod/golang.org/toolchain@v0.0.1-go1.24.2.darwin-amd64/src/net/http/server.go:3454 +0x485\n"}
{"level":"INFO","time":"2025-07-03T11:31:53.869+0800","caller":"middleware/logger.go:25","msg":"/api/v1/auth/token","hostname":"Johnny","status":500,"method":"POST","path":"/api/v1/auth/token","query":"","ip":"127.0.0.1","user-agent":"PostmanRuntime/7.28.4","errors":"","cost":0.017847171}
{"level":"ERROR","time":"2025-07-03T11:32:10.521+0800","caller":"middleware/recovery.go:45","msg":"[Recovery from panic]","error":"reflect: reflect.Value.SetUint using unaddressable value","request":"POST /api/v1/auth/token HTTP/1.1\r\nHost: 127.0.0.1:8084\r\nAccept: */*\r\nAccept-Encoding: gzip, deflate, br\r\nCache-Control: no-cache\r\nConnection: keep-alive\r\nContent-Length: 61\r\nContent-Type: application/json\r\nPostman-Token: a110150f-967e-4ae0-b5f9-1b6f85051727\r\nUser-Agent: PostmanRuntime/7.28.4\r\n\r\n","stack":"goroutine 9 [running]:\nruntime/debug.Stack()\n\t/Users/Johnny/go/pkg/mod/golang.org/toolchain@v0.0.1-go1.24.2.darwin-amd64/src/runtime/debug/stack.go:26 +0x5e\ninkgo/server.New.Recovery.func3.1()\n\t/Users/Johnny/go/src/inkgo/middleware/recovery.go:48 +0x4d1\npanic({0x6f26b20?, 0xc0002c84b0?})\n\t/Users/Johnny/go/pkg/mod/golang.org/toolchain@v0.0.1-go1.24.2.darwin-amd64/src/runtime/panic.go:792 +0x132\nreflect.flag.mustBeAssignableSlow(0xc0001f4e00?)\n\t/Users/Johnny/go/pkg/mod/golang.org/toolchain@v0.0.1-go1.24.2.darwin-amd64/src/reflect/value.go:260 +0x74\nreflect.flag.mustBeAssignable(...)\n\t/Users/Johnny/go/pkg/mod/golang.org/toolchain@v0.0.1-go1.24.2.darwin-amd64/src/reflect/value.go:247\nreflect.Value.SetUint({0x6f26da0?, 0xc0003305a0?, 0x7036b40?}, 0x1)\n\t/Users/Johnny/go/pkg/mod/golang.org/toolchain@v0.0.1-go1.24.2.darwin-amd64/src/reflect/value.go:2184 +0x45\ngorm.io/gorm/schema.(*Field).setupValuerAndSetter.func9({0x708a748, 0x8932260}, {0x7036b40?, 0xc0003305a0?, 0x18?}, {0x6f1ae00?, 0xc00001e038})\n\t/Users/Johnny/go/pkg/mod/gorm.io/gorm@v1.30.0/schema/field.go:703 +0x21f\ngorm.io/gorm.(*DB).scanIntoStruct(0xc00001a540, {0x708d930, 0xc0001e2320}, {0x7036b40?, 0xc0003305a0?, 0x6acb201?}, {0xc00036e680, 0xd, 0xd}, {0xc0002040e0, ...}, ...)\n\t/Users/Johnny/go/pkg/mod/gorm.io/gorm@v1.30.0/scan.go:76 +0x405\ngorm.io/gorm.Scan({0x708d930, 0xc0001e2320}, 0xc00001a540, 0x0)\n\t/Users/Johnny/go/pkg/mod/gorm.io/gorm@v1.30.0/scan.go:355 +0xe71\ngorm.io/gorm/callbacks.Query(0xc00001a540)\n\t/Users/Johnny/go/pkg/mod/gorm.io/gorm@v1.30.0/callbacks/query.go:27 +0xf2\ngorm.io/gorm.(*processor).Execute(0xc0002ca4b0, 0x6fea460?)\n\t/Users/Johnny/go/pkg/mod/gorm.io/gorm@v1.30.0/callbacks.go:130 +0x3c3\ngorm.io/gorm.(*DB).First(0x7036b40?, {0x7036b40, 0xc0003305a0}, {0x0, 0x0, 0x0})\n\t/Users/Johnny/go/pkg/mod/gorm.io/gorm@v1.30.0/finisher_api.go:131 +0x1b2\ninkgo/repository.(*userRepository).FindByEmail(0xc000032770, {0xc000120850, 0xd})\n\t/Users/Johnny/go/src/inkgo/repository/user.go:133 +0xcb\ninkgo/service.(*userService).LoginByPassword(0xc0000327a0, {0xc000120850, 0xd}, {0xc000120860, 0x6}, 0xc0000d55c8?)\n\t/Users/Johnny/go/src/inkgo/service/user.go:91 +0xea\ninkgo/controller.(*AuthController).Login(0xc00000e318, 0xc000314000)\n\t/Users/Johnny/go/src/inkgo/controller/auth.go:36 +0x9e\ngithub.com/gin-gonic/gin.(*Context).Next(0xc000314000)\n\t/Users/Johnny/go/pkg/mod/github.com/gin-gonic/gin@v1.9.1/context.go:174 +0x2b\ninkgo/server.New.Recovery.func3(0xc0000d5670?)\n\t/Users/Johnny/go/src/inkgo/middleware/recovery.go:59 +0x47\ngithub.com/gin-gonic/gin.(*Context).Next(0xc000314000)\n\t/Users/Johnny/go/pkg/mod/github.com/gin-gonic/gin@v1.9.1/context.go:174 +0x2b\ninkgo/server.New.LoggerMiddleWare.func2(0xc000314000)\n\t/Users/Johnny/go/src/inkgo/middleware/logger.go:22 +0x75\ngithub.com/gin-gonic/gin.(*Context).Next(...)\n\t/Users/Johnny/go/pkg/mod/github.com/gin-gonic/gin@v1.9.1/context.go:174\ninkgo/middleware.RateLimitMiddleware.func1(0xc000314000)\n\t/Users/Johnny/go/src/inkgo/middleware/ratelimit.go:18 +0xaa\ngithub.com/gin-gonic/gin.(*Context).Next(...)\n\t/Users/Johnny/go/pkg/mod/github.com/gin-gonic/gin@v1.9.1/context.go:174\ngithub.com/gin-gonic/gin.(*Engine).handleHTTPRequest(0xc0004024e0, 0xc000314000)\n\t/Users/Johnny/go/pkg/mod/github.com/gin-gonic/gin@v1.9.1/gin.go:620 +0x64e\ngithub.com/gin-gonic/gin.(*Engine).ServeHTTP(0xc0004024e0, {0x7088de0, 0xc00030c000}, 0xc0001e03c0)\n\t/Users/Johnny/go/pkg/mod/github.com/gin-gonic/gin@v1.9.1/gin.go:576 +0x1aa\nnet/http.serverHandler.ServeHTTP({0x7086378?}, {0x7088de0?, 0xc00030c000?}, 0x6?)\n\t/Users/Johnny/go/pkg/mod/golang.org/toolchain@v0.0.1-go1.24.2.darwin-amd64/src/net/http/server.go:3301 +0x8e\nnet/http.(*conn).serve(0xc00016e7e0, {0x708a7f0, 0xc0003efda0})\n\t/Users/Johnny/go/pkg/mod/golang.org/toolchain@v0.0.1-go1.24.2.darwin-amd64/src/net/http/server.go:2102 +0x625\ncreated by net/http.(*Server).Serve in goroutine 36\n\t/Users/Johnny/go/pkg/mod/golang.org/toolchain@v0.0.1-go1.24.2.darwin-amd64/src/net/http/server.go:3454 +0x485\n"}
{"level":"INFO","time":"2025-07-03T11:32:10.522+0800","caller":"middleware/logger.go:25","msg":"/api/v1/auth/token","hostname":"Johnny","status":500,"method":"POST","path":"/api/v1/auth/token","query":"","ip":"127.0.0.1","user-agent":"PostmanRuntime/7.28.4","errors":"","cost":0.039043718}
{"level":"ERROR","time":"2025-07-03T11:36:53.251+0800","caller":"middleware/recovery.go:45","msg":"[Recovery from panic]","error":"reflect: reflect.Value.SetUint using unaddressable value","request":"POST /api/v1/auth/token HTTP/1.1\r\nHost: 127.0.0.1:8084\r\nAccept: */*\r\nAccept-Encoding: gzip, deflate, br\r\nCache-Control: no-cache\r\nConnection: keep-alive\r\nContent-Length: 61\r\nContent-Type: application/json\r\nPostman-Token: 4ac0f280-f8ca-4c0c-9205-7add86aa240a\r\nUser-Agent: PostmanRuntime/7.28.4\r\n\r\n","stack":"goroutine 35 [running]:\nruntime/debug.Stack()\n\t/Users/Johnny/go/pkg/mod/golang.org/toolchain@v0.0.1-go1.24.2.darwin-amd64/src/runtime/debug/stack.go:26 +0x6b\ninkgo/middleware.Recovery.func1.1()\n\t/Users/Johnny/go/src/inkgo/middleware/recovery.go:48 +0x785\npanic({0x5ed30c0?, 0xc0001ec320?})\n\t/Users/Johnny/go/pkg/mod/golang.org/toolchain@v0.0.1-go1.24.2.darwin-amd64/src/runtime/panic.go:792 +0x136\nreflect.flag.mustBeAssignableSlow(0x87)\n\t/Users/Johnny/go/pkg/mod/golang.org/toolchain@v0.0.1-go1.24.2.darwin-amd64/src/reflect/value.go:260 +0xa8\nreflect.flag.mustBeAssignable(0x87)\n\t/Users/Johnny/go/pkg/mod/golang.org/toolchain@v0.0.1-go1.24.2.darwin-amd64/src/reflect/value.go:247 +0x49\nreflect.Value.SetUint({0x5ed3340, 0xc0000fe6c0, 0x87}, 0x1)\n\t/Users/Johnny/go/pkg/mod/golang.org/toolchain@v0.0.1-go1.24.2.darwin-amd64/src/reflect/value.go:2184 +0x37\ngorm.io/gorm/schema.(*Field).setupValuerAndSetter.func9({0x603f880, 0x7840000}, {0x5fe9a80, 0xc0000fe6c0, 0x99}, {0x5ec7080, 0xc0000a0128})\n\t/Users/Johnny/go/pkg/mod/gorm.io/gorm@v1.30.0/schema/field.go:703 +0xd98\ngorm.io/gorm.(*DB).scanIntoStruct(0xc00050e930, {0x6041418, 0xc0001ccaa0}, {0x5fe9a80, 0xc0000fe6c0, 0x99}, {0xc0003272b0, 0xd, 0xd}, {0xc0001f01c0, ...}, ...)\n\t/Users/Johnny/go/pkg/mod/gorm.io/gorm@v1.30.0/scan.go:76 +0x5e3\ngorm.io/gorm.Scan({0x6041418, 0xc0001ccaa0}, 0xc00050e930, 0x0)\n\t/Users/Johnny/go/pkg/mod/gorm.io/gorm@v1.30.0/scan.go:355 +0x1b59\ngorm.io/gorm/callbacks.Query(0xc00050e930)\n\t/Users/Johnny/go/pkg/mod/gorm.io/gorm@v1.30.0/callbacks/query.go:27 +0x2de\ngorm.io/gorm.(*processor).Execute(0xc0002b82d0, 0xc00050e930)\n\t/Users/Johnny/go/pkg/mod/gorm.io/gorm@v1.30.0/callbacks.go:130 +0x67c\ngorm.io/gorm.(*DB).First(0xc00050e930, {0x5fe9a80, 0xc0000fe6c0}, {0x0, 0x0, 0x0})\n\t/Users/Johnny/go/pkg/mod/gorm.io/gorm@v1.30.0/finisher_api.go:131 +0x35a\ninkgo/repository.(*userRepository).FindByEmail(0xc000033ae0, {0xc000226530, 0xd})\n\t/Users/Johnny/go/src/inkgo/repository/user.go:133 +0x1cb\ninkgo/service.(*userService).LoginByPassword(0xc000033b20, {0xc000226530, 0xd}, {0xc000226550, 0x6}, 0x0)\n\t/Users/Johnny/go/src/inkgo/service/user.go:91 +0x2a8\ninkgo/controller.(*AuthController).Login(0xc00000ec60, 0xc000350000)\n\t/Users/Johnny/go/src/inkgo/controller/auth.go:36 +0x14c\ngithub.com/gin-gonic/gin.(*Context).Next(0xc000350000)\n\t/Users/Johnny/go/pkg/mod/github.com/gin-gonic/gin@v1.9.1/context.go:174 +0x7a\ninkgo/middleware.Recovery.func1(0xc000350000)\n\t/Users/Johnny/go/src/inkgo/middleware/recovery.go:59 +0x98\ngithub.com/gin-gonic/gin.(*Context).Next(0xc000350000)\n\t/Users/Johnny/go/pkg/mod/github.com/gin-gonic/gin@v1.9.1/context.go:174 +0x7a\ninkgo/middleware.LoggerMiddleWare.func1(0xc000350000)\n\t/Users/Johnny/go/src/inkgo/middleware/logger.go:22 +0x96\ngithub.com/gin-gonic/gin.(*Context).Next(0xc000350000)\n\t/Users/Johnny/go/pkg/mod/github.com/gin-gonic/gin@v1.9.1/context.go:174 +0x7a\ninkgo/middleware.RateLimitMiddleware.func1(0xc000350000)\n\t/Users/Johnny/go/src/inkgo/middleware/ratelimit.go:18 +0x6f\ngithub.com/gin-gonic/gin.(*Context).Next(0xc000350000)\n\t/Users/Johnny/go/pkg/mod/github.com/gin-gonic/gin@v1.9.1/context.go:174 +0x7a\ngithub.com/gin-gonic/gin.(*Engine).handleHTTPRequest(0xc0003dc4e0, 0xc000350000)\n\t/Users/Johnny/go/pkg/mod/github.com/gin-gonic/gin@v1.9.1/gin.go:620 +0x42a\ngithub.com/gin-gonic/gin.(*Engine).ServeHTTP(0xc0003dc4e0, {0x603db08, 0xc000332000}, 0xc0001ca3c0)\n\t/Users/Johnny/go/pkg/mod/github.com/gin-gonic/gin@v1.9.1/gin.go:576 +0xbc\nnet/http.serverHandler.ServeHTTP({0xc00020a300}, {0x603db08, 0xc000332000}, 0xc0001ca3c0)\n\t/Users/Johnny/go/pkg/mod/golang.org/toolchain@v0.0.1-go1.24.2.darwin-amd64/src/net/http/server.go:3301 +0x257\nnet/http.(*conn).serve(0xc000328090, {0x603f7d8, 0xc00032a000})\n\t/Users/Johnny/go/pkg/mod/golang.org/toolchain@v0.0.1-go1.24.2.darwin-amd64/src/net/http/server.go:2102 +0x1b75\ncreated by net/http.(*Server).Serve in goroutine 20\n\t/Users/Johnny/go/pkg/mod/golang.org/toolchain@v0.0.1-go1.24.2.darwin-amd64/src/net/http/server.go:3454 +0xa9a\n"}
{"level":"INFO","time":"2025-07-03T11:36:54.861+0800","caller":"middleware/logger.go:25","msg":"/api/v1/auth/token","hostname":"Johnny","status":500,"method":"POST","path":"/api/v1/auth/token","query":"","ip":"127.0.0.1","user-agent":"PostmanRuntime/7.28.4","errors":"","cost":220.488084459}
{"level":"ERROR","time":"2025-07-03T12:01:36.196+0800","caller":"middleware/recovery.go:45","msg":"[Recovery from panic]","error":"reflect: reflect.Value.SetUint using unaddressable value","request":"POST /api/v1/auth/token HTTP/1.1\r\nHost: 127.0.0.1:8084\r\nAccept: */*\r\nAccept-Encoding: gzip, deflate, br\r\nCache-Control: no-cache\r\nConnection: keep-alive\r\nContent-Length: 61\r\nContent-Type: application/json\r\nPostman-Token: 72e7df70-fd07-4e6d-af36-29e3da8126fa\r\nUser-Agent: PostmanRuntime/7.28.4\r\n\r\n","stack":"goroutine 20 [running]:\nruntime/debug.Stack()\n\t/Users/Johnny/go/pkg/mod/golang.org/toolchain@v0.0.1-go1.24.2.darwin-amd64/src/runtime/debug/stack.go:26 +0x5e\ninkgo/server.New.Recovery.func3.1()\n\t/Users/Johnny/go/src/inkgo/middleware/recovery.go:48 +0x4d1\npanic({0xe640b20?, 0xc000200700?})\n\t/Users/Johnny/go/pkg/mod/golang.org/toolchain@v0.0.1-go1.24.2.darwin-amd64/src/runtime/panic.go:792 +0x132\nreflect.flag.mustBeAssignableSlow(0xc0001d4e00?)\n\t/Users/Johnny/go/pkg/mod/golang.org/toolchain@v0.0.1-go1.24.2.darwin-amd64/src/reflect/value.go:260 +0x74\nreflect.flag.mustBeAssignable(...)\n\t/Users/Johnny/go/pkg/mod/golang.org/toolchain@v0.0.1-go1.24.2.darwin-amd64/src/reflect/value.go:247\nreflect.Value.SetUint({0xe640da0?, 0xc0002f45a0?, 0xe750b40?}, 0x1)\n\t/Users/Johnny/go/pkg/mod/golang.org/toolchain@v0.0.1-go1.24.2.darwin-amd64/src/reflect/value.go:2184 +0x45\ngorm.io/gorm/schema.(*Field).setupValuerAndSetter.func9({0xe7a4748, 0x1004c260}, {0xe750b40?, 0xc0002f45a0?, 0x18?}, {0xe634e00?, 0xc0001bc120})\n\t/Users/Johnny/go/pkg/mod/gorm.io/gorm@v1.30.0/schema/field.go:703 +0x21f\ngorm.io/gorm.(*DB).scanIntoStruct(0xc0000dfc80, {0xe7a7930, 0xc0001aaa00}, {0xe750b40?, 0xc0002f45a0?, 0xe73c601?}, {0xc000285040, 0xd, 0xd}, {0xc0001e40e0, ...}, ...)\n\t/Users/Johnny/go/pkg/mod/gorm.io/gorm@v1.30.0/scan.go:76 +0x405\ngorm.io/gorm.Scan({0xe7a7930, 0xc0001aaa00}, 0xc0000dfc80, 0x0)\n\t/Users/Johnny/go/pkg/mod/gorm.io/gorm@v1.30.0/scan.go:355 +0xe71\ngorm.io/gorm/callbacks.Query(0xc0000dfc80)\n\t/Users/Johnny/go/pkg/mod/gorm.io/gorm@v1.30.0/callbacks/query.go:27 +0xf2\ngorm.io/gorm.(*processor).Execute(0xc00032a4b0, 0xe704460?)\n\t/Users/Johnny/go/pkg/mod/gorm.io/gorm@v1.30.0/callbacks.go:130 +0x3c3\ngorm.io/gorm.(*DB).First(0xe750b40?, {0xe750b40, 0xc0002f45a0}, {0x0, 0x0, 0x0})\n\t/Users/Johnny/go/pkg/mod/gorm.io/gorm@v1.30.0/finisher_api.go:131 +0x1b2\ninkgo/repository.(*userRepository).FindByEmail(0xc0001267e0, {0xc000010aa0, 0xd})\n\t/Users/Johnny/go/src/inkgo/repository/user.go:133 +0xcb\ninkgo/service.(*userService).LoginByPassword(0xc000126810, {0xc000010aa0, 0xd}, {0xc000010ab0, 0x6}, 0xc0002f4360)\n\t/Users/Johnny/go/src/inkgo/service/user.go:92 +0xd8\ninkgo/controller.(*AuthController).Login(0xc0001223c0, 0xc0002fc000)\n\t/Users/Johnny/go/src/inkgo/controller/auth.go:36 +0x9e\ngithub.com/gin-gonic/gin.(*Context).Next(0xc0002fc000)\n\t/Users/Johnny/go/pkg/mod/github.com/gin-gonic/gin@v1.9.1/context.go:174 +0x2b\ninkgo/server.New.Recovery.func3(0xc00046d670?)\n\t/Users/Johnny/go/src/inkgo/middleware/recovery.go:59 +0x47\ngithub.com/gin-gonic/gin.(*Context).Next(0xc0002fc000)\n\t/Users/Johnny/go/pkg/mod/github.com/gin-gonic/gin@v1.9.1/context.go:174 +0x2b\ninkgo/server.New.LoggerMiddleWare.func2(0xc0002fc000)\n\t/Users/Johnny/go/src/inkgo/middleware/logger.go:22 +0x75\ngithub.com/gin-gonic/gin.(*Context).Next(...)\n\t/Users/Johnny/go/pkg/mod/github.com/gin-gonic/gin@v1.9.1/context.go:174\ninkgo/middleware.RateLimitMiddleware.func1(0xc0002fc000)\n\t/Users/Johnny/go/src/inkgo/middleware/ratelimit.go:18 +0xaa\ngithub.com/gin-gonic/gin.(*Context).Next(...)\n\t/Users/Johnny/go/pkg/mod/github.com/gin-gonic/gin@v1.9.1/context.go:174\ngithub.com/gin-gonic/gin.(*Engine).handleHTTPRequest(0xc00044c4e0, 0xc0002fc000)\n\t/Users/Johnny/go/pkg/mod/github.com/gin-gonic/gin@v1.9.1/gin.go:620 +0x64e\ngithub.com/gin-gonic/gin.(*Engine).ServeHTTP(0xc00044c4e0, {0xe7a2de0, 0xc0002f6000}, 0xc0001c03c0)\n\t/Users/Johnny/go/pkg/mod/github.com/gin-gonic/gin@v1.9.1/gin.go:576 +0x1aa\nnet/http.serverHandler.ServeHTTP({0xe7a0378?}, {0xe7a2de0?, 0xc0002f6000?}, 0x6?)\n\t/Users/Johnny/go/pkg/mod/golang.org/toolchain@v0.0.1-go1.24.2.darwin-amd64/src/net/http/server.go:3301 +0x8e\nnet/http.(*conn).serve(0xc00028c090, {0xe7a47f0, 0xc0000df1a0})\n\t/Users/Johnny/go/pkg/mod/golang.org/toolchain@v0.0.1-go1.24.2.darwin-amd64/src/net/http/server.go:2102 +0x625\ncreated by net/http.(*Server).Serve in goroutine 34\n\t/Users/Johnny/go/pkg/mod/golang.org/toolchain@v0.0.1-go1.24.2.darwin-amd64/src/net/http/server.go:3454 +0x485\n"}
{"level":"INFO","time":"2025-07-03T12:01:36.196+0800","caller":"middleware/logger.go:25","msg":"/api/v1/auth/token","hostname":"Johnny","status":500,"method":"POST","path":"/api/v1/auth/token","query":"","ip":"127.0.0.1","user-agent":"PostmanRuntime/7.28.4","errors":"","cost":0.009756643}
{"level":"ERROR","time":"2025-07-03T12:01:45.640+0800","caller":"middleware/recovery.go:45","msg":"[Recovery from panic]","error":"reflect: reflect.Value.SetUint using unaddressable value","request":"POST /api/v1/auth/token HTTP/1.1\r\nHost: 127.0.0.1:8084\r\nAccept: */*\r\nAccept-Encoding: gzip, deflate, br\r\nCache-Control: no-cache\r\nConnection: keep-alive\r\nContent-Length: 61\r\nContent-Type: application/json\r\nPostman-Token: 350f70e7-21bb-45b2-be62-506119a764fb\r\nUser-Agent: PostmanRuntime/7.28.4\r\n\r\n","stack":"goroutine 20 [running]:\nruntime/debug.Stack()\n\t/Users/Johnny/go/pkg/mod/golang.org/toolchain@v0.0.1-go1.24.2.darwin-amd64/src/runtime/debug/stack.go:26 +0x5e\ninkgo/server.New.Recovery.func3.1()\n\t/Users/Johnny/go/src/inkgo/middleware/recovery.go:48 +0x4d1\npanic({0xe640b20?, 0xc000200920?})\n\t/Users/Johnny/go/pkg/mod/golang.org/toolchain@v0.0.1-go1.24.2.darwin-amd64/src/runtime/panic.go:792 +0x132\nreflect.flag.mustBeAssignableSlow(0xc0001d4e00?)\n\t/Users/Johnny/go/pkg/mod/golang.org/toolchain@v0.0.1-go1.24.2.darwin-amd64/src/reflect/value.go:260 +0x74\nreflect.flag.mustBeAssignable(...)\n\t/Users/Johnny/go/pkg/mod/golang.org/toolchain@v0.0.1-go1.24.2.darwin-amd64/src/reflect/value.go:247\nreflect.Value.SetUint({0xe640da0?, 0xc00031a6c0?, 0xe750b40?}, 0x1)\n\t/Users/Johnny/go/pkg/mod/golang.org/toolchain@v0.0.1-go1.24.2.darwin-amd64/src/reflect/value.go:2184 +0x45\ngorm.io/gorm/schema.(*Field).setupValuerAndSetter.func9({0xe7a4748, 0x1004c260}, {0xe750b40?, 0xc00031a6c0?, 0x18?}, {0xe634e00?, 0xc0001bc1d0})\n\t/Users/Johnny/go/pkg/mod/gorm.io/gorm@v1.30.0/schema/field.go:703 +0x21f\ngorm.io/gorm.(*DB).scanIntoStruct(0xc0001f8e70, {0xe7a7930, 0xc0001aab40}, {0xe750b40?, 0xc00031a6c0?, 0xe1e5201?}, {0xc000285450, 0xd, 0xd}, {0xc0001e4150, ...}, ...)\n\t/Users/Johnny/go/pkg/mod/gorm.io/gorm@v1.30.0/scan.go:76 +0x405\ngorm.io/gorm.Scan({0xe7a7930, 0xc0001aab40}, 0xc0001f8e70, 0x0)\n\t/Users/Johnny/go/pkg/mod/gorm.io/gorm@v1.30.0/scan.go:355 +0xe71\ngorm.io/gorm/callbacks.Query(0xc0001f8e70)\n\t/Users/Johnny/go/pkg/mod/gorm.io/gorm@v1.30.0/callbacks/query.go:27 +0xf2\ngorm.io/gorm.(*processor).Execute(0xc00032a4b0, 0xe704460?)\n\t/Users/Johnny/go/pkg/mod/gorm.io/gorm@v1.30.0/callbacks.go:130 +0x3c3\ngorm.io/gorm.(*DB).First(0xe750b40?, {0xe750b40, 0xc00031a6c0}, {0x0, 0x0, 0x0})\n\t/Users/Johnny/go/pkg/mod/gorm.io/gorm@v1.30.0/finisher_api.go:131 +0x1b2\ninkgo/repository.(*userRepository).FindByEmail(0xc0001267e0, {0xc0001cacd0, 0xd})\n\t/Users/Johnny/go/src/inkgo/repository/user.go:133 +0xcb\ninkgo/service.(*userService).LoginByPassword(0xc000126810, {0xc0001cacd0, 0xd}, {0xc0001cace0, 0x6}, 0xc00031a480)\n\t/Users/Johnny/go/src/inkgo/service/user.go:92 +0xd8\ninkgo/controller.(*AuthController).Login(0xc0001223c0, 0xc0002fc000)\n\t/Users/Johnny/go/src/inkgo/controller/auth.go:36 +0x9e\ngithub.com/gin-gonic/gin.(*Context).Next(0xc0002fc000)\n\t/Users/Johnny/go/pkg/mod/github.com/gin-gonic/gin@v1.9.1/context.go:174 +0x2b\ninkgo/server.New.Recovery.func3(0xc00036f670?)\n\t/Users/Johnny/go/src/inkgo/middleware/recovery.go:59 +0x47\ngithub.com/gin-gonic/gin.(*Context).Next(0xc0002fc000)\n\t/Users/Johnny/go/pkg/mod/github.com/gin-gonic/gin@v1.9.1/context.go:174 +0x2b\ninkgo/server.New.LoggerMiddleWare.func2(0xc0002fc000)\n\t/Users/Johnny/go/src/inkgo/middleware/logger.go:22 +0x75\ngithub.com/gin-gonic/gin.(*Context).Next(...)\n\t/Users/Johnny/go/pkg/mod/github.com/gin-gonic/gin@v1.9.1/context.go:174\ninkgo/middleware.RateLimitMiddleware.func1(0xc0002fc000)\n\t/Users/Johnny/go/src/inkgo/middleware/ratelimit.go:18 +0xaa\ngithub.com/gin-gonic/gin.(*Context).Next(...)\n\t/Users/Johnny/go/pkg/mod/github.com/gin-gonic/gin@v1.9.1/context.go:174\ngithub.com/gin-gonic/gin.(*Engine).handleHTTPRequest(0xc00044c4e0, 0xc0002fc000)\n\t/Users/Johnny/go/pkg/mod/github.com/gin-gonic/gin@v1.9.1/gin.go:620 +0x64e\ngithub.com/gin-gonic/gin.(*Engine).ServeHTTP(0xc00044c4e0, {0xe7a2de0, 0xc0002f60e0}, 0xc0001c08c0)\n\t/Users/Johnny/go/pkg/mod/github.com/gin-gonic/gin@v1.9.1/gin.go:576 +0x1aa\nnet/http.serverHandler.ServeHTTP({0xe7a0378?}, {0xe7a2de0?, 0xc0002f60e0?}, 0x6?)\n\t/Users/Johnny/go/pkg/mod/golang.org/toolchain@v0.0.1-go1.24.2.darwin-amd64/src/net/http/server.go:3301 +0x8e\nnet/http.(*conn).serve(0xc00028c090, {0xe7a47f0, 0xc0000df1a0})\n\t/Users/Johnny/go/pkg/mod/golang.org/toolchain@v0.0.1-go1.24.2.darwin-amd64/src/net/http/server.go:2102 +0x625\ncreated by net/http.(*Server).Serve in goroutine 34\n\t/Users/Johnny/go/pkg/mod/golang.org/toolchain@v0.0.1-go1.24.2.darwin-amd64/src/net/http/server.go:3454 +0x485\n"}
{"level":"INFO","time":"2025-07-03T12:01:45.640+0800","caller":"middleware/logger.go:25","msg":"/api/v1/auth/token","hostname":"Johnny","status":500,"method":"POST","path":"/api/v1/auth/token","query":"","ip":"127.0.0.1","user-agent":"PostmanRuntime/7.28.4","errors":"","cost":0.00636148}
{"level":"ERROR","time":"2025-07-03T12:05:15.005+0800","caller":"middleware/recovery.go:45","msg":"[Recovery from panic]","error":"reflect: reflect.Value.SetUint using unaddressable value","request":"POST /api/v1/auth/token HTTP/1.1\r\nHost: 127.0.0.1:8084\r\nAccept: */*\r\nAccept-Encoding: gzip, deflate, br\r\nCache-Control: no-cache\r\nConnection: keep-alive\r\nContent-Length: 61\r\nContent-Type: application/json\r\nPostman-Token: 0f2873fb-36a5-4548-8566-f757e11b913b\r\nUser-Agent: PostmanRuntime/7.28.4\r\n\r\n","stack":"goroutine 35 [running]:\nruntime/debug.Stack()\n\t/Users/Johnny/go/pkg/mod/golang.org/toolchain@v0.0.1-go1.24.2.darwin-amd64/src/runtime/debug/stack.go:26 +0x6b\ninkgo/middleware.Recovery.func1.1()\n\t/Users/Johnny/go/src/inkgo/middleware/recovery.go:48 +0x785\npanic({0x1002f0c0?, 0xc0003c3520?})\n\t/Users/Johnny/go/pkg/mod/golang.org/toolchain@v0.0.1-go1.24.2.darwin-amd64/src/runtime/panic.go:792 +0x136\nreflect.flag.mustBeAssignableSlow(0x87)\n\t/Users/Johnny/go/pkg/mod/golang.org/toolchain@v0.0.1-go1.24.2.darwin-amd64/src/reflect/value.go:260 +0xa8\nreflect.flag.mustBeAssignable(0x87)\n\t/Users/Johnny/go/pkg/mod/golang.org/toolchain@v0.0.1-go1.24.2.darwin-amd64/src/reflect/value.go:247 +0x49\nreflect.Value.SetUint({0x1002f340, 0xc0000fe900, 0x87}, 0x1)\n\t/Users/Johnny/go/pkg/mod/golang.org/toolchain@v0.0.1-go1.24.2.darwin-amd64/src/reflect/value.go:2184 +0x37\ngorm.io/gorm/schema.(*Field).setupValuerAndSetter.func9({0x1019b880, 0x1199c000}, {0x10145a80, 0xc0000fe900, 0x99}, {0x10023080, 0xc000074320})\n\t/Users/Johnny/go/pkg/mod/gorm.io/gorm@v1.30.0/schema/field.go:703 +0xd98\ngorm.io/gorm.(*DB).scanIntoStruct(0xc000201740, {0x1019d418, 0xc0003d48c0}, {0x10145a80, 0xc0000fe900, 0x99}, {0xc00028e1a0, 0xd, 0xd}, {0xc0000fc070, ...}, ...)\n\t/Users/Johnny/go/pkg/mod/gorm.io/gorm@v1.30.0/scan.go:76 +0x5e3\ngorm.io/gorm.Scan({0x1019d418, 0xc0003d48c0}, 0xc000201740, 0x0)\n\t/Users/Johnny/go/pkg/mod/gorm.io/gorm@v1.30.0/scan.go:355 +0x1b59\ngorm.io/gorm/callbacks.Query(0xc000201740)\n\t/Users/Johnny/go/pkg/mod/gorm.io/gorm@v1.30.0/callbacks/query.go:27 +0x2de\ngorm.io/gorm.(*processor).Execute(0xc0002b8500, 0xc000201740)\n\t/Users/Johnny/go/pkg/mod/gorm.io/gorm@v1.30.0/callbacks.go:130 +0x67c\ngorm.io/gorm.(*DB).First(0xc000201740, {0x10145a80, 0xc0000fe900}, {0x0, 0x0, 0x0})\n\t/Users/Johnny/go/pkg/mod/gorm.io/gorm@v1.30.0/finisher_api.go:131 +0x35a\ninkgo/repository.(*userRepository).FindByEmail(0xc000033ae0, {0xc000226530, 0xd})\n\t/Users/Johnny/go/src/inkgo/repository/user.go:133 +0x1cb\ninkgo/service.(*userService).LoginByPassword(0xc000033b20, {0xc000226530, 0xd}, {0xc000226550, 0x6}, 0xc000330360)\n\t/Users/Johnny/go/src/inkgo/service/user.go:92 +0x1f6\ninkgo/controller.(*AuthController).Login(0xc0001c8300, 0xc000350000)\n\t/Users/Johnny/go/src/inkgo/controller/auth.go:36 +0x14c\ngithub.com/gin-gonic/gin.(*Context).Next(0xc000350000)\n\t/Users/Johnny/go/pkg/mod/github.com/gin-gonic/gin@v1.9.1/context.go:174 +0x7a\ninkgo/middleware.Recovery.func1(0xc000350000)\n\t/Users/Johnny/go/src/inkgo/middleware/recovery.go:59 +0x98\ngithub.com/gin-gonic/gin.(*Context).Next(0xc000350000)\n\t/Users/Johnny/go/pkg/mod/github.com/gin-gonic/gin@v1.9.1/context.go:174 +0x7a\ninkgo/middleware.LoggerMiddleWare.func1(0xc000350000)\n\t/Users/Johnny/go/src/inkgo/middleware/logger.go:22 +0x96\ngithub.com/gin-gonic/gin.(*Context).Next(0xc000350000)\n\t/Users/Johnny/go/pkg/mod/github.com/gin-gonic/gin@v1.9.1/context.go:174 +0x7a\ninkgo/middleware.RateLimitMiddleware.func1(0xc000350000)\n\t/Users/Johnny/go/src/inkgo/middleware/ratelimit.go:18 +0x6f\ngithub.com/gin-gonic/gin.(*Context).Next(0xc000350000)\n\t/Users/Johnny/go/pkg/mod/github.com/gin-gonic/gin@v1.9.1/context.go:174 +0x7a\ngithub.com/gin-gonic/gin.(*Engine).handleHTTPRequest(0xc0003dc4e0, 0xc000350000)\n\t/Users/Johnny/go/pkg/mod/github.com/gin-gonic/gin@v1.9.1/gin.go:620 +0x42a\ngithub.com/gin-gonic/gin.(*Engine).ServeHTTP(0xc0003dc4e0, {0x10199b08, 0xc000332000}, 0xc0001ca3c0)\n\t/Users/Johnny/go/pkg/mod/github.com/gin-gonic/gin@v1.9.1/gin.go:576 +0xbc\nnet/http.serverHandler.ServeHTTP({0xc00028c300}, {0x10199b08, 0xc000332000}, 0xc0001ca3c0)\n\t/Users/Johnny/go/pkg/mod/golang.org/toolchain@v0.0.1-go1.24.2.darwin-amd64/src/net/http/server.go:3301 +0x257\nnet/http.(*conn).serve(0xc00032a090, {0x1019b7d8, 0xc0000e64b0})\n\t/Users/Johnny/go/pkg/mod/golang.org/toolchain@v0.0.1-go1.24.2.darwin-amd64/src/net/http/server.go:2102 +0x1b75\ncreated by net/http.(*Server).Serve in goroutine 20\n\t/Users/Johnny/go/pkg/mod/golang.org/toolchain@v0.0.1-go1.24.2.darwin-amd64/src/net/http/server.go:3454 +0xa9a\n"}
{"level":"INFO","time":"2025-07-03T12:05:16.704+0800","caller":"middleware/logger.go:25","msg":"/api/v1/auth/token","hostname":"Johnny","status":500,"method":"POST","path":"/api/v1/auth/token","query":"","ip":"127.0.0.1","user-agent":"PostmanRuntime/7.28.4","errors":"","cost":167.453832885}
{"level":"INFO","time":"2025-07-03T12:05:53.516+0800","caller":"middleware/logger.go:25","msg":"/api/v1/auth/token","hostname":"Johnny","status":200,"method":"POST","path":"/api/v1/auth/token","query":"","ip":"127.0.0.1","user-agent":"PostmanRuntime/7.28.4","errors":"","cost":0.067890158}
{"level":"INFO","time":"2025-07-03T12:07:48.650+0800","caller":"middleware/logger.go:25","msg":"/api/v1/auth/token","hostname":"Johnny","status":401,"method":"POST","path":"/api/v1/auth/token","query":"","ip":"127.0.0.1","user-agent":"PostmanRuntime/7.28.4","errors":"","cost":0.012224768}
{"level":"INFO","time":"2025-07-03T12:11:37.911+0800","caller":"middleware/logger.go:25","msg":"/api/v1/auth/token","hostname":"Johnny","status":200,"method":"POST","path":"/api/v1/auth/token","query":"","ip":"127.0.0.1","user-agent":"PostmanRuntime/7.28.4","errors":"","cost":0.07175017}
{"level":"INFO","time":"2025-07-03T12:12:19.379+0800","caller":"middleware/logger.go:25","msg":"/api/v1/auth/token","hostname":"Johnny","status":200,"method":"POST","path":"/api/v1/auth/token","query":"","ip":"127.0.0.1","user-agent":"PostmanRuntime/7.28.4","errors":"","cost":0.070007982}
{"level":"INFO","time":"2025-07-03T12:13:15.330+0800","caller":"middleware/logger.go:25","msg":"/api/v1/auth/user","hostname":"Johnny","status":200,"method":"POST","path":"/api/v1/auth/user","query":"","ip":"127.0.0.1","user-agent":"PostmanRuntime/7.28.4","errors":"","cost":0.076859083}
{"level":"INFO","time":"2025-07-03T12:16:23.901+0800","caller":"middleware/logger.go:25","msg":"/api/v1/auth/user","hostname":"Johnny","status":200,"method":"POST","path":"/api/v1/auth/user","query":"","ip":"192.168.8.173","user-agent":"PostmanRuntime/7.44.1","errors":"","cost":0.084384173}
{"level":"INFO","time":"2025-07-03T12:18:04.089+0800","caller":"middleware/logger.go:25","msg":"/api/v1/auth/token","hostname":"Johnny","status":200,"method":"POST","path":"/api/v1/auth/token","query":"","ip":"192.168.8.173","user-agent":"PostmanRuntime/7.44.1","errors":"","cost":0.067819728}
{"level":"INFO","time":"2025-07-03T12:20:48.560+0800","caller":"middleware/logger.go:25","msg":"/api/v1/users","hostname":"Johnny","status":404,"method":"POST","path":"/api/v1/users","query":"","ip":"192.168.8.173","user-agent":"PostmanRuntime/7.44.1","errors":"","cost":0.000000824}
{"level":"INFO","time":"2025-07-03T12:21:47.743+0800","caller":"middleware/logger.go:25","msg":"/api/v1/auth/token","hostname":"Johnny","status":200,"method":"POST","path":"/api/v1/auth/token","query":"","ip":"192.168.8.173","user-agent":"PostmanRuntime/7.44.1","errors":"","cost":0.067648422}
{"level":"INFO","time":"2025-07-03T12:21:49.124+0800","caller":"middleware/logger.go:25","msg":"/api/v1/auth/token","hostname":"Johnny","status":200,"method":"POST","path":"/api/v1/auth/token","query":"","ip":"192.168.8.173","user-agent":"PostmanRuntime/7.44.1","errors":"","cost":0.079440218}
{"level":"INFO","time":"2025-07-03T12:21:49.908+0800","caller":"middleware/logger.go:25","msg":"/api/v1/auth/token","hostname":"Johnny","status":200,"method":"POST","path":"/api/v1/auth/token","query":"","ip":"192.168.8.173","user-agent":"PostmanRuntime/7.44.1","errors":"","cost":0.067646087}
{"level":"INFO","time":"2025-07-03T12:21:50.641+0800","caller":"middleware/logger.go:25","msg":"/api/v1/auth/token","hostname":"Johnny","status":200,"method":"POST","path":"/api/v1/auth/token","query":"","ip":"192.168.8.173","user-agent":"PostmanRuntime/7.44.1","errors":"","cost":0.071324845}
{"level":"INFO","time":"2025-07-03T12:21:51.455+0800","caller":"middleware/logger.go:25","msg":"/api/v1/auth/token","hostname":"Johnny","status":200,"method":"POST","path":"/api/v1/auth/token","query":"","ip":"192.168.8.173","user-agent":"PostmanRuntime/7.44.1","errors":"","cost":0.078841659}
{"level":"INFO","time":"2025-07-03T12:21:52.569+0800","caller":"middleware/logger.go:25","msg":"/api/v1/auth/token","hostname":"Johnny","status":200,"method":"POST","path":"/api/v1/auth/token","query":"","ip":"192.168.8.173","user-agent":"PostmanRuntime/7.44.1","errors":"","cost":0.073512002}
{"level":"INFO","time":"2025-07-03T12:22:24.761+0800","caller":"middleware/logger.go:25","msg":"/api/v1/auth/token","hostname":"Johnny","status":200,"method":"POST","path":"/api/v1/auth/token","query":"","ip":"192.168.8.173","user-agent":"PostmanRuntime/7.44.1","errors":"","cost":0.077201739}
{"level":"INFO","time":"2025-07-03T12:43:27.549+0800","caller":"middleware/logger.go:25","msg":"/api/v1/users","hostname":"Johnny","status":401,"method":"POST","path":"/api/v1/users","query":"","ip":"192.168.8.173","user-agent":"PostmanRuntime/7.44.1","errors":"","cost":0.000100034}
{"level":"INFO","time":"2025-07-03T15:48:18.296+0800","caller":"middleware/logger.go:25","msg":"/api/v1/user/reset_password","hostname":"Johnny","status":400,"method":"POST","path":"/api/v1/user/reset_password","query":"","ip":"127.0.0.1","user-agent":"PostmanRuntime/7.28.4","errors":"","cost":0.000177701}
{"level":"ERROR","time":"2025-07-03T15:49:04.364+0800","caller":"middleware/recovery.go:45","msg":"[Recovery from panic]","error":"runtime error: invalid memory address or nil pointer dereference","request":"POST /api/v1/user/reset_password HTTP/1.1\r\nHost: 127.0.0.1:8084\r\nAccept: */*\r\nAccept-Encoding: gzip, deflate, br\r\nCache-Control: no-cache\r\nConnection: keep-alive\r\nContent-Length: 104\r\nContent-Type: application/json\r\nPostman-Token: d7dd205f-91f7-4598-9b39-076651b0d633\r\nUser-Agent: PostmanRuntime/7.28.4\r\n\r\n","stack":"goroutine 37 [running]:\nruntime/debug.Stack()\n\t/Users/Johnny/go/pkg/mod/golang.org/toolchain@v0.0.1-go1.24.2.darwin-amd64/src/runtime/debug/stack.go:26 +0x5e\ninkgo/server.New.Recovery.func3.1()\n\t/Users/Johnny/go/src/inkgo/middleware/recovery.go:48 +0x4d1\npanic({0x1050b7c0?, 0x11e8ca20?})\n\t/Users/Johnny/go/pkg/mod/golang.org/toolchain@v0.0.1-go1.24.2.darwin-amd64/src/runtime/panic.go:792 +0x132\ninkgo/service.(*emailService).SendCode(0xc000088240, {0xc000036168, 0x11}, {0xc000036180, 0x11}, {0xc000010640, 0x10})\n\t/Users/Johnny/go/src/inkgo/service/email.go:70 +0x388\ninkgo/controller.(*UserController).ResetPassword(0xc000200600, 0xc00009e200)\n\t/Users/Johnny/go/src/inkgo/controller/user.go:100 +0x7d\ngithub.com/gin-gonic/gin.(*Context).Next(0xc00009e200)\n\t/Users/Johnny/go/pkg/mod/github.com/gin-gonic/gin@v1.9.1/context.go:174 +0x2b\ninkgo/server.New.Recovery.func3(0xc000015670?)\n\t/Users/Johnny/go/src/inkgo/middleware/recovery.go:59 +0x47\ngithub.com/gin-gonic/gin.(*Context).Next(0xc00009e200)\n\t/Users/Johnny/go/pkg/mod/github.com/gin-gonic/gin@v1.9.1/context.go:174 +0x2b\ninkgo/server.New.LoggerMiddleWare.func2(0xc00009e200)\n\t/Users/Johnny/go/src/inkgo/middleware/logger.go:22 +0x75\ngithub.com/gin-gonic/gin.(*Context).Next(...)\n\t/Users/Johnny/go/pkg/mod/github.com/gin-gonic/gin@v1.9.1/context.go:174\ninkgo/middleware.RateLimitMiddleware.func1(0xc00009e200)\n\t/Users/Johnny/go/src/inkgo/middleware/ratelimit.go:18 +0xaa\ngithub.com/gin-gonic/gin.(*Context).Next(...)\n\t/Users/Johnny/go/pkg/mod/github.com/gin-gonic/gin@v1.9.1/context.go:174\ngithub.com/gin-gonic/gin.(*Engine).handleHTTPRequest(0xc0004024e0, 0xc00009e200)\n\t/Users/Johnny/go/pkg/mod/github.com/gin-gonic/gin@v1.9.1/gin.go:620 +0x64e\ngithub.com/gin-gonic/gin.(*Engine).ServeHTTP(0xc0004024e0, {0x106229e0, 0xc0001c02a0}, 0xc0001d2640)\n\t/Users/Johnny/go/pkg/mod/github.com/gin-gonic/gin@v1.9.1/gin.go:576 +0x1aa\nnet/http.serverHandler.ServeHTTP({0x1061fe58?}, {0x106229e0?, 0xc0001c02a0?}, 0x6?)\n\t/Users/Johnny/go/pkg/mod/golang.org/toolchain@v0.0.1-go1.24.2.darwin-amd64/src/net/http/server.go:3301 +0x8e\nnet/http.(*conn).serve(0xc0001dc090, {0x106243f0, 0xc00024a510})\n\t/Users/Johnny/go/pkg/mod/golang.org/toolchain@v0.0.1-go1.24.2.darwin-amd64/src/net/http/server.go:2102 +0x625\ncreated by net/http.(*Server).Serve in goroutine 35\n\t/Users/Johnny/go/pkg/mod/golang.org/toolchain@v0.0.1-go1.24.2.darwin-amd64/src/net/http/server.go:3454 +0x485\n"}
{"level":"INFO","time":"2025-07-03T15:49:04.364+0800","caller":"middleware/logger.go:25","msg":"/api/v1/user/reset_password","hostname":"Johnny","status":500,"method":"POST","path":"/api/v1/user/reset_password","query":"","ip":"127.0.0.1","user-agent":"PostmanRuntime/7.28.4","errors":"","cost":0.000349259}
{"level":"ERROR","time":"2025-07-03T15:53:49.994+0800","caller":"middleware/recovery.go:45","msg":"[Recovery from panic]","error":"runtime error: invalid memory address or nil pointer dereference","request":"POST /api/v1/user/reset_password HTTP/1.1\r\nHost: 127.0.0.1:8084\r\nAccept: */*\r\nAccept-Encoding: gzip, deflate, br\r\nCache-Control: no-cache\r\nConnection: keep-alive\r\nContent-Length: 103\r\nContent-Type: application/json\r\nPostman-Token: e60aceb2-be67-4df3-8bf9-2638888c3e04\r\nUser-Agent: PostmanRuntime/7.28.4\r\n\r\n","stack":"goroutine 36 [running]:\nruntime/debug.Stack()\n\t/Users/Johnny/go/pkg/mod/golang.org/toolchain@v0.0.1-go1.24.2.darwin-amd64/src/runtime/debug/stack.go:26 +0x6b\ninkgo/middleware.Recovery.func1.1()\n\t/Users/Johnny/go/src/inkgo/middleware/recovery.go:48 +0x785\npanic({0x409ea40?, 0x5980a90?})\n\t/Users/Johnny/go/pkg/mod/golang.org/toolchain@v0.0.1-go1.24.2.darwin-amd64/src/runtime/panic.go:792 +0x136\ninkgo/service.(*emailService).SendCode(0xc00011c4f0, {0xc0000360f0, 0x11}, {0xc000036108, 0x11}, {0xc0000101c0, 0x10})\n\t/Users/Johnny/go/src/inkgo/service/email.go:70 +0x545\ninkgo/controller.(*UserController).ResetPassword(0xc0002d7000, 0xc000270000)\n\t/Users/Johnny/go/src/inkgo/controller/user.go:100 +0x12b\ngithub.com/gin-gonic/gin.(*Context).Next(0xc000270000)\n\t/Users/Johnny/go/pkg/mod/github.com/gin-gonic/gin@v1.9.1/context.go:174 +0x7a\ninkgo/middleware.Recovery.func1(0xc000270000)\n\t/Users/Johnny/go/src/inkgo/middleware/recovery.go:59 +0x98\ngithub.com/gin-gonic/gin.(*Context).Next(0xc000270000)\n\t/Users/Johnny/go/pkg/mod/github.com/gin-gonic/gin@v1.9.1/context.go:174 +0x7a\ninkgo/middleware.LoggerMiddleWare.func1(0xc000270000)\n\t/Users/Johnny/go/src/inkgo/middleware/logger.go:22 +0x96\ngithub.com/gin-gonic/gin.(*Context).Next(0xc000270000)\n\t/Users/Johnny/go/pkg/mod/github.com/gin-gonic/gin@v1.9.1/context.go:174 +0x7a\ninkgo/middleware.RateLimitMiddleware.func1(0xc000270000)\n\t/Users/Johnny/go/src/inkgo/middleware/ratelimit.go:18 +0x6f\ngithub.com/gin-gonic/gin.(*Context).Next(0xc000270000)\n\t/Users/Johnny/go/pkg/mod/github.com/gin-gonic/gin@v1.9.1/context.go:174 +0x7a\ngithub.com/gin-gonic/gin.(*Engine).handleHTTPRequest(0xc0004924e0, 0xc000270000)\n\t/Users/Johnny/go/pkg/mod/github.com/gin-gonic/gin@v1.9.1/gin.go:620 +0x42a\ngithub.com/gin-gonic/gin.(*Engine).ServeHTTP(0xc0004924e0, {0x41bc6e8, 0xc000222000}, 0xc0001e23c0)\n\t/Users/Johnny/go/pkg/mod/github.com/gin-gonic/gin@v1.9.1/gin.go:576 +0xbc\nnet/http.serverHandler.ServeHTTP({0xc00009a700}, {0x41bc6e8, 0xc000222000}, 0xc0001e23c0)\n\t/Users/Johnny/go/pkg/mod/golang.org/toolchain@v0.0.1-go1.24.2.darwin-amd64/src/net/http/server.go:3301 +0x257\nnet/http.(*conn).serve(0xc0001d0090, {0x41be3b8, 0xc0002ce190})\n\t/Users/Johnny/go/pkg/mod/golang.org/toolchain@v0.0.1-go1.24.2.darwin-amd64/src/net/http/server.go:2102 +0x1b75\ncreated by net/http.(*Server).Serve in goroutine 8\n\t/Users/Johnny/go/pkg/mod/golang.org/toolchain@v0.0.1-go1.24.2.darwin-amd64/src/net/http/server.go:3454 +0xa9a\n"}
{"level":"INFO","time":"2025-07-03T15:53:49.996+0800","caller":"middleware/logger.go:25","msg":"/api/v1/user/reset_password","hostname":"Johnny","status":500,"method":"POST","path":"/api/v1/user/reset_password","query":"","ip":"127.0.0.1","user-agent":"PostmanRuntime/7.28.4","errors":"","cost":188.005502757}
{"level":"ERROR","time":"2025-07-03T15:54:15.539+0800","caller":"middleware/recovery.go:45","msg":"[Recovery from panic]","error":"runtime error: invalid memory address or nil pointer dereference","request":"POST /api/v1/user/reset_password HTTP/1.1\r\nHost: 127.0.0.1:8084\r\nAccept: */*\r\nAccept-Encoding: gzip, deflate, br\r\nCache-Control: no-cache\r\nConnection: keep-alive\r\nContent-Length: 103\r\nContent-Type: application/json\r\nPostman-Token: eae1013e-8653-433b-9b6e-490083edd942\r\nUser-Agent: PostmanRuntime/7.28.4\r\n\r\n","stack":"goroutine 5 [running]:\nruntime/debug.Stack()\n\t/Users/Johnny/go/pkg/mod/golang.org/toolchain@v0.0.1-go1.24.2.darwin-amd64/src/runtime/debug/stack.go:26 +0x5e\ninkgo/server.New.Recovery.func3.1()\n\t/Users/Johnny/go/src/inkgo/middleware/recovery.go:48 +0x4d1\npanic({0xbf187c0?, 0xd899a20?})\n\t/Users/Johnny/go/pkg/mod/golang.org/toolchain@v0.0.1-go1.24.2.darwin-amd64/src/runtime/panic.go:792 +0x132\ninkgo/service.(*emailService).SendCode(0xc000128610, {0xc0000363a8, 0x11}, {0xc0000363c0, 0x11}, {0xc0002304c0, 0x10})\n\t/Users/Johnny/go/src/inkgo/service/email.go:70 +0x388\ninkgo/controller.(*UserController).ResetPassword(0xc0002393c0, 0xc0001e0000)\n\t/Users/Johnny/go/src/inkgo/controller/user.go:100 +0x7d\ngithub.com/gin-gonic/gin.(*Context).Next(0xc0001e0000)\n\t/Users/Johnny/go/pkg/mod/github.com/gin-gonic/gin@v1.9.1/context.go:174 +0x2b\ninkgo/server.New.Recovery.func3(0xc000013670?)\n\t/Users/Johnny/go/src/inkgo/middleware/recovery.go:59 +0x47\ngithub.com/gin-gonic/gin.(*Context).Next(0xc0001e0000)\n\t/Users/Johnny/go/pkg/mod/github.com/gin-gonic/gin@v1.9.1/context.go:174 +0x2b\ninkgo/server.New.LoggerMiddleWare.func2(0xc0001e0000)\n\t/Users/Johnny/go/src/inkgo/middleware/logger.go:22 +0x75\ngithub.com/gin-gonic/gin.(*Context).Next(...)\n\t/Users/Johnny/go/pkg/mod/github.com/gin-gonic/gin@v1.9.1/context.go:174\ninkgo/middleware.RateLimitMiddleware.func1(0xc0001e0000)\n\t/Users/Johnny/go/src/inkgo/middleware/ratelimit.go:18 +0xaa\ngithub.com/gin-gonic/gin.(*Context).Next(...)\n\t/Users/Johnny/go/pkg/mod/github.com/gin-gonic/gin@v1.9.1/context.go:174\ngithub.com/gin-gonic/gin.(*Engine).handleHTTPRequest(0xc00012c340, 0xc0001e0000)\n\t/Users/Johnny/go/pkg/mod/github.com/gin-gonic/gin@v1.9.1/gin.go:620 +0x64e\ngithub.com/gin-gonic/gin.(*Engine).ServeHTTP(0xc00012c340, {0xc02f9e0, 0xc0001c2000}, 0xc0001c4000)\n\t/Users/Johnny/go/pkg/mod/github.com/gin-gonic/gin@v1.9.1/gin.go:576 +0x1aa\nnet/http.serverHandler.ServeHTTP({0xc02ce58?}, {0xc02f9e0?, 0xc0001c2000?}, 0x6?)\n\t/Users/Johnny/go/pkg/mod/golang.org/toolchain@v0.0.1-go1.24.2.darwin-amd64/src/net/http/server.go:3301 +0x8e\nnet/http.(*conn).serve(0xc0000e2480, {0xc0313f0, 0xc000206510})\n\t/Users/Johnny/go/pkg/mod/golang.org/toolchain@v0.0.1-go1.24.2.darwin-amd64/src/net/http/server.go:2102 +0x625\ncreated by net/http.(*Server).Serve in goroutine 51\n\t/Users/Johnny/go/pkg/mod/golang.org/toolchain@v0.0.1-go1.24.2.darwin-amd64/src/net/http/server.go:3454 +0x485\n"}
{"level":"INFO","time":"2025-07-03T15:54:15.540+0800","caller":"middleware/logger.go:25","msg":"/api/v1/user/reset_password","hostname":"Johnny","status":500,"method":"POST","path":"/api/v1/user/reset_password","query":"","ip":"127.0.0.1","user-agent":"PostmanRuntime/7.28.4","errors":"","cost":0.000694041}
{"level":"INFO","time":"2025-07-03T15:56:01.987+0800","caller":"middleware/logger.go:25","msg":"/api/v1/user/reset_password","hostname":"Johnny","status":400,"method":"POST","path":"/api/v1/user/reset_password","query":"","ip":"127.0.0.1","user-agent":"PostmanRuntime/7.28.4","errors":"","cost":0.020317273}
{"level":"INFO","time":"2025-07-03T16:16:13.681+0800","caller":"middleware/logger.go:25","msg":"/api/v1/user/reset_password","hostname":"Johnny","status":200,"method":"POST","path":"/api/v1/user/reset_password","query":"","ip":"127.0.0.1","user-agent":"PostmanRuntime/7.28.4","errors":"","cost":1.789115302}
{"level":"INFO","time":"2025-07-03T16:36:06.661+0800","caller":"middleware/logger.go:25","msg":"/api/v1/email/send","hostname":"Johnny","status":200,"method":"POST","path":"/api/v1/email/send","query":"","ip":"127.0.0.1","user-agent":"PostmanRuntime/7.28.4","errors":"","cost":1.742634259}
{"level":"INFO","time":"2025-07-03T16:38:34.707+0800","caller":"middleware/logger.go:25","msg":"/api/v1/email/verify","hostname":"Johnny","status":200,"method":"POST","path":"/api/v1/email/verify","query":"","ip":"127.0.0.1","user-agent":"PostmanRuntime/7.28.4","errors":"","cost":0.004548998}
{"level":"INFO","time":"2025-07-03T17:56:18.163+0800","caller":"middleware/logger.go:25","msg":"/api/v1/email/send","hostname":"Johnny","status":200,"method":"POST","path":"/api/v1/email/send","query":"","ip":"127.0.0.1","user-agent":"PostmanRuntime/7.28.4","errors":"","cost":1.684962519}
{"level":"INFO","time":"2025-07-03T17:56:46.766+0800","caller":"middleware/logger.go:25","msg":"/api/v1/email/verify","hostname":"Johnny","status":200,"method":"POST","path":"/api/v1/email/verify","query":"","ip":"127.0.0.1","user-agent":"PostmanRuntime/7.28.4","errors":"","cost":0.004792864}
{"level":"INFO","time":"2025-07-03T17:59:02.021+0800","caller":"middleware/logger.go:25","msg":"/api/v1/user/reset_password","hostname":"Johnny","status":500,"method":"PUT","path":"/api/v1/user/reset_password","query":"","ip":"127.0.0.1","user-agent":"PostmanRuntime/7.28.4","errors":"","cost":0.010020903}
{"level":"INFO","time":"2025-07-03T17:59:55.512+0800","caller":"middleware/logger.go:25","msg":"/api/v1/auth/user","hostname":"Johnny","status":200,"method":"POST","path":"/api/v1/auth/user","query":"","ip":"127.0.0.1","user-agent":"PostmanRuntime/7.28.4","errors":"","cost":0.090421773}
{"level":"INFO","time":"2025-07-03T18:00:11.150+0800","caller":"middleware/logger.go:25","msg":"/api/v1/user/reset_password","hostname":"Johnny","status":500,"method":"PUT","path":"/api/v1/user/reset_password","query":"","ip":"127.0.0.1","user-agent":"PostmanRuntime/7.28.4","errors":"","cost":0.012883328}
{"level":"INFO","time":"2025-07-03T18:00:12.945+0800","caller":"middleware/logger.go:25","msg":"/api/v1/user/reset_password","hostname":"Johnny","status":500,"method":"PUT","path":"/api/v1/user/reset_password","query":"","ip":"127.0.0.1","user-agent":"PostmanRuntime/7.28.4","errors":"","cost":0.099918556}
{"level":"INFO","time":"2025-07-03T18:02:45.957+0800","caller":"middleware/logger.go:25","msg":"/api/v1/email/send","hostname":"Johnny","status":200,"method":"POST","path":"/api/v1/email/send","query":"","ip":"127.0.0.1","user-agent":"PostmanRuntime/7.28.4","errors":"","cost":2.783621074}
{"level":"INFO","time":"2025-07-03T18:02:51.049+0800","caller":"middleware/logger.go:25","msg":"/api/v1/email/verify","hostname":"Johnny","status":500,"method":"POST","path":"/api/v1/email/verify","query":"","ip":"127.0.0.1","user-agent":"PostmanRuntime/7.28.4","errors":"","cost":0.003242366}
{"level":"INFO","time":"2025-07-03T18:03:13.450+0800","caller":"middleware/logger.go:25","msg":"/api/v1/email/verify","hostname":"Johnny","status":200,"method":"POST","path":"/api/v1/email/verify","query":"","ip":"127.0.0.1","user-agent":"PostmanRuntime/7.28.4","errors":"","cost":0.005021704}
{"level":"INFO","time":"2025-07-03T18:03:53.110+0800","caller":"middleware/logger.go:25","msg":"/api/v1/user/reset_password","hostname":"Johnny","status":500,"method":"PUT","path":"/api/v1/user/reset_password","query":"","ip":"127.0.0.1","user-agent":"PostmanRuntime/7.28.4","errors":"","cost":0.008551148}
{"level":"INFO","time":"2025-07-03T18:04:59.993+0800","caller":"middleware/logger.go:25","msg":"/api/v1/user/reset_password","hostname":"Johnny","status":500,"method":"PUT","path":"/api/v1/user/reset_password","query":"","ip":"127.0.0.1","user-agent":"PostmanRuntime/7.28.4","errors":"","cost":0.033601083}
{"level":"INFO","time":"2025-07-04T11:29:06.022+0800","caller":"middleware/logger.go:25","msg":"/api/v1/auth/token","hostname":"Johnny","status":401,"method":"POST","path":"/api/v1/auth/token","query":"","ip":"127.0.0.1","user-agent":"PostmanRuntime/7.28.4","errors":"","cost":0.000034691}
{"level":"INFO","time":"2025-07-04T11:29:40.414+0800","caller":"middleware/logger.go:25","msg":"/api/v1/auth/token","hostname":"Johnny","status":401,"method":"POST","path":"/api/v1/auth/token","query":"","ip":"127.0.0.1","user-agent":"PostmanRuntime/7.28.4","errors":"","cost":0.000030364}
{"level":"INFO","time":"2025-07-04T11:29:41.654+0800","caller":"middleware/logger.go:25","msg":"/api/v1/auth/token","hostname":"Johnny","status":401,"method":"POST","path":"/api/v1/auth/token","query":"","ip":"127.0.0.1","user-agent":"PostmanRuntime/7.28.4","errors":"","cost":0.000012246}
{"level":"INFO","time":"2025-07-04T11:30:29.515+0800","caller":"middleware/logger.go:25","msg":"/api/v1/auth/user","hostname":"Johnny","status":401,"method":"POST","path":"/api/v1/auth/user","query":"","ip":"127.0.0.1","user-agent":"PostmanRuntime/7.28.4","errors":"","cost":0.000020796}
{"level":"INFO","time":"2025-07-04T11:38:55.487+0800","caller":"middleware/logger.go:25","msg":"/api/v1/auth/user","hostname":"Johnny","status":500,"method":"POST","path":"/api/v1/auth/user","query":"","ip":"127.0.0.1","user-agent":"PostmanRuntime/7.28.4","errors":"","cost":0.396385068}
{"level":"INFO","time":"2025-07-04T11:39:03.877+0800","caller":"middleware/logger.go:25","msg":"/api/v1/auth/token","hostname":"Johnny","status":200,"method":"POST","path":"/api/v1/auth/token","query":"","ip":"127.0.0.1","user-agent":"PostmanRuntime/7.28.4","errors":"","cost":0.077719192}
{"level":"INFO","time":"2025-07-04T11:40:09.289+0800","caller":"middleware/logger.go:25","msg":"/api/v1/users","hostname":"Johnny","status":401,"method":"GET","path":"/api/v1/users","query":"","ip":"127.0.0.1","user-agent":"PostmanRuntime/7.28.4","errors":"","cost":0.000012729}
{"level":"INFO","time":"2025-07-04T11:40:49.114+0800","caller":"middleware/logger.go:25","msg":"/api/v1/users","hostname":"Johnny","status":200,"method":"GET","path":"/api/v1/users","query":"","ip":"127.0.0.1","user-agent":"PostmanRuntime/7.28.4","errors":"","cost":0.012896574}
{"level":"INFO","time":"2025-07-04T11:45:04.510+0800","caller":"middleware/logger.go:25","msg":"/api/v1/auth/user","hostname":"Johnny","status":500,"method":"POST","path":"/api/v1/auth/user","query":"","ip":"192.168.8.173","user-agent":"PostmanRuntime/7.44.1","errors":"","cost":0.087329822}
{"level":"INFO","time":"2025-07-04T11:45:21.341+0800","caller":"middleware/logger.go:25","msg":"/api/v1/auth/user","hostname":"Johnny","status":500,"method":"POST","path":"/api/v1/auth/user","query":"","ip":"192.168.8.173","user-agent":"PostmanRuntime/7.44.1","errors":"","cost":0.077122266}
{"level":"INFO","time":"2025-07-04T11:45:43.217+0800","caller":"middleware/logger.go:25","msg":"/api/v1/auth/user","hostname":"Johnny","status":200,"method":"POST","path":"/api/v1/auth/user","query":"","ip":"192.168.8.173","user-agent":"PostmanRuntime/7.44.1","errors":"","cost":0.099872357}
{"level":"INFO","time":"2025-07-04T11:46:23.550+0800","caller":"middleware/logger.go:25","msg":"/api/v1/auth/token","hostname":"Johnny","status":200,"method":"POST","path":"/api/v1/auth/token","query":"","ip":"192.168.8.173","user-agent":"PostmanRuntime/7.44.1","errors":"","cost":0.073750872}
{"level":"INFO","time":"2025-07-04T11:46:45.512+0800","caller":"middleware/logger.go:25","msg":"/api/v1/users","hostname":"Johnny","status":404,"method":"POST","path":"/api/v1/users","query":"","ip":"192.168.8.173","user-agent":"PostmanRuntime/7.44.1","errors":"","cost":0.000001131}
{"level":"INFO","time":"2025-07-04T11:48:27.408+0800","caller":"middleware/logger.go:25","msg":"/api/v1/users","hostname":"Johnny","status":403,"method":"GET","path":"/api/v1/users","query":"","ip":"192.168.8.173","user-agent":"PostmanRuntime/7.44.1","errors":"","cost":0.00017448}
{"level":"INFO","time":"2025-07-04T11:48:48.481+0800","caller":"middleware/logger.go:25","msg":"/api/v1/users","hostname":"Johnny","status":403,"method":"GET","path":"/api/v1/users","query":"","ip":"192.168.8.173","user-agent":"PostmanRuntime/7.44.1","errors":"","cost":0.000064436}
{"level":"INFO","time":"2025-07-04T11:49:05.057+0800","caller":"middleware/logger.go:25","msg":"/api/v1/users","hostname":"Johnny","status":200,"method":"GET","path":"/api/v1/users","query":"","ip":"192.168.8.173","user-agent":"PostmanRuntime/7.44.1","errors":"","cost":0.017100652}
{"level":"INFO","time":"2025-07-04T11:51:17.690+0800","caller":"middleware/logger.go:25","msg":"/api/v1/user/3","hostname":"Johnny","status":200,"method":"DELETE","path":"/api/v1/user/3","query":"","ip":"192.168.8.173","user-agent":"PostmanRuntime/7.44.1","errors":"","cost":0.037338492}
{"level":"INFO","time":"2025-07-04T11:51:21.120+0800","caller":"middleware/logger.go:25","msg":"/api/v1/user/4","hostname":"Johnny","status":200,"method":"DELETE","path":"/api/v1/user/4","query":"","ip":"192.168.8.173","user-agent":"PostmanRuntime/7.44.1","errors":"","cost":0.027770845}
{"level":"INFO","time":"2025-07-04T11:51:47.275+0800","caller":"middleware/logger.go:25","msg":"/api/v1/users","hostname":"Johnny","status":200,"method":"GET","path":"/api/v1/users","query":"","ip":"192.168.8.173","user-agent":"PostmanRuntime/7.44.1","errors":"","cost":0.014549772}
{"level":"INFO","time":"2025-07-04T11:52:28.168+0800","caller":"middleware/logger.go:25","msg":"/api/v1/auth/user","hostname":"Johnny","status":500,"method":"POST","path":"/api/v1/auth/user","query":"","ip":"192.168.8.173","user-agent":"PostmanRuntime/7.44.1","errors":"","cost":0.086398107}
{"level":"INFO","time":"2025-07-04T11:52:44.655+0800","caller":"middleware/logger.go:25","msg":"/api/v1/users","hostname":"Johnny","status":200,"method":"GET","path":"/api/v1/users","query":"","ip":"192.168.8.173","user-agent":"PostmanRuntime/7.44.1","errors":"","cost":0.010795164}
{"level":"INFO","time":"2025-07-04T11:59:56.331+0800","caller":"middleware/logger.go:25","msg":"/api/v1/auth/user","hostname":"Johnny","status":500,"method":"POST","path":"/api/v1/auth/user","query":"","ip":"192.168.8.173","user-agent":"PostmanRuntime/7.44.1","errors":"","cost":0.098445862}
{"level":"INFO","time":"2025-07-04T12:00:16.710+0800","caller":"middleware/logger.go:25","msg":"/api/v1/auth/user","hostname":"Johnny","status":200,"method":"POST","path":"/api/v1/auth/user","query":"","ip":"192.168.8.173","user-agent":"PostmanRuntime/7.44.1","errors":"","cost":0.087793852}
{"level":"INFO","time":"2025-07-04T14:23:55.402+0800","caller":"middleware/logger.go:25","msg":"/api/v1/users","hostname":"Johnny","status":200,"method":"GET","path":"/api/v1/users","query":"","ip":"127.0.0.1","user-agent":"PostmanRuntime/7.28.4","errors":"","cost":0.034953444}
{"level":"INFO","time":"2025-07-04T16:05:24.780+0800","caller":"middleware/logger.go:25","msg":"/api/v1/users","hostname":"Johnny","status":200,"method":"GET","path":"/api/v1/users","query":"","ip":"127.0.0.1","user-agent":"PostmanRuntime/7.28.4","errors":"","cost":0.01843149}
{"level":"INFO","time":"2025-07-04T16:06:44.556+0800","caller":"middleware/logger.go:25","msg":"/api/v1/auth/logut","hostname":"Johnny","status":404,"method":"POST","path":"/api/v1/auth/logut","query":"","ip":"127.0.0.1","user-agent":"PostmanRuntime/7.28.4","errors":"","cost":0.000000637}
{"level":"INFO","time":"2025-07-04T16:09:31.120+0800","caller":"middleware/logger.go:25","msg":"/api/v1/users","hostname":"Johnny","status":200,"method":"GET","path":"/api/v1/users","query":"","ip":"127.0.0.1","user-agent":"PostmanRuntime/7.28.4","errors":"","cost":0.01886126}
{"level":"INFO","time":"2025-07-04T16:12:42.393+0800","caller":"middleware/logger.go:25","msg":"/api/v1/users","hostname":"Johnny","status":200,"method":"GET","path":"/api/v1/users","query":"Authorization:%20Bearer","ip":"127.0.0.1","user-agent":"PostmanRuntime/7.28.4","errors":"","cost":0.015764022}
{"level":"INFO","time":"2025-07-04T16:13:02.031+0800","caller":"middleware/logger.go:25","msg":"/api/v1/auth/logut","hostname":"Johnny","status":404,"method":"POST","path":"/api/v1/auth/logut","query":"","ip":"127.0.0.1","user-agent":"PostmanRuntime/7.28.4","errors":"","cost":0.000000592}
{"level":"INFO","time":"2025-07-04T16:13:03.709+0800","caller":"middleware/logger.go:25","msg":"/api/v1/auth/logut","hostname":"Johnny","status":404,"method":"POST","path":"/api/v1/auth/logut","query":"","ip":"127.0.0.1","user-agent":"PostmanRuntime/7.28.4","errors":"","cost":0.00000062}
{"level":"INFO","time":"2025-07-04T16:13:51.137+0800","caller":"middleware/logger.go:25","msg":"/api/v1/auth/logout","hostname":"Johnny","status":500,"method":"POST","path":"/api/v1/auth/logout","query":"","ip":"127.0.0.1","user-agent":"PostmanRuntime/7.28.4","errors":"","cost":0.000021528}
{"level":"INFO","time":"2025-07-04T16:15:18.217+0800","caller":"middleware/logger.go:25","msg":"/api/v1/auth/logout","hostname":"Johnny","status":500,"method":"POST","path":"/api/v1/auth/logout","query":"","ip":"127.0.0.1","user-agent":"PostmanRuntime/7.28.4","errors":"","cost":0.000025184}
{"level":"INFO","time":"2025-07-04T16:15:21.428+0800","caller":"middleware/logger.go:25","msg":"/api/v1/auth/logout","hostname":"Johnny","status":500,"method":"POST","path":"/api/v1/auth/logout","query":"","ip":"127.0.0.1","user-agent":"PostmanRuntime/7.28.4","errors":"","cost":0.000022486}
{"level":"INFO","time":"2025-07-04T16:16:32.284+0800","caller":"middleware/logger.go:25","msg":"/api/v1/auth/token","hostname":"Johnny","status":200,"method":"POST","path":"/api/v1/auth/token","query":"","ip":"127.0.0.1","user-agent":"PostmanRuntime/7.28.4","errors":"","cost":0.071424071}
{"level":"INFO","time":"2025-07-04T16:17:45.434+0800","caller":"middleware/logger.go:25","msg":"/api/v1/auth/token","hostname":"Johnny","status":200,"method":"POST","path":"/api/v1/auth/token","query":"","ip":"127.0.0.1","user-agent":"PostmanRuntime/7.28.4","errors":"","cost":0.066967905}
{"level":"INFO","time":"2025-07-04T16:18:41.096+0800","caller":"middleware/logger.go:25","msg":"/api/v1/auth/logout","hostname":"Johnny","status":500,"method":"POST","path":"/api/v1/auth/logout","query":"","ip":"127.0.0.1","user-agent":"PostmanRuntime/7.28.4","errors":"","cost":0.000024233}
{"level":"INFO","time":"2025-07-04T16:22:54.279+0800","caller":"middleware/logger.go:25","msg":"/api/v1/auth/logout","hostname":"Johnny","status":500,"method":"POST","path":"/api/v1/auth/logout","query":"","ip":"127.0.0.1","user-agent":"PostmanRuntime/7.28.4","errors":"","cost":0.000082337}
{"level":"INFO","time":"2025-07-04T16:25:05.226+0800","caller":"middleware/logger.go:25","msg":"/api/v1/auth/logout","hostname":"Johnny","status":500,"method":"POST","path":"/api/v1/auth/logout","query":"","ip":"127.0.0.1","user-agent":"PostmanRuntime/7.28.4","errors":"","cost":94.687947128}
{"level":"INFO","time":"2025-07-04T16:31:04.355+0800","caller":"middleware/logger.go:25","msg":"/api/v1/auth/logout","hostname":"Johnny","status":401,"method":"POST","path":"/api/v1/auth/logout","query":"","ip":"127.0.0.1","user-agent":"PostmanRuntime/7.28.4","errors":"","cost":0.000089812}
{"level":"INFO","time":"2025-07-04T16:31:50.183+0800","caller":"middleware/logger.go:25","msg":"/api/v1/auth/logout","hostname":"Johnny","status":401,"method":"POST","path":"/api/v1/auth/logout","query":"","ip":"127.0.0.1","user-agent":"PostmanRuntime/7.28.4","errors":"","cost":0.000066183}
{"level":"INFO","time":"2025-07-04T16:31:51.262+0800","caller":"middleware/logger.go:25","msg":"/api/v1/auth/logout","hostname":"Johnny","status":401,"method":"POST","path":"/api/v1/auth/logout","query":"","ip":"127.0.0.1","user-agent":"PostmanRuntime/7.28.4","errors":"","cost":0.000014663}
{"level":"INFO","time":"2025-07-04T16:34:12.729+0800","caller":"middleware/logger.go:25","msg":"/api/v1/auth/logout","hostname":"Johnny","status":500,"method":"POST","path":"/api/v1/auth/logout","query":"","ip":"127.0.0.1","user-agent":"PostmanRuntime/7.28.4","errors":"","cost":0.000073898}
{"level":"INFO","time":"2025-07-04T16:38:52.768+0800","caller":"middleware/logger.go:25","msg":"/api/v1/auth/logout","hostname":"Johnny","status":500,"method":"POST","path":"/api/v1/auth/logout","query":"","ip":"127.0.0.1","user-agent":"PostmanRuntime/7.28.4","errors":"","cost":168.027907776}
{"level":"INFO","time":"2025-07-04T16:42:26.176+0800","caller":"middleware/logger.go:25","msg":"/api/v1/auth/logout","hostname":"Johnny","status":500,"method":"POST","path":"/api/v1/auth/logout","query":"","ip":"127.0.0.1","user-agent":"PostmanRuntime/7.28.4","errors":"","cost":197.794516585}
{"level":"INFO","time":"2025-07-04T16:42:54.739+0800","caller":"middleware/logger.go:25","msg":"/api/v1/auth/logout","hostname":"Johnny","status":500,"method":"POST","path":"/api/v1/auth/logout","query":"","ip":"127.0.0.1","user-agent":"PostmanRuntime/7.28.4","errors":"","cost":0.000102629}
{"level":"INFO","time":"2025-07-04T16:44:39.560+0800","caller":"middleware/logger.go:25","msg":"/api/v1/auth/logout","hostname":"Johnny","status":500,"method":"POST","path":"/api/v1/auth/logout","query":"","ip":"127.0.0.1","user-agent":"PostmanRuntime/7.28.4","errors":"","cost":0.000100528}
{"level":"INFO","time":"2025-07-04T16:45:25.651+0800","caller":"middleware/logger.go:25","msg":"/api/v1/auth/logout","hostname":"Johnny","status":500,"method":"POST","path":"/api/v1/auth/logout","query":"","ip":"127.0.0.1","user-agent":"PostmanRuntime/7.28.4","errors":"","cost":0.000136228}
{"level":"INFO","time":"2025-07-04T16:49:24.789+0800","caller":"middleware/logger.go:25","msg":"/api/v1/auth/logout","hostname":"Johnny","status":200,"method":"POST","path":"/api/v1/auth/logout","query":"","ip":"127.0.0.1","user-agent":"PostmanRuntime/7.28.4","errors":"","cost":0.003801462}
{"level":"INFO","time":"2025-07-04T16:49:48.153+0800","caller":"middleware/logger.go:25","msg":"/api/v1/users","hostname":"Johnny","status":200,"method":"GET","path":"/api/v1/users","query":"Authorization:%20Bearer","ip":"127.0.0.1","user-agent":"PostmanRuntime/7.28.4","errors":"","cost":0.016550036}
{"level":"INFO","time":"2025-07-04T16:49:50.733+0800","caller":"middleware/logger.go:25","msg":"/api/v1/users","hostname":"Johnny","status":200,"method":"GET","path":"/api/v1/users","query":"Authorization:%20Bearer","ip":"127.0.0.1","user-agent":"PostmanRuntime/7.28.4","errors":"","cost":1.228603665}
{"level":"INFO","time":"2025-07-04T16:51:43.022+0800","caller":"middleware/logger.go:25","msg":"/api/v1/auth/logout","hostname":"Johnny","status":200,"method":"POST","path":"/api/v1/auth/logout","query":"","ip":"127.0.0.1","user-agent":"PostmanRuntime/7.28.4","errors":"","cost":0.004611503}
{"level":"INFO","time":"2025-07-04T16:51:48.205+0800","caller":"middleware/logger.go:25","msg":"/api/v1/users","hostname":"Johnny","status":500,"method":"GET","path":"/api/v1/users","query":"Authorization:%20Bearer","ip":"127.0.0.1","user-agent":"PostmanRuntime/7.28.4","errors":"","cost":0.007617094}
{"level":"INFO","time":"2025-07-04T16:56:09.501+0800","caller":"middleware/logger.go:25","msg":"/api/v1/auth/token","hostname":"Johnny","status":200,"method":"POST","path":"/api/v1/auth/token","query":"","ip":"192.168.8.173","user-agent":"PostmanRuntime/7.44.1","errors":"","cost":0.077146473}
{"level":"INFO","time":"2025-07-04T16:56:27.650+0800","caller":"middleware/logger.go:25","msg":"/api/v1/users","hostname":"Johnny","status":200,"method":"GET","path":"/api/v1/users","query":"","ip":"192.168.8.173","user-agent":"PostmanRuntime/7.44.1","errors":"","cost":0.013134084}
{"level":"INFO","time":"2025-07-04T16:57:05.290+0800","caller":"middleware/logger.go:25","msg":"/api/v1/users","hostname":"Johnny","status":200,"method":"GET","path":"/api/v1/users","query":"","ip":"192.168.8.173","user-agent":"PostmanRuntime/7.44.1","errors":"","cost":0.020251757}
{"level":"INFO","time":"2025-07-04T16:57:22.332+0800","caller":"middleware/logger.go:25","msg":"/api/v1/users","hostname":"Johnny","status":401,"method":"GET","path":"/api/v1/users","query":"","ip":"192.168.8.173","user-agent":"PostmanRuntime/7.44.1","errors":"","cost":0.000024255}
{"level":"INFO","time":"2025-07-04T16:57:28.539+0800","caller":"middleware/logger.go:25","msg":"/api/v1/users","hostname":"Johnny","status":200,"method":"GET","path":"/api/v1/users","query":"","ip":"192.168.8.173","user-agent":"PostmanRuntime/7.44.1","errors":"","cost":0.018024295}
{"level":"INFO","time":"2025-07-04T16:57:59.623+0800","caller":"middleware/logger.go:25","msg":"/api/v1/auth/logout","hostname":"Johnny","status":200,"method":"POST","path":"/api/v1/auth/logout","query":"","ip":"127.0.0.1","user-agent":"PostmanRuntime/7.28.4","errors":"","cost":0.00374206}
{"level":"INFO","time":"2025-07-04T16:58:06.255+0800","caller":"middleware/logger.go:25","msg":"/api/v1/users","hostname":"Johnny","status":500,"method":"GET","path":"/api/v1/users","query":"","ip":"192.168.8.173","user-agent":"PostmanRuntime/7.44.1","errors":"","cost":0.005911687}
{"level":"INFO","time":"2025-07-04T16:59:10.045+0800","caller":"middleware/logger.go:25","msg":"/api/v1/auth/token","hostname":"Johnny","status":200,"method":"POST","path":"/api/v1/auth/token","query":"","ip":"192.168.8.173","user-agent":"PostmanRuntime/7.44.1","errors":"","cost":0.074575819}
{"level":"INFO","time":"2025-07-04T16:59:13.970+0800","caller":"middleware/logger.go:25","msg":"/api/v1/auth/token","hostname":"Johnny","status":200,"method":"POST","path":"/api/v1/auth/token","query":"","ip":"192.168.8.173","user-agent":"PostmanRuntime/7.44.1","errors":"","cost":0.069185343}
{"level":"INFO","time":"2025-07-04T16:59:22.885+0800","caller":"middleware/logger.go:25","msg":"/api/v1/users","hostname":"Johnny","status":401,"method":"GET","path":"/api/v1/users","query":"","ip":"192.168.8.173","user-agent":"PostmanRuntime/7.44.1","errors":"","cost":0.000057957}
{"level":"INFO","time":"2025-07-04T16:59:41.951+0800","caller":"middleware/logger.go:25","msg":"/api/v1/users","hostname":"Johnny","status":200,"method":"GET","path":"/api/v1/users","query":"","ip":"192.168.8.173","user-agent":"PostmanRuntime/7.44.1","errors":"","cost":0.018891959}
{"level":"INFO","time":"2025-07-04T17:03:31.852+0800","caller":"middleware/logger.go:25","msg":"/api/v1/user/1","hostname":"Johnny","status":200,"method":"GET","path":"/api/v1/user/1","query":"","ip":"192.168.8.173","user-agent":"PostmanRuntime/7.44.1","errors":"","cost":0.017753037}
{"level":"INFO","time":"2025-07-04T17:23:00.827+0800","caller":"middleware/logger.go:25","msg":"/api/v1/auth/token","hostname":"Johnny","status":200,"method":"POST","path":"/api/v1/auth/token","query":"","ip":"127.0.0.1","user-agent":"PostmanRuntime/7.28.4","errors":"","cost":0.068506752}
{"level":"INFO","time":"2025-07-04T17:23:20.099+0800","caller":"middleware/logger.go:25","msg":"/api/v1/users","hostname":"Johnny","status":200,"method":"GET","path":"/api/v1/users","query":"Authorization:%20Bearer","ip":"127.0.0.1","user-agent":"PostmanRuntime/7.28.4","errors":"","cost":0.047141753}
{"level":"INFO","time":"2025-07-04T22:39:03.469+0800","caller":"middleware/logger.go:25","msg":"/api/v1/auth/token","hostname":"JohnnydeMac-Studio.local","status":400,"method":"POST","path":"/api/v1/auth/token","query":"","ip":"127.0.0.1","user-agent":"PostmanRuntime/7.44.1","errors":"","cost":0.000400916}
{"level":"INFO","time":"2025-07-04T22:39:28.924+0800","caller":"middleware/logger.go:25","msg":"/api/v1/auth/token","hostname":"JohnnydeMac-Studio.local","status":200,"method":"POST","path":"/api/v1/auth/token","query":"","ip":"127.0.0.1","user-agent":"PostmanRuntime/7.44.1","errors":"","cost":0.143192541}
{"level":"INFO","time":"2025-07-04T22:43:27.182+0800","caller":"middleware/logger.go:25","msg":"/api/v1/email/send","hostname":"JohnnydeMac-Studio.local","status":200,"method":"POST","path":"/api/v1/email/send","query":"","ip":"127.0.0.1","user-agent":"PostmanRuntime/7.44.1","errors":"","cost":1.355048084}
{"level":"INFO","time":"2025-07-04T22:48:57.761+0800","caller":"middleware/logger.go:25","msg":"/api/v1/email/send","hostname":"JohnnydeMac-Studio.local","status":200,"method":"POST","path":"/api/v1/email/send","query":"","ip":"127.0.0.1","user-agent":"PostmanRuntime/7.44.1","errors":"","cost":10.824620791}
{"level":"INFO","time":"2025-07-04T22:50:16.492+0800","caller":"middleware/logger.go:25","msg":"/api/v1/emai/verify","hostname":"JohnnydeMac-Studio.local","status":404,"method":"POST","path":"/api/v1/emai/verify","query":"","ip":"127.0.0.1","user-agent":"PostmanRuntime/7.44.1","errors":"","cost":0.000000667}
{"level":"INFO","time":"2025-07-04T22:50:53.660+0800","caller":"middleware/logger.go:25","msg":"/api/v1/emai/verify","hostname":"JohnnydeMac-Studio.local","status":404,"method":"POST","path":"/api/v1/emai/verify","query":"","ip":"127.0.0.1","user-agent":"PostmanRuntime/7.44.1","errors":"","cost":0.000001042}
{"level":"INFO","time":"2025-07-04T22:50:55.110+0800","caller":"middleware/logger.go:25","msg":"/api/v1/emai/verify","hostname":"JohnnydeMac-Studio.local","status":404,"method":"POST","path":"/api/v1/emai/verify","query":"","ip":"127.0.0.1","user-agent":"PostmanRuntime/7.44.1","errors":"","cost":0.000001125}
{"level":"INFO","time":"2025-07-04T22:52:20.613+0800","caller":"middleware/logger.go:25","msg":"/api/v1/emai/verify","hostname":"JohnnydeMac-Studio.local","status":404,"method":"POST","path":"/api/v1/emai/verify","query":"","ip":"127.0.0.1","user-agent":"PostmanRuntime/7.44.1","errors":"","cost":0.000000875}
{"level":"INFO","time":"2025-07-04T22:52:57.756+0800","caller":"middleware/logger.go:25","msg":"/api/v1/email/verify","hostname":"JohnnydeMac-Studio.local","status":200,"method":"POST","path":"/api/v1/email/verify","query":"","ip":"127.0.0.1","user-agent":"PostmanRuntime/7.44.1","errors":"","cost":0.042053375}
{"level":"INFO","time":"2025-07-04T22:54:33.576+0800","caller":"middleware/logger.go:25","msg":"/api/v1/user/reset_password","hostname":"JohnnydeMac-Studio.local","status":401,"method":"POST","path":"/api/v1/user/reset_password","query":"","ip":"127.0.0.1","user-agent":"PostmanRuntime/7.44.1","errors":"","cost":0.000047291}
{"level":"INFO","time":"2025-07-04T22:58:59.643+0800","caller":"middleware/logger.go:25","msg":"/api/v1/email/send","hostname":"JohnnydeMac-Studio.local","status":200,"method":"POST","path":"/api/v1/email/send","query":"","ip":"127.0.0.1","user-agent":"PostmanRuntime/7.44.1","errors":"","cost":3.277007958}
{"level":"INFO","time":"2025-07-04T22:59:37.493+0800","caller":"middleware/logger.go:25","msg":"/api/v1/email/verify","hostname":"JohnnydeMac-Studio.local","status":200,"method":"POST","path":"/api/v1/email/verify","query":"","ip":"127.0.0.1","user-agent":"PostmanRuntime/7.44.1","errors":"","cost":0.041121791}
{"level":"INFO","time":"2025-07-04T22:59:47.331+0800","caller":"middleware/logger.go:25","msg":"/api/v1/user/reset_password","hostname":"JohnnydeMac-Studio.local","status":401,"method":"POST","path":"/api/v1/user/reset_password","query":"","ip":"127.0.0.1","user-agent":"PostmanRuntime/7.44.1","errors":"","cost":0.000024}
{"level":"INFO","time":"2025-07-04T22:59:49.652+0800","caller":"middleware/logger.go:25","msg":"/api/v1/user/reset_password","hostname":"JohnnydeMac-Studio.local","status":401,"method":"POST","path":"/api/v1/user/reset_password","query":"","ip":"127.0.0.1","user-agent":"PostmanRuntime/7.44.1","errors":"","cost":0.000016084}
{"level":"INFO","time":"2025-07-04T22:59:50.341+0800","caller":"middleware/logger.go:25","msg":"/api/v1/user/reset_password","hostname":"JohnnydeMac-Studio.local","status":401,"method":"POST","path":"/api/v1/user/reset_password","query":"","ip":"127.0.0.1","user-agent":"PostmanRuntime/7.44.1","errors":"","cost":0.000042333}
{"level":"INFO","time":"2025-07-04T23:00:31.670+0800","caller":"middleware/logger.go:25","msg":"/api/v1/user/reset_password","hostname":"JohnnydeMac-Studio.local","status":500,"method":"POST","path":"/api/v1/user/reset_password","query":"","ip":"127.0.0.1","user-agent":"PostmanRuntime/7.44.1","errors":"","cost":0.0007015}
{"level":"INFO","time":"2025-07-04T23:01:31.376+0800","caller":"middleware/logger.go:25","msg":"/api/v1/user/reset_password","hostname":"JohnnydeMac-Studio.local","status":500,"method":"POST","path":"/api/v1/user/reset_password","query":"","ip":"127.0.0.1","user-agent":"PostmanRuntime/7.44.1","errors":"","cost":0.00007125}
{"level":"INFO","time":"2025-07-04T23:01:36.260+0800","caller":"middleware/logger.go:25","msg":"/api/v1/user/reset_password","hostname":"JohnnydeMac-Studio.local","status":500,"method":"POST","path":"/api/v1/user/reset_password","query":"","ip":"127.0.0.1","user-agent":"PostmanRuntime/7.44.1","errors":"","cost":0.0000745}
{"level":"INFO","time":"2025-07-04T23:04:48.669+0800","caller":"middleware/logger.go:25","msg":"/api/v1/user/reset_password","hostname":"JohnnydeMac-Studio.local","status":500,"method":"POST","path":"/api/v1/user/reset_password","query":"","ip":"127.0.0.1","user-agent":"PostmanRuntime/7.44.1","errors":"","cost":0.000348083}
{"level":"INFO","time":"2025-07-04T23:04:49.733+0800","caller":"middleware/logger.go:25","msg":"/api/v1/user/reset_password","hostname":"JohnnydeMac-Studio.local","status":500,"method":"POST","path":"/api/v1/user/reset_password","query":"","ip":"127.0.0.1","user-agent":"PostmanRuntime/7.44.1","errors":"","cost":0.000049417}
{"level":"INFO","time":"2025-07-04T23:16:28.281+0800","caller":"middleware/logger.go:25","msg":"/api/v1/user/reset_password","hostname":"JohnnydeMac-Studio.local","status":500,"method":"POST","path":"/api/v1/user/reset_password","query":"","ip":"127.0.0.1","user-agent":"PostmanRuntime/7.44.1","errors":"","cost":0.000151209}
{"level":"INFO","time":"2025-07-04T23:16:29.698+0800","caller":"middleware/logger.go:25","msg":"/api/v1/user/reset_password","hostname":"JohnnydeMac-Studio.local","status":500,"method":"POST","path":"/api/v1/user/reset_password","query":"","ip":"127.0.0.1","user-agent":"PostmanRuntime/7.44.1","errors":"","cost":0.00008325}
{"level":"INFO","time":"2025-07-04T23:16:30.478+0800","caller":"middleware/logger.go:25","msg":"/api/v1/user/reset_password","hostname":"JohnnydeMac-Studio.local","status":500,"method":"POST","path":"/api/v1/user/reset_password","query":"","ip":"127.0.0.1","user-agent":"PostmanRuntime/7.44.1","errors":"","cost":0.000049542}
{"level":"INFO","time":"2025-07-04T23:16:31.046+0800","caller":"middleware/logger.go:25","msg":"/api/v1/user/reset_password","hostname":"JohnnydeMac-Studio.local","status":500,"method":"POST","path":"/api/v1/user/reset_password","query":"","ip":"127.0.0.1","user-agent":"PostmanRuntime/7.44.1","errors":"","cost":0.000066209}
{"level":"INFO","time":"2025-07-04T23:17:19.260+0800","caller":"middleware/logger.go:25","msg":"/api/v1/user/reset_password","hostname":"JohnnydeMac-Studio.local","status":500,"method":"POST","path":"/api/v1/user/reset_password","query":"","ip":"127.0.0.1","user-agent":"PostmanRuntime/7.44.1","errors":"","cost":0.000103333}
{"level":"INFO","time":"2025-07-04T23:17:20.083+0800","caller":"middleware/logger.go:25","msg":"/api/v1/user/reset_password","hostname":"JohnnydeMac-Studio.local","status":500,"method":"POST","path":"/api/v1/user/reset_password","query":"","ip":"127.0.0.1","user-agent":"PostmanRuntime/7.44.1","errors":"","cost":0.00007675}
{"level":"INFO","time":"2025-07-04T23:17:20.704+0800","caller":"middleware/logger.go:25","msg":"/api/v1/user/reset_password","hostname":"JohnnydeMac-Studio.local","status":500,"method":"POST","path":"/api/v1/user/reset_password","query":"","ip":"127.0.0.1","user-agent":"PostmanRuntime/7.44.1","errors":"","cost":0.000055583}
{"level":"INFO","time":"2025-07-04T23:17:21.244+0800","caller":"middleware/logger.go:25","msg":"/api/v1/user/reset_password","hostname":"JohnnydeMac-Studio.local","status":500,"method":"POST","path":"/api/v1/user/reset_password","query":"","ip":"127.0.0.1","user-agent":"PostmanRuntime/7.44.1","errors":"","cost":0.000081125}
{"level":"INFO","time":"2025-07-04T23:19:38.101+0800","caller":"middleware/logger.go:25","msg":"/api/v1/email/send","hostname":"JohnnydeMac-Studio.local","status":200,"method":"POST","path":"/api/v1/email/send","query":"","ip":"127.0.0.1","user-agent":"PostmanRuntime/7.44.1","errors":"","cost":1.449788416}
{"level":"INFO","time":"2025-07-04T23:20:39.991+0800","caller":"middleware/logger.go:25","msg":"/api/v1/email/verify","hostname":"JohnnydeMac-Studio.local","status":200,"method":"POST","path":"/api/v1/email/verify","query":"","ip":"127.0.0.1","user-agent":"PostmanRuntime/7.44.1","errors":"","cost":0.04314725}
{"level":"INFO","time":"2025-07-04T23:21:37.409+0800","caller":"middleware/logger.go:25","msg":"/api/v1/user/reset_password","hostname":"JohnnydeMac-Studio.local","status":200,"method":"POST","path":"/api/v1/user/reset_password","query":"","ip":"127.0.0.1","user-agent":"PostmanRuntime/7.44.1","errors":"","cost":1.001995625}
{"level":"INFO","time":"2025-07-04T23:23:04.295+0800","caller":"middleware/logger.go:25","msg":"/api/v1/users","hostname":"JohnnydeMac-Studio.local","status":200,"method":"GET","path":"/api/v1/users","query":"","ip":"127.0.0.1","user-agent":"PostmanRuntime/7.44.1","errors":"","cost":0.065984125}
{"level":"INFO","time":"2025-07-04T23:23:42.071+0800","caller":"middleware/logger.go:25","msg":"/api/v1/users","hostname":"JohnnydeMac-Studio.local","status":401,"method":"GET","path":"/api/v1/users","query":"","ip":"127.0.0.1","user-agent":"PostmanRuntime/7.44.1","errors":"","cost":0.000082666}
{"level":"INFO","time":"2025-07-04T23:24:18.904+0800","caller":"middleware/logger.go:25","msg":"/api/v1/auth/token","hostname":"JohnnydeMac-Studio.local","status":401,"method":"POST","path":"/api/v1/auth/token","query":"","ip":"127.0.0.1","user-agent":"PostmanRuntime/7.44.1","errors":"","cost":0.046899917}
{"level":"INFO","time":"2025-07-04T23:24:32.246+0800","caller":"middleware/logger.go:25","msg":"/api/v1/auth/token","hostname":"JohnnydeMac-Studio.local","status":401,"method":"POST","path":"/api/v1/auth/token","query":"","ip":"127.0.0.1","user-agent":"PostmanRuntime/7.44.1","errors":"","cost":0.044086}
{"level":"INFO","time":"2025-07-04T23:25:07.614+0800","caller":"middleware/logger.go:25","msg":"/api/v1/auth/token","hostname":"JohnnydeMac-Studio.local","status":401,"method":"POST","path":"/api/v1/auth/token","query":"","ip":"127.0.0.1","user-agent":"PostmanRuntime/7.44.1","errors":"","cost":0.060899458}
{"level":"INFO","time":"2025-07-04T23:34:58.956+0800","caller":"middleware/logger.go:25","msg":"/api/v1/email/send","hostname":"JohnnydeMac-Studio.local","status":200,"method":"POST","path":"/api/v1/email/send","query":"","ip":"127.0.0.1","user-agent":"PostmanRuntime/7.44.1","errors":"","cost":4.389834167}
{"level":"INFO","time":"2025-07-04T23:35:35.078+0800","caller":"middleware/logger.go:25","msg":"/api/v1/email/verify","hostname":"JohnnydeMac-Studio.local","status":200,"method":"POST","path":"/api/v1/email/verify","query":"","ip":"127.0.0.1","user-agent":"PostmanRuntime/7.44.1","errors":"","cost":0.222438458}
{"level":"INFO","time":"2025-07-04T23:36:23.329+0800","caller":"middleware/logger.go:25","msg":"/api/v1/user/reset_password","hostname":"JohnnydeMac-Studio.local","status":401,"method":"POST","path":"/api/v1/user/reset_password","query":"","ip":"127.0.0.1","user-agent":"PostmanRuntime/7.44.1","errors":"","cost":0.000024625}
{"level":"INFO","time":"2025-07-04T23:36:52.787+0800","caller":"middleware/logger.go:25","msg":"/api/v1/user/reset_password","hostname":"JohnnydeMac-Studio.local","status":200,"method":"POST","path":"/api/v1/user/reset_password","query":"","ip":"127.0.0.1","user-agent":"PostmanRuntime/7.44.1","errors":"","cost":0.476681291}
{"level":"INFO","time":"2025-07-04T23:37:04.026+0800","caller":"middleware/logger.go:25","msg":"/api/v1/users","hostname":"JohnnydeMac-Studio.local","status":200,"method":"GET","path":"/api/v1/users","query":"","ip":"127.0.0.1","user-agent":"PostmanRuntime/7.44.1","errors":"","cost":0.057625708}
{"level":"INFO","time":"2025-07-04T23:37:30.536+0800","caller":"middleware/logger.go:25","msg":"/api/v1/users","hostname":"JohnnydeMac-Studio.local","status":401,"method":"GET","path":"/api/v1/users","query":"","ip":"127.0.0.1","user-agent":"PostmanRuntime/7.44.1","errors":"","cost":0.000094959}
{"level":"INFO","time":"2025-07-04T23:37:45.492+0800","caller":"middleware/logger.go:25","msg":"/api/v1/auth/token","hostname":"JohnnydeMac-Studio.local","status":200,"method":"POST","path":"/api/v1/auth/token","query":"","ip":"127.0.0.1","user-agent":"PostmanRuntime/7.44.1","errors":"","cost":0.131269459}
{"level":"INFO","time":"2025-07-05T15:32:33.994+0800","caller":"middleware/logger.go:25","msg":"/api/v1/auth/token","hostname":"JohnnydeMac-Studio.local","status":200,"method":"POST","path":"/api/v1/auth/token","query":"","ip":"127.0.0.1","user-agent":"PostmanRuntime/7.44.1","errors":"","cost":0.1268625}
{"level":"INFO","time":"2025-07-05T15:33:23.146+0800","caller":"middleware/logger.go:25","msg":"/api/v1/users","hostname":"JohnnydeMac-Studio.local","status":200,"method":"GET","path":"/api/v1/users","query":"","ip":"127.0.0.1","user-agent":"PostmanRuntime/7.44.1","errors":"","cost":0.063627375}
{"level":"INFO","time":"2025-07-05T15:34:59.593+0800","caller":"middleware/logger.go:25","msg":"/api/v1/auth/logout","hostname":"JohnnydeMac-Studio.local","status":404,"method":"GET","path":"/api/v1/auth/logout","query":"","ip":"127.0.0.1","user-agent":"PostmanRuntime/7.44.1","errors":"","cost":0.000000583}
{"level":"INFO","time":"2025-07-05T15:36:28.480+0800","caller":"middleware/logger.go:25","msg":"/api/v1/auth/logout","hostname":"JohnnydeMac-Studio.local","status":404,"method":"GET","path":"/api/v1/auth/logout","query":"","ip":"127.0.0.1","user-agent":"PostmanRuntime/7.44.1","errors":"","cost":0.00000075}
{"level":"INFO","time":"2025-07-05T15:36:41.836+0800","caller":"middleware/logger.go:25","msg":"/api/v1/auth/logout","hostname":"JohnnydeMac-Studio.local","status":500,"method":"POST","path":"/api/v1/auth/logout","query":"","ip":"127.0.0.1","user-agent":"PostmanRuntime/7.44.1","errors":"","cost":0.000055542}
{"level":"INFO","time":"2025-07-05T15:37:06.114+0800","caller":"middleware/logger.go:25","msg":"/api/v1/auth/logout","hostname":"JohnnydeMac-Studio.local","status":200,"method":"POST","path":"/api/v1/auth/logout","query":"","ip":"127.0.0.1","user-agent":"PostmanRuntime/7.44.1","errors":"","cost":0.013509792}
{"level":"INFO","time":"2025-07-05T15:37:18.252+0800","caller":"middleware/logger.go:25","msg":"/api/v1/users","hostname":"JohnnydeMac-Studio.local","status":500,"method":"GET","path":"/api/v1/users","query":"","ip":"127.0.0.1","user-agent":"PostmanRuntime/7.44.1","errors":"","cost":0.015524791}
{"level":"INFO","time":"2025-07-05T16:44:04.469+0800","caller":"middleware/logger.go:25","msg":"/api/v1/email/send","hostname":"JohnnydeMac-Studio.local","status":404,"method":"POST","path":"/api/v1/email/send","query":"","ip":"127.0.0.1","user-agent":"PostmanRuntime/7.44.1","errors":"","cost":0.000000708}
{"level":"INFO","time":"2025-07-05T16:44:16.366+0800","caller":"middleware/logger.go:25","msg":"/api/v1/auth/send","hostname":"JohnnydeMac-Studio.local","status":200,"method":"POST","path":"/api/v1/auth/send","query":"","ip":"127.0.0.1","user-agent":"PostmanRuntime/7.44.1","errors":"","cost":1.264710833}
{"level":"INFO","time":"2025-07-05T16:45:01.201+0800","caller":"middleware/logger.go:25","msg":"/api/v1/auth/verify","hostname":"JohnnydeMac-Studio.local","status":200,"method":"POST","path":"/api/v1/auth/verify","query":"","ip":"127.0.0.1","user-agent":"PostmanRuntime/7.44.1","errors":"","cost":0.024388125}
{"level":"INFO","time":"2025-07-05T16:46:18.823+0800","caller":"middleware/logger.go:25","msg":"/api/v1/user/reset_password","hostname":"JohnnydeMac-Studio.local","status":200,"method":"POST","path":"/api/v1/user/reset_password","query":"","ip":"127.0.0.1","user-agent":"PostmanRuntime/7.44.1","errors":"","cost":0.342944375}
{"level":"INFO","time":"2025-07-05T16:46:33.167+0800","caller":"middleware/logger.go:25","msg":"/api/v1/auth/token","hostname":"JohnnydeMac-Studio.local","status":401,"method":"POST","path":"/api/v1/auth/token","query":"","ip":"127.0.0.1","user-agent":"PostmanRuntime/7.44.1","errors":"","cost":0.117536458}
{"level":"INFO","time":"2025-07-05T16:46:46.020+0800","caller":"middleware/logger.go:25","msg":"/api/v1/auth/token","hostname":"JohnnydeMac-Studio.local","status":200,"method":"POST","path":"/api/v1/auth/token","query":"","ip":"127.0.0.1","user-agent":"PostmanRuntime/7.44.1","errors":"","cost":0.118576792}
{"level":"INFO","time":"2025-07-05T16:50:32.433+0800","caller":"middleware/logger.go:25","msg":"/api/v1/auth/send","hostname":"JohnnydeMac-Studio.local","status":500,"method":"POST","path":"/api/v1/auth/send","query":"","ip":"127.0.0.1","user-agent":"PostmanRuntime/7.44.1","errors":"","cost":0.029408416}
{"level":"INFO","time":"2025-07-05T16:50:46.961+0800","caller":"middleware/logger.go:25","msg":"/api/v1/auth/send","hostname":"JohnnydeMac-Studio.local","status":200,"method":"POST","path":"/api/v1/auth/send","query":"","ip":"127.0.0.1","user-agent":"PostmanRuntime/7.44.1","errors":"","cost":1.186082291}
{"level":"INFO","time":"2025-07-05T16:54:27.959+0800","caller":"middleware/logger.go:25","msg":"/api/v1/users","hostname":"JohnnydeMac-Studio.local","status":200,"method":"GET","path":"/api/v1/users","query":"","ip":"127.0.0.1","user-agent":"PostmanRuntime/7.44.1","errors":"","cost":0.0579255}
{"level":"INFO","time":"2025-07-05T18:45:44.404+0800","caller":"middleware/logger.go:25","msg":"/api/v1/auth/token","hostname":"JohnnydeMac-Studio.local","status":200,"method":"POST","path":"/api/v1/auth/token","query":"","ip":"127.0.0.1","user-agent":"PostmanRuntime/7.44.1","errors":"","cost":0.127168583}
{"level":"INFO","time":"2025-07-07T11:38:27.928+0800","caller":"server/server.go:159","msg":"server enabled controllers: [users posts categories tags auth comments likes favorites]"}
{"level":"INFO","time":"2025-07-07T11:45:36.113+0800","caller":"middleware/logger.go:25","msg":"/api/v1/auth/token","hostname":"Johnny","status":401,"method":"POST","path":"/api/v1/auth/token","query":"","ip":"127.0.0.1","user-agent":"PostmanRuntime/7.28.4","errors":"","cost":0.081660794}
{"level":"INFO","time":"2025-07-07T11:52:07.881+0800","caller":"server/server.go:186","msg":"Receive signal: interrupt"}
{"level":"INFO","time":"2025-07-07T11:52:12.493+0800","caller":"server/server.go:159","msg":"server enabled controllers: [users posts categories tags auth comments likes favorites]"}
{"level":"INFO","time":"2025-07-07T11:52:17.414+0800","caller":"middleware/logger.go:25","msg":"/api/v1/auth/token","hostname":"Johnny","status":401,"method":"POST","path":"/api/v1/auth/token","query":"","ip":"127.0.0.1","user-agent":"PostmanRuntime/7.28.4","errors":"","cost":0.064832161}
{"level":"INFO","time":"2025-07-07T11:52:58.658+0800","caller":"middleware/logger.go:25","msg":"/api/v1/auth/token","hostname":"Johnny","status":401,"method":"POST","path":"/api/v1/auth/token","query":"","ip":"127.0.0.1","user-agent":"PostmanRuntime/7.28.4","errors":"","cost":0.06671157}
{"level":"INFO","time":"2025-07-07T11:53:04.803+0800","caller":"middleware/logger.go:25","msg":"/api/v1/auth/token","hostname":"Johnny","status":200,"method":"POST","path":"/api/v1/auth/token","query":"","ip":"127.0.0.1","user-agent":"PostmanRuntime/7.28.4","errors":"","cost":0.067316694}
{"level":"INFO","time":"2025-07-07T12:14:51.388+0800","caller":"server/server.go:186","msg":"Receive signal: interrupt"}
{"level":"INFO","time":"2025-07-07T14:53:50.099+0800","caller":"server/server.go:159","msg":"server enabled controllers: [users posts categories tags auth comments likes favorites]"}
{"level":"INFO","time":"2025-07-07T14:54:55.326+0800","caller":"middleware/logger.go:25","msg":"/api/v1/auth/token","hostname":"Johnny","status":200,"method":"POST","path":"/api/v1/auth/token","query":"","ip":"127.0.0.1","user-agent":"PostmanRuntime/7.28.4","errors":"","cost":0.081131683}
{"level":"INFO","time":"2025-07-07T14:55:23.389+0800","caller":"middleware/logger.go:25","msg":"/api/v1/users","hostname":"Johnny","status":200,"method":"GET","path":"/api/v1/users","query":"Authorization:%20Bearer","ip":"127.0.0.1","user-agent":"PostmanRuntime/7.28.4","errors":"","cost":0.019635801}
{"level":"INFO","time":"2025-07-07T14:57:37.739+0800","caller":"middleware/logger.go:25","msg":"/api/v1/user/4","hostname":"Johnny","status":403,"method":"GET","path":"/api/v1/user/4","query":"","ip":"127.0.0.1","user-agent":"PostmanRuntime/7.28.4","errors":"","cost":0.003868766}
{"level":"INFO","time":"2025-07-07T14:58:13.479+0800","caller":"middleware/logger.go:25","msg":"/api/v1/user/4","hostname":"Johnny","status":200,"method":"GET","path":"/api/v1/user/4","query":"","ip":"127.0.0.1","user-agent":"PostmanRuntime/7.28.4","errors":"","cost":0.025673071}
{"level":"INFO","time":"2025-07-07T15:01:43.514+0800","caller":"middleware/logger.go:25","msg":"/api/v1/user/4","hostname":"Johnny","status":500,"method":"PUT","path":"/api/v1/user/4","query":"","ip":"127.0.0.1","user-agent":"PostmanRuntime/7.28.4","errors":"","cost":0.037126562}
{"level":"INFO","time":"2025-07-07T15:03:52.065+0800","caller":"server/server.go:186","msg":"Receive signal: interrupt"}
{"level":"INFO","time":"2025-07-07T15:03:56.275+0800","caller":"server/server.go:159","msg":"server enabled controllers: [users posts categories tags auth comments likes favorites]"}
{"level":"INFO","time":"2025-07-07T15:04:06.350+0800","caller":"middleware/logger.go:25","msg":"/api/v1/user/4","hostname":"Johnny","status":200,"method":"PUT","path":"/api/v1/user/4","query":"","ip":"127.0.0.1","user-agent":"PostmanRuntime/7.28.4","errors":"","cost":0.04754777}
{"level":"INFO","time":"2025-07-07T15:04:35.264+0800","caller":"middleware/logger.go:25","msg":"/api/v1/user/4","hostname":"Johnny","status":200,"method":"GET","path":"/api/v1/user/4","query":"","ip":"127.0.0.1","user-agent":"PostmanRuntime/7.28.4","errors":"","cost":0.015353719}
{"level":"INFO","time":"2025-07-07T15:11:37.560+0800","caller":"middleware/logger.go:25","msg":"/api/v1/user/4","hostname":"Johnny","status":500,"method":"PUT","path":"/api/v1/user/4","query":"","ip":"127.0.0.1","user-agent":"PostmanRuntime/7.28.4","errors":"","cost":0.033354373}
{"level":"INFO","time":"2025-07-07T15:12:04.998+0800","caller":"middleware/logger.go:25","msg":"/api/v1/user","hostname":"Johnny","status":404,"method":"GET","path":"/api/v1/user","query":"user_name=johnny","ip":"127.0.0.1","user-agent":"PostmanRuntime/7.28.4","errors":"","cost":0.000000601}
{"level":"INFO","time":"2025-07-07T15:12:34.847+0800","caller":"middleware/logger.go:25","msg":"/api/v1/user/name","hostname":"Johnny","status":500,"method":"GET","path":"/api/v1/user/name","query":"user_name=johnny","ip":"127.0.0.1","user-agent":"PostmanRuntime/7.28.4","errors":"","cost":0.004021437}
{"level":"INFO","time":"2025-07-07T15:13:34.094+0800","caller":"middleware/logger.go:25","msg":"/api/v1/user/name","hostname":"Johnny","status":500,"method":"GET","path":"/api/v1/user/name","query":"","ip":"127.0.0.1","user-agent":"PostmanRuntime/7.28.4","errors":"","cost":0.004127253}
{"level":"INFO","time":"2025-07-07T15:18:31.043+0800","caller":"server/server.go:186","msg":"Receive signal: interrupt"}
{"level":"INFO","time":"2025-07-07T15:20:00.714+0800","caller":"server/server.go:159","msg":"server enabled controllers: [users posts categories tags auth comments likes favorites]"}
{"level":"INFO","time":"2025-07-07T15:20:19.549+0800","caller":"middleware/logger.go:25","msg":"/api/v1/user/name","hostname":"Johnny","status":500,"method":"GET","path":"/api/v1/user/name","query":"","ip":"127.0.0.1","user-agent":"PostmanRuntime/7.28.4","errors":"","cost":0.00346167}
{"level":"INFO","time":"2025-07-07T15:21:17.163+0800","caller":"middleware/logger.go:25","msg":"/api/v1/user/name/johnny","hostname":"Johnny","status":200,"method":"GET","path":"/api/v1/user/name/johnny","query":"","ip":"127.0.0.1","user-agent":"PostmanRuntime/7.28.4","errors":"","cost":0.02731762}
{"level":"INFO","time":"2025-07-07T15:21:54.008+0800","caller":"middleware/logger.go:25","msg":"/api/v1/user/name","hostname":"Johnny","status":500,"method":"GET","path":"/api/v1/user/name","query":"user_name=johnny","ip":"127.0.0.1","user-agent":"PostmanRuntime/7.28.4","errors":"","cost":0.005304755}
{"level":"INFO","time":"2025-07-07T15:22:03.646+0800","caller":"middleware/logger.go:25","msg":"/api/v1/user/name/johnny","hostname":"Johnny","status":200,"method":"GET","path":"/api/v1/user/name/johnny","query":"","ip":"127.0.0.1","user-agent":"PostmanRuntime/7.28.4","errors":"","cost":0.010512547}
{"level":"INFO","time":"2025-07-07T15:24:56.170+0800","caller":"middleware/logger.go:25","msg":"/api/v1/user/1","hostname":"Johnny","status":500,"method":"PUT","path":"/api/v1/user/1","query":"","ip":"127.0.0.1","user-agent":"PostmanRuntime/7.28.4","errors":"","cost":0.013403871}
{"level":"INFO","time":"2025-07-07T15:25:22.443+0800","caller":"middleware/logger.go:25","msg":"/api/v1/user/1","hostname":"Johnny","status":200,"method":"GET","path":"/api/v1/user/1","query":"","ip":"127.0.0.1","user-agent":"PostmanRuntime/7.28.4","errors":"","cost":0.022229201}
{"level":"INFO","time":"2025-07-07T16:51:37.399+0800","caller":"middleware/logger.go:25","msg":"/api/v1/user/1","hostname":"Johnny","status":403,"method":"GET","path":"/api/v1/user/1","query":"","ip":"192.168.8.173","user-agent":"PostmanRuntime/7.44.1","errors":"","cost":0.01403308}
{"level":"INFO","time":"2025-07-07T16:53:00.040+0800","caller":"middleware/logger.go:25","msg":"/api/v1/auth/token","hostname":"Johnny","status":200,"method":"POST","path":"/api/v1/auth/token","query":"","ip":"192.168.8.173","user-agent":"PostmanRuntime/7.44.1","errors":"","cost":0.086815535}
{"level":"INFO","time":"2025-07-07T16:53:18.200+0800","caller":"middleware/logger.go:25","msg":"/api/v1/user/1","hostname":"Johnny","status":200,"method":"GET","path":"/api/v1/user/1","query":"","ip":"192.168.8.173","user-agent":"PostmanRuntime/7.44.1","errors":"","cost":0.017625689}
{"level":"INFO","time":"2025-07-07T16:53:43.135+0800","caller":"middleware/logger.go:25","msg":"/api/v1/user","hostname":"Johnny","status":404,"method":"GET","path":"/api/v1/user","query":"","ip":"192.168.8.173","user-agent":"PostmanRuntime/7.44.1","errors":"","cost":0.000000593}
{"level":"INFO","time":"2025-07-07T16:53:47.609+0800","caller":"middleware/logger.go:25","msg":"/api/v1/users","hostname":"Johnny","status":200,"method":"GET","path":"/api/v1/users","query":"","ip":"192.168.8.173","user-agent":"PostmanRuntime/7.44.1","errors":"","cost":0.015555396}
{"level":"INFO","time":"2025-07-07T16:54:13.471+0800","caller":"middleware/logger.go:25","msg":"/api/v1/user/10","hostname":"Johnny","status":200,"method":"DELETE","path":"/api/v1/user/10","query":"","ip":"192.168.8.173","user-agent":"PostmanRuntime/7.44.1","errors":"","cost":0.046841298}
{"level":"INFO","time":"2025-07-07T16:54:23.115+0800","caller":"middleware/logger.go:25","msg":"/api/v1/users","hostname":"Johnny","status":200,"method":"GET","path":"/api/v1/users","query":"","ip":"192.168.8.173","user-agent":"PostmanRuntime/7.44.1","errors":"","cost":0.016931099}
{"level":"INFO","time":"2025-07-07T17:18:14.970+0800","caller":"server/server.go:186","msg":"Receive signal: interrupt"}
{"level":"INFO","time":"2025-07-09T09:22:04.498+0800","caller":"server/server.go:159","msg":"server enabled controllers: [users posts categories tags auth comments likes favorites]"}
{"level":"INFO","time":"2025-07-09T09:22:26.866+0800","caller":"middleware/logger.go:25","msg":"/api/v1/auth/token","hostname":"Johnny","status":401,"method":"POST","path":"/api/v1/auth/token","query":"","ip":"127.0.0.1","user-agent":"PostmanRuntime/7.28.4","errors":"","cost":0.008400293}
{"level":"INFO","time":"2025-07-09T09:24:32.807+0800","caller":"middleware/logger.go:25","msg":"/api/v1/auth/token","hostname":"Johnny","status":401,"method":"POST","path":"/api/v1/auth/token","query":"","ip":"127.0.0.1","user-agent":"PostmanRuntime/7.28.4","errors":"","cost":0.006539308}
{"level":"INFO","time":"2025-07-09T09:25:09.745+0800","caller":"middleware/logger.go:25","msg":"/api/v1/auth/token","hostname":"Johnny","status":200,"method":"POST","path":"/api/v1/auth/token","query":"","ip":"127.0.0.1","user-agent":"PostmanRuntime/7.28.4","errors":"","cost":0.094647048}
{"level":"INFO","time":"2025-07-09T09:25:42.517+0800","caller":"middleware/logger.go:25","msg":"/api/v1/user/1","hostname":"Johnny","status":401,"method":"GET","path":"/api/v1/user/1","query":"","ip":"127.0.0.1","user-agent":"PostmanRuntime/7.28.4","errors":"","cost":0.004748005}
{"level":"INFO","time":"2025-07-09T09:26:21.512+0800","caller":"server/server.go:186","msg":"Receive signal: interrupt"}
{"level":"INFO","time":"2025-07-09T09:29:59.526+0800","caller":"server/server.go:159","msg":"server enabled controllers: [users posts categories tags auth comments likes favorites]"}
{"level":"INFO","time":"2025-07-09T09:30:49.182+0800","caller":"middleware/logger.go:25","msg":"/api/v1/user/name/johnny","hostname":"Johnny","status":200,"method":"GET","path":"/api/v1/user/name/johnny","query":"","ip":"127.0.0.1","user-agent":"PostmanRuntime/7.28.4","errors":"","cost":0.013007299}
{"level":"INFO","time":"2025-07-09T09:31:05.276+0800","caller":"middleware/logger.go:25","msg":"/api/v1/user/name/nice","hostname":"Johnny","status":200,"method":"GET","path":"/api/v1/user/name/nice","query":"","ip":"127.0.0.1","user-agent":"PostmanRuntime/7.28.4","errors":"","cost":0.017468133}
{"level":"INFO","time":"2025-07-09T09:33:14.043+0800","caller":"server/server.go:186","msg":"Receive signal: interrupt"}
{"level":"INFO","time":"2025-07-09T09:33:30.734+0800","caller":"server/server.go:159","msg":"server enabled controllers: [users posts categories tags auth comments likes favorites]"}
{"level":"INFO","time":"2025-07-09T09:33:38.109+0800","caller":"middleware/logger.go:25","msg":"/api/v1/user/name/nice","hostname":"Johnny","status":400,"method":"GET","path":"/api/v1/user/name/nice","query":"","ip":"127.0.0.1","user-agent":"PostmanRuntime/7.28.4","errors":"","cost":0.00480268}
{"level":"INFO","time":"2025-07-09T09:40:19.373+0800","caller":"middleware/logger.go:25","msg":"/api/v1/user/name/nice","hostname":"Johnny","status":401,"method":"GET","path":"/api/v1/user/name/nice","query":"","ip":"127.0.0.1","user-agent":"PostmanRuntime/7.28.4","errors":"","cost":0.000026243}
{"level":"INFO","time":"2025-07-09T09:40:34.529+0800","caller":"middleware/logger.go:25","msg":"/api/v1/user/name/nice","hostname":"Johnny","status":401,"method":"GET","path":"/api/v1/user/name/nice","query":"","ip":"127.0.0.1","user-agent":"PostmanRuntime/7.28.4","errors":"","cost":0.000015308}
{"level":"INFO","time":"2025-07-09T09:45:03.754+0800","caller":"server/server.go:186","msg":"Receive signal: interrupt"}
{"level":"INFO","time":"2025-07-09T09:45:07.785+0800","caller":"server/server.go:159","msg":"server enabled controllers: [users posts categories tags auth comments likes favorites]"}
{"level":"INFO","time":"2025-07-09T09:45:33.834+0800","caller":"middleware/logger.go:25","msg":"/api/v1/user/4","hostname":"Johnny","status":401,"method":"GET","path":"/api/v1/user/4","query":"","ip":"127.0.0.1","user-agent":"PostmanRuntime/7.28.4","errors":"","cost":0.010217802}
{"level":"INFO","time":"2025-07-09T09:46:21.704+0800","caller":"middleware/logger.go:25","msg":"/api/v1/users","hostname":"Johnny","status":403,"method":"GET","path":"/api/v1/users","query":"Authorization:%20Bearer","ip":"127.0.0.1","user-agent":"PostmanRuntime/7.28.4","errors":"","cost":0.00337474}
{"level":"INFO","time":"2025-07-09T09:46:29.171+0800","caller":"middleware/logger.go:25","msg":"/api/v1/users","hostname":"Johnny","status":200,"method":"GET","path":"/api/v1/users","query":"Authorization:%20Bearer","ip":"127.0.0.1","user-agent":"PostmanRuntime/7.28.4","errors":"","cost":0.031541641}
{"level":"INFO","time":"2025-07-09T09:47:25.117+0800","caller":"middleware/logger.go:25","msg":"/api/v1/user/name/nice","hostname":"Johnny","status":400,"method":"GET","path":"/api/v1/user/name/nice","query":"","ip":"127.0.0.1","user-agent":"PostmanRuntime/7.28.4","errors":"","cost":0.005887068}
{"level":"INFO","time":"2025-07-09T09:50:17.514+0800","caller":"server/server.go:186","msg":"Receive signal: interrupt"}
{"level":"INFO","time":"2025-07-09T09:50:20.091+0800","caller":"server/server.go:159","msg":"server enabled controllers: [users posts categories tags auth comments likes favorites]"}
{"level":"ERROR","time":"2025-07-09T09:50:35.724+0800","caller":"middleware/recovery.go:45","msg":"[Recovery from panic]","error":"interface conversion: interface {} is uint, not string","request":"GET /api/v1/user/4 HTTP/1.1\r\nHost: 127.0.0.1:8084\r\nAccept: */*\r\nAccept-Encoding: gzip, deflate, br\r\nAuthorization: Bearer eyJhbGciOiJIUzI1NiIsInR5cCI6IkpXVCJ9.eyJpZCI6NCwibmFtZSI6ImpvaG5ueSIsImlzcyI6Imlua2dvLmlvIiwiZXhwIjoxNzUyMDMxNTA5LCJuYmYiOjE3NTIwMjQzMDksImlhdCI6MTc1MjAyNDMwOX0.SpCA_536ZjKFV_B9RSwiqauZW2q4FFlW_DJU7VgNRyM\r\nCache-Control: no-cache\r\nConnection: keep-alive\r\nPostman-Token: 0b1151c8-44a6-40ca-b932-fed2620067af\r\nUser-Agent: PostmanRuntime/7.28.4\r\n\r\n","stack":"goroutine 9 [running]:\nruntime/debug.Stack()\n\t/Users/Johnny/go/pkg/mod/golang.org/toolchain@v0.0.1-go1.24.2.darwin-amd64/src/runtime/debug/stack.go:26 +0x5e\ninkgo/server.New.Recovery.func3.1()\n\t/Users/Johnny/go/src/inkgo/middleware/recovery.go:48 +0x4d1\npanic({0x85c3a20?, 0xc0002c0a20?})\n\t/Users/Johnny/go/pkg/mod/golang.org/toolchain@v0.0.1-go1.24.2.darwin-amd64/src/runtime/panic.go:792 +0x132\ninkgo/controller.(*UserController).GetUserByID(0xc00019a730, 0xc0000a8500)\n\t/Users/Johnny/go/src/inkgo/controller/user.go:47 +0x23d\ngithub.com/gin-gonic/gin.(*Context).Next(0xc0000a8500)\n\t/Users/Johnny/go/pkg/mod/github.com/gin-gonic/gin@v1.9.1/context.go:174 +0x2b\ninkgo/server.(*Server).Routers.AuthorizationMiddleware.func2(0xc0000a8500)\n\t/Users/Johnny/go/src/inkgo/middleware/jwt.go:191 +0x21c\ngithub.com/gin-gonic/gin.(*Context).Next(0xc0000a8500)\n\t/Users/Johnny/go/pkg/mod/github.com/gin-gonic/gin@v1.9.1/context.go:174 +0x2b\ninkgo/server.New.Recovery.func3(0xc0000a7670?)\n\t/Users/Johnny/go/src/inkgo/middleware/recovery.go:59 +0x47\ngithub.com/gin-gonic/gin.(*Context).Next(0xc0000a8500)\n\t/Users/Johnny/go/pkg/mod/github.com/gin-gonic/gin@v1.9.1/context.go:174 +0x2b\ninkgo/server.New.LoggerMiddleWare.func2(0xc0000a8500)\n\t/Users/Johnny/go/src/inkgo/middleware/logger.go:22 +0x75\ngithub.com/gin-gonic/gin.(*Context).Next(...)\n\t/Users/Johnny/go/pkg/mod/github.com/gin-gonic/gin@v1.9.1/context.go:174\ninkgo/middleware.RateLimitMiddleware.func1(0xc0000a8500)\n\t/Users/Johnny/go/src/inkgo/middleware/ratelimit.go:18 +0xaa\ngithub.com/gin-gonic/gin.(*Context).Next(...)\n\t/Users/Johnny/go/pkg/mod/github.com/gin-gonic/gin@v1.9.1/context.go:174\ngithub.com/gin-gonic/gin.(*Engine).handleHTTPRequest(0xc00047c4e0, 0xc0000a8500)\n\t/Users/Johnny/go/pkg/mod/github.com/gin-gonic/gin@v1.9.1/gin.go:620 +0x64e\ngithub.com/gin-gonic/gin.(*Engine).ServeHTTP(0xc00047c4e0, {0x86d6820, 0xc0000be000}, 0xc0000348c0)\n\t/Users/Johnny/go/pkg/mod/github.com/gin-gonic/gin@v1.9.1/gin.go:576 +0x1aa\nnet/http.serverHandler.ServeHTTP({0xc0002c0060?}, {0x86d6820?, 0xc0000be000?}, 0x1?)\n\t/Users/Johnny/go/pkg/mod/golang.org/toolchain@v0.0.1-go1.24.2.darwin-amd64/src/net/http/server.go:3301 +0x8e\nnet/http.(*conn).serve(0xc0001e6900, {0x86d82f8, 0xc000467ec0})\n\t/Users/Johnny/go/pkg/mod/golang.org/toolchain@v0.0.1-go1.24.2.darwin-amd64/src/net/http/server.go:2102 +0x625\ncreated by net/http.(*Server).Serve in goroutine 50\n\t/Users/Johnny/go/pkg/mod/golang.org/toolchain@v0.0.1-go1.24.2.darwin-amd64/src/net/http/server.go:3454 +0x485\n"}
{"level":"INFO","time":"2025-07-09T09:50:35.724+0800","caller":"middleware/logger.go:25","msg":"/api/v1/user/4","hostname":"Johnny","status":500,"method":"GET","path":"/api/v1/user/4","query":"","ip":"127.0.0.1","user-agent":"PostmanRuntime/7.28.4","errors":"","cost":0.004318023}
{"level":"ERROR","time":"2025-07-09T09:53:47.721+0800","caller":"middleware/recovery.go:45","msg":"[Recovery from panic]","error":"interface conversion: interface {} is uint, not string","request":"GET /api/v1/user/1 HTTP/1.1\r\nHost: 127.0.0.1:8084\r\nAccept: */*\r\nAccept-Encoding: gzip, deflate, br\r\nAuthorization: Bearer eyJhbGciOiJIUzI1NiIsInR5cCI6IkpXVCJ9.eyJpZCI6NCwibmFtZSI6ImpvaG5ueSIsImlzcyI6Imlua2dvLmlvIiwiZXhwIjoxNzUyMDMxNTA5LCJuYmYiOjE3NTIwMjQzMDksImlhdCI6MTc1MjAyNDMwOX0.SpCA_536ZjKFV_B9RSwiqauZW2q4FFlW_DJU7VgNRyM\r\nCache-Control: no-cache\r\nConnection: keep-alive\r\nPostman-Token: f91060b8-cc01-40d0-a92f-850c0ec92cf3\r\nUser-Agent: PostmanRuntime/7.28.4\r\n\r\n","stack":"goroutine 9 [running]:\nruntime/debug.Stack()\n\t/Users/Johnny/go/pkg/mod/golang.org/toolchain@v0.0.1-go1.24.2.darwin-amd64/src/runtime/debug/stack.go:26 +0x5e\ninkgo/server.New.Recovery.func3.1()\n\t/Users/Johnny/go/src/inkgo/middleware/recovery.go:48 +0x4d1\npanic({0x85c3a20?, 0xc00028c6f0?})\n\t/Users/Johnny/go/pkg/mod/golang.org/toolchain@v0.0.1-go1.24.2.darwin-amd64/src/runtime/panic.go:792 +0x132\ninkgo/controller.(*UserController).GetUserByID(0xc00019a730, 0xc0000a8500)\n\t/Users/Johnny/go/src/inkgo/controller/user.go:47 +0x23d\ngithub.com/gin-gonic/gin.(*Context).Next(0xc0000a8500)\n\t/Users/Johnny/go/pkg/mod/github.com/gin-gonic/gin@v1.9.1/context.go:174 +0x2b\ninkgo/server.(*Server).Routers.AuthorizationMiddleware.func2(0xc0000a8500)\n\t/Users/Johnny/go/src/inkgo/middleware/jwt.go:191 +0x21c\ngithub.com/gin-gonic/gin.(*Context).Next(0xc0000a8500)\n\t/Users/Johnny/go/pkg/mod/github.com/gin-gonic/gin@v1.9.1/context.go:174 +0x2b\ninkgo/server.New.Recovery.func3(0xc0000a7670?)\n\t/Users/Johnny/go/src/inkgo/middleware/recovery.go:59 +0x47\ngithub.com/gin-gonic/gin.(*Context).Next(0xc0000a8500)\n\t/Users/Johnny/go/pkg/mod/github.com/gin-gonic/gin@v1.9.1/context.go:174 +0x2b\ninkgo/server.New.LoggerMiddleWare.func2(0xc0000a8500)\n\t/Users/Johnny/go/src/inkgo/middleware/logger.go:22 +0x75\ngithub.com/gin-gonic/gin.(*Context).Next(...)\n\t/Users/Johnny/go/pkg/mod/github.com/gin-gonic/gin@v1.9.1/context.go:174\ninkgo/middleware.RateLimitMiddleware.func1(0xc0000a8500)\n\t/Users/Johnny/go/src/inkgo/middleware/ratelimit.go:18 +0xaa\ngithub.com/gin-gonic/gin.(*Context).Next(...)\n\t/Users/Johnny/go/pkg/mod/github.com/gin-gonic/gin@v1.9.1/context.go:174\ngithub.com/gin-gonic/gin.(*Engine).handleHTTPRequest(0xc00047c4e0, 0xc0000a8500)\n\t/Users/Johnny/go/pkg/mod/github.com/gin-gonic/gin@v1.9.1/gin.go:620 +0x64e\ngithub.com/gin-gonic/gin.(*Engine).ServeHTTP(0xc00047c4e0, {0x86d6820, 0xc00023a1c0}, 0xc0001a2140)\n\t/Users/Johnny/go/pkg/mod/github.com/gin-gonic/gin@v1.9.1/gin.go:576 +0x1aa\nnet/http.serverHandler.ServeHTTP({0xc0002c0060?}, {0x86d6820?, 0xc00023a1c0?}, 0x1?)\n\t/Users/Johnny/go/pkg/mod/golang.org/toolchain@v0.0.1-go1.24.2.darwin-amd64/src/net/http/server.go:3301 +0x8e\nnet/http.(*conn).serve(0xc0001e6900, {0x86d82f8, 0xc000467ec0})\n\t/Users/Johnny/go/pkg/mod/golang.org/toolchain@v0.0.1-go1.24.2.darwin-amd64/src/net/http/server.go:2102 +0x625\ncreated by net/http.(*Server).Serve in goroutine 50\n\t/Users/Johnny/go/pkg/mod/golang.org/toolchain@v0.0.1-go1.24.2.darwin-amd64/src/net/http/server.go:3454 +0x485\n"}
{"level":"INFO","time":"2025-07-09T09:53:47.721+0800","caller":"middleware/logger.go:25","msg":"/api/v1/user/1","hostname":"Johnny","status":500,"method":"GET","path":"/api/v1/user/1","query":"","ip":"127.0.0.1","user-agent":"PostmanRuntime/7.28.4","errors":"","cost":0.004466092}
{"level":"INFO","time":"2025-07-09T09:54:45.061+0800","caller":"server/server.go:186","msg":"Receive signal: interrupt"}
{"level":"INFO","time":"2025-07-09T09:54:45.910+0800","caller":"server/server.go:159","msg":"server enabled controllers: [users posts categories tags auth comments likes favorites]"}
{"level":"ERROR","time":"2025-07-09T09:55:25.705+0800","caller":"middleware/recovery.go:45","msg":"[Recovery from panic]","error":"interface conversion: interface {} is uint, not string","request":"GET /api/v1/user/1 HTTP/1.1\r\nHost: 127.0.0.1:8084\r\nAccept: */*\r\nAccept-Encoding: gzip, deflate, br\r\nAuthorization: Bearer eyJhbGciOiJIUzI1NiIsInR5cCI6IkpXVCJ9.eyJpZCI6NCwibmFtZSI6ImpvaG5ueSIsImlzcyI6Imlua2dvLmlvIiwiZXhwIjoxNzUyMDMxNTA5LCJuYmYiOjE3NTIwMjQzMDksImlhdCI6MTc1MjAyNDMwOX0.SpCA_536ZjKFV_B9RSwiqauZW2q4FFlW_DJU7VgNRyM\r\nCache-Control: no-cache\r\nConnection: keep-alive\r\nPostman-Token: 0f6d468a-7d48-494d-9a25-195f8d1a5d3a\r\nUser-Agent: PostmanRuntime/7.28.4\r\n\r\n","stack":"goroutine 65 [running]:\nruntime/debug.Stack()\n\t/Users/Johnny/go/pkg/mod/golang.org/toolchain@v0.0.1-go1.24.2.darwin-amd64/src/runtime/debug/stack.go:26 +0x5e\ninkgo/server.New.Recovery.func3.1()\n\t/Users/Johnny/go/src/inkgo/middleware/recovery.go:48 +0x4d1\npanic({0x296ea20?, 0xc0002a2c30?})\n\t/Users/Johnny/go/pkg/mod/golang.org/toolchain@v0.0.1-go1.24.2.darwin-amd64/src/runtime/panic.go:792 +0x132\ninkgo/controller.(*UserController).GetUserByID(0xc000337740, 0xc000302000)\n\t/Users/Johnny/go/src/inkgo/controller/user.go:47 +0x23d\ngithub.com/gin-gonic/gin.(*Context).Next(0xc000302000)\n\t/Users/Johnny/go/pkg/mod/github.com/gin-gonic/gin@v1.9.1/context.go:174 +0x2b\ninkgo/server.(*Server).Routers.AuthorizationMiddleware.func2(0xc000302000)\n\t/Users/Johnny/go/src/inkgo/middleware/jwt.go:191 +0x21c\ngithub.com/gin-gonic/gin.(*Context).Next(0xc000302000)\n\t/Users/Johnny/go/pkg/mod/github.com/gin-gonic/gin@v1.9.1/context.go:174 +0x2b\ninkgo/server.New.Recovery.func3(0xc00009b670?)\n\t/Users/Johnny/go/src/inkgo/middleware/recovery.go:59 +0x47\ngithub.com/gin-gonic/gin.(*Context).Next(0xc000302000)\n\t/Users/Johnny/go/pkg/mod/github.com/gin-gonic/gin@v1.9.1/context.go:174 +0x2b\ninkgo/server.New.LoggerMiddleWare.func2(0xc000302000)\n\t/Users/Johnny/go/src/inkgo/middleware/logger.go:22 +0x75\ngithub.com/gin-gonic/gin.(*Context).Next(...)\n\t/Users/Johnny/go/pkg/mod/github.com/gin-gonic/gin@v1.9.1/context.go:174\ninkgo/middleware.RateLimitMiddleware.func1(0xc000302000)\n\t/Users/Johnny/go/src/inkgo/middleware/ratelimit.go:18 +0xaa\ngithub.com/gin-gonic/gin.(*Context).Next(...)\n\t/Users/Johnny/go/pkg/mod/github.com/gin-gonic/gin@v1.9.1/context.go:174\ngithub.com/gin-gonic/gin.(*Engine).handleHTTPRequest(0xc0004044e0, 0xc000302000)\n\t/Users/Johnny/go/pkg/mod/github.com/gin-gonic/gin@v1.9.1/gin.go:620 +0x64e\ngithub.com/gin-gonic/gin.(*Engine).ServeHTTP(0xc0004044e0, {0x2a81820, 0xc0002f4000}, 0xc00012e140)\n\t/Users/Johnny/go/pkg/mod/github.com/gin-gonic/gin@v1.9.1/gin.go:576 +0x1aa\nnet/http.serverHandler.ServeHTTP({0xc0002a2120?}, {0x2a81820?, 0xc0002f4000?}, 0x1?)\n\t/Users/Johnny/go/pkg/mod/golang.org/toolchain@v0.0.1-go1.24.2.darwin-amd64/src/net/http/server.go:3301 +0x8e\nnet/http.(*conn).serve(0xc00026e000, {0x2a832f8, 0xc00024a510})\n\t/Users/Johnny/go/pkg/mod/golang.org/toolchain@v0.0.1-go1.24.2.darwin-amd64/src/net/http/server.go:2102 +0x625\ncreated by net/http.(*Server).Serve in goroutine 12\n\t/Users/Johnny/go/pkg/mod/golang.org/toolchain@v0.0.1-go1.24.2.darwin-amd64/src/net/http/server.go:3454 +0x485\n"}
{"level":"INFO","time":"2025-07-09T09:55:25.705+0800","caller":"middleware/logger.go:25","msg":"/api/v1/user/1","hostname":"Johnny","status":500,"method":"GET","path":"/api/v1/user/1","query":"","ip":"127.0.0.1","user-agent":"PostmanRuntime/7.28.4","errors":"","cost":0.004274401}
{"level":"INFO","time":"2025-07-09T09:55:41.025+0800","caller":"server/server.go:186","msg":"Receive signal: interrupt"}
{"level":"INFO","time":"2025-07-09T09:55:49.007+0800","caller":"server/server.go:159","msg":"server enabled controllers: [users posts categories tags auth comments likes favorites]"}
{"level":"ERROR","time":"2025-07-09T09:55:59.709+0800","caller":"middleware/recovery.go:45","msg":"[Recovery from panic]","error":"interface conversion: interface {} is uint, not string","request":"GET /api/v1/user/1 HTTP/1.1\r\nHost: 127.0.0.1:8084\r\nAccept: */*\r\nAccept-Encoding: gzip, deflate, br\r\nAuthorization: Bearer eyJhbGciOiJIUzI1NiIsInR5cCI6IkpXVCJ9.eyJpZCI6NCwibmFtZSI6ImpvaG5ueSIsImlzcyI6Imlua2dvLmlvIiwiZXhwIjoxNzUyMDMxNTA5LCJuYmYiOjE3NTIwMjQzMDksImlhdCI6MTc1MjAyNDMwOX0.SpCA_536ZjKFV_B9RSwiqauZW2q4FFlW_DJU7VgNRyM\r\nCache-Control: no-cache\r\nConnection: keep-alive\r\nPostman-Token: c75432aa-89fa-404e-8a4e-0fb3be55a550\r\nUser-Agent: PostmanRuntime/7.28.4\r\n\r\n","stack":"goroutine 35 [running]:\nruntime/debug.Stack()\n\t/Users/Johnny/go/pkg/mod/golang.org/toolchain@v0.0.1-go1.24.2.darwin-amd64/src/runtime/debug/stack.go:26 +0x5e\ninkgo/server.New.Recovery.func3.1()\n\t/Users/Johnny/go/src/inkgo/middleware/recovery.go:48 +0x4d1\npanic({0x1c11a20?, 0xc0002c0f60?})\n\t/Users/Johnny/go/pkg/mod/golang.org/toolchain@v0.0.1-go1.24.2.darwin-amd64/src/runtime/panic.go:792 +0x132\ninkgo/controller.(*UserController).GetUserByID(0xc000032110, 0xc000386000)\n\t/Users/Johnny/go/src/inkgo/controller/user.go:47 +0x23d\ngithub.com/gin-gonic/gin.(*Context).Next(0xc000386000)\n\t/Users/Johnny/go/pkg/mod/github.com/gin-gonic/gin@v1.9.1/context.go:174 +0x2b\ninkgo/server.(*Server).Routers.AuthorizationMiddleware.func2(0xc000386000)\n\t/Users/Johnny/go/src/inkgo/middleware/jwt.go:191 +0x21c\ngithub.com/gin-gonic/gin.(*Context).Next(0xc000386000)\n\t/Users/Johnny/go/pkg/mod/github.com/gin-gonic/gin@v1.9.1/context.go:174 +0x2b\ninkgo/server.New.Recovery.func3(0xc00009d670?)\n\t/Users/Johnny/go/src/inkgo/middleware/recovery.go:59 +0x47\ngithub.com/gin-gonic/gin.(*Context).Next(0xc000386000)\n\t/Users/Johnny/go/pkg/mod/github.com/gin-gonic/gin@v1.9.1/context.go:174 +0x2b\ninkgo/server.New.LoggerMiddleWare.func2(0xc000386000)\n\t/Users/Johnny/go/src/inkgo/middleware/logger.go:22 +0x75\ngithub.com/gin-gonic/gin.(*Context).Next(...)\n\t/Users/Johnny/go/pkg/mod/github.com/gin-gonic/gin@v1.9.1/context.go:174\ninkgo/middleware.RateLimitMiddleware.func1(0xc000386000)\n\t/Users/Johnny/go/src/inkgo/middleware/ratelimit.go:18 +0xaa\ngithub.com/gin-gonic/gin.(*Context).Next(...)\n\t/Users/Johnny/go/pkg/mod/github.com/gin-gonic/gin@v1.9.1/context.go:174\ngithub.com/gin-gonic/gin.(*Engine).handleHTTPRequest(0xc00047c4e0, 0xc000386000)\n\t/Users/Johnny/go/pkg/mod/github.com/gin-gonic/gin@v1.9.1/gin.go:620 +0x64e\ngithub.com/gin-gonic/gin.(*Engine).ServeHTTP(0xc00047c4e0, {0x1d24820, 0xc00037c000}, 0xc000254500)\n\t/Users/Johnny/go/pkg/mod/github.com/gin-gonic/gin@v1.9.1/gin.go:576 +0x1aa\nnet/http.serverHandler.ServeHTTP({0xc0002c06f0?}, {0x1d24820?, 0xc00037c000?}, 0x1?)\n\t/Users/Johnny/go/pkg/mod/golang.org/toolchain@v0.0.1-go1.24.2.darwin-amd64/src/net/http/server.go:3301 +0x8e\nnet/http.(*conn).serve(0xc000332090, {0x1d262f8, 0xc0002c0510})\n\t/Users/Johnny/go/pkg/mod/golang.org/toolchain@v0.0.1-go1.24.2.darwin-amd64/src/net/http/server.go:2102 +0x625\ncreated by net/http.(*Server).Serve in goroutine 50\n\t/Users/Johnny/go/pkg/mod/golang.org/toolchain@v0.0.1-go1.24.2.darwin-amd64/src/net/http/server.go:3454 +0x485\n"}
{"level":"INFO","time":"2025-07-09T09:55:59.709+0800","caller":"middleware/logger.go:25","msg":"/api/v1/user/1","hostname":"Johnny","status":500,"method":"GET","path":"/api/v1/user/1","query":"","ip":"127.0.0.1","user-agent":"PostmanRuntime/7.28.4","errors":"","cost":0.005822776}
{"level":"ERROR","time":"2025-07-09T09:56:13.766+0800","caller":"middleware/recovery.go:45","msg":"[Recovery from panic]","error":"interface conversion: interface {} is uint, not string","request":"GET /api/v1/user/4 HTTP/1.1\r\nHost: 127.0.0.1:8084\r\nAccept: */*\r\nAccept-Encoding: gzip, deflate, br\r\nAuthorization: Bearer eyJhbGciOiJIUzI1NiIsInR5cCI6IkpXVCJ9.eyJpZCI6NCwibmFtZSI6ImpvaG5ueSIsImlzcyI6Imlua2dvLmlvIiwiZXhwIjoxNzUyMDMxNTA5LCJuYmYiOjE3NTIwMjQzMDksImlhdCI6MTc1MjAyNDMwOX0.SpCA_536ZjKFV_B9RSwiqauZW2q4FFlW_DJU7VgNRyM\r\nCache-Control: no-cache\r\nConnection: keep-alive\r\nPostman-Token: a78821da-141c-4458-9dd3-4d55f17d34d8\r\nUser-Agent: PostmanRuntime/7.28.4\r\n\r\n","stack":"goroutine 35 [running]:\nruntime/debug.Stack()\n\t/Users/Johnny/go/pkg/mod/golang.org/toolchain@v0.0.1-go1.24.2.darwin-amd64/src/runtime/debug/stack.go:26 +0x5e\ninkgo/server.New.Recovery.func3.1()\n\t/Users/Johnny/go/src/inkgo/middleware/recovery.go:48 +0x4d1\npanic({0x1c11a20?, 0xc0002c1740?})\n\t/Users/Johnny/go/pkg/mod/golang.org/toolchain@v0.0.1-go1.24.2.darwin-amd64/src/runtime/panic.go:792 +0x132\ninkgo/controller.(*UserController).GetUserByID(0xc000032110, 0xc000386000)\n\t/Users/Johnny/go/src/inkgo/controller/user.go:47 +0x23d\ngithub.com/gin-gonic/gin.(*Context).Next(0xc000386000)\n\t/Users/Johnny/go/pkg/mod/github.com/gin-gonic/gin@v1.9.1/context.go:174 +0x2b\ninkgo/server.(*Server).Routers.AuthorizationMiddleware.func2(0xc000386000)\n\t/Users/Johnny/go/src/inkgo/middleware/jwt.go:191 +0x21c\ngithub.com/gin-gonic/gin.(*Context).Next(0xc000386000)\n\t/Users/Johnny/go/pkg/mod/github.com/gin-gonic/gin@v1.9.1/context.go:174 +0x2b\ninkgo/server.New.Recovery.func3(0xc00009d670?)\n\t/Users/Johnny/go/src/inkgo/middleware/recovery.go:59 +0x47\ngithub.com/gin-gonic/gin.(*Context).Next(0xc000386000)\n\t/Users/Johnny/go/pkg/mod/github.com/gin-gonic/gin@v1.9.1/context.go:174 +0x2b\ninkgo/server.New.LoggerMiddleWare.func2(0xc000386000)\n\t/Users/Johnny/go/src/inkgo/middleware/logger.go:22 +0x75\ngithub.com/gin-gonic/gin.(*Context).Next(...)\n\t/Users/Johnny/go/pkg/mod/github.com/gin-gonic/gin@v1.9.1/context.go:174\ninkgo/middleware.RateLimitMiddleware.func1(0xc000386000)\n\t/Users/Johnny/go/src/inkgo/middleware/ratelimit.go:18 +0xaa\ngithub.com/gin-gonic/gin.(*Context).Next(...)\n\t/Users/Johnny/go/pkg/mod/github.com/gin-gonic/gin@v1.9.1/context.go:174\ngithub.com/gin-gonic/gin.(*Engine).handleHTTPRequest(0xc00047c4e0, 0xc000386000)\n\t/Users/Johnny/go/pkg/mod/github.com/gin-gonic/gin@v1.9.1/gin.go:620 +0x64e\ngithub.com/gin-gonic/gin.(*Engine).ServeHTTP(0xc00047c4e0, {0x1d24820, 0xc00037c0e0}, 0xc000254780)\n\t/Users/Johnny/go/pkg/mod/github.com/gin-gonic/gin@v1.9.1/gin.go:576 +0x1aa\nnet/http.serverHandler.ServeHTTP({0xc0002c06f0?}, {0x1d24820?, 0xc00037c0e0?}, 0x1?)\n\t/Users/Johnny/go/pkg/mod/golang.org/toolchain@v0.0.1-go1.24.2.darwin-amd64/src/net/http/server.go:3301 +0x8e\nnet/http.(*conn).serve(0xc000332090, {0x1d262f8, 0xc0002c0510})\n\t/Users/Johnny/go/pkg/mod/golang.org/toolchain@v0.0.1-go1.24.2.darwin-amd64/src/net/http/server.go:2102 +0x625\ncreated by net/http.(*Server).Serve in goroutine 50\n\t/Users/Johnny/go/pkg/mod/golang.org/toolchain@v0.0.1-go1.24.2.darwin-amd64/src/net/http/server.go:3454 +0x485\n"}
{"level":"INFO","time":"2025-07-09T09:56:13.766+0800","caller":"middleware/logger.go:25","msg":"/api/v1/user/4","hostname":"Johnny","status":500,"method":"GET","path":"/api/v1/user/4","query":"","ip":"127.0.0.1","user-agent":"PostmanRuntime/7.28.4","errors":"","cost":0.005080615}
{"level":"INFO","time":"2025-07-09T09:57:35.463+0800","caller":"middleware/logger.go:25","msg":"/api/v1/auth/token","hostname":"Johnny","status":200,"method":"POST","path":"/api/v1/auth/token","query":"","ip":"127.0.0.1","user-agent":"PostmanRuntime/7.28.4","errors":"","cost":0.065015372}
{"level":"ERROR","time":"2025-07-09T09:57:59.480+0800","caller":"middleware/recovery.go:45","msg":"[Recovery from panic]","error":"interface conversion: interface {} is uint, not string","request":"GET /api/v1/user/4 HTTP/1.1\r\nHost: 127.0.0.1:8084\r\nAccept: */*\r\nAccept-Encoding: gzip, deflate, br\r\nAuthorization: Bearer eyJhbGciOiJIUzI1NiIsInR5cCI6IkpXVCJ9.eyJpZCI6NCwibmFtZSI6ImpvaG5ueSIsImlzcyI6Imlua2dvLmlvIiwiZXhwIjoxNzUyMDMzNDU1LCJuYmYiOjE3NTIwMjYyNTUsImlhdCI6MTc1MjAyNjI1NX0.9wlVYDCG_fpQS7QJCUiMSFcY3BXpsEJ9iZBTmf_QUEU\r\nCache-Control: no-cache\r\nConnection: keep-alive\r\nPostman-Token: 93ef6492-7929-4978-8fd5-fe051399d084\r\nUser-Agent: PostmanRuntime/7.28.4\r\n\r\n","stack":"goroutine 35 [running]:\nruntime/debug.Stack()\n\t/Users/Johnny/go/pkg/mod/golang.org/toolchain@v0.0.1-go1.24.2.darwin-amd64/src/runtime/debug/stack.go:26 +0x5e\ninkgo/server.New.Recovery.func3.1()\n\t/Users/Johnny/go/src/inkgo/middleware/recovery.go:48 +0x4d1\npanic({0x1c11a20?, 0xc0004675c0?})\n\t/Users/Johnny/go/pkg/mod/golang.org/toolchain@v0.0.1-go1.24.2.darwin-amd64/src/runtime/panic.go:792 +0x132\ninkgo/controller.(*UserController).GetUserByID(0xc000032110, 0xc0000a4600)\n\t/Users/Johnny/go/src/inkgo/controller/user.go:47 +0x23d\ngithub.com/gin-gonic/gin.(*Context).Next(0xc0000a4600)\n\t/Users/Johnny/go/pkg/mod/github.com/gin-gonic/gin@v1.9.1/context.go:174 +0x2b\ninkgo/server.(*Server).Routers.AuthorizationMiddleware.func2(0xc0000a4600)\n\t/Users/Johnny/go/src/inkgo/middleware/jwt.go:191 +0x21c\ngithub.com/gin-gonic/gin.(*Context).Next(0xc0000a4600)\n\t/Users/Johnny/go/pkg/mod/github.com/gin-gonic/gin@v1.9.1/context.go:174 +0x2b\ninkgo/server.New.Recovery.func3(0xc00009d670?)\n\t/Users/Johnny/go/src/inkgo/middleware/recovery.go:59 +0x47\ngithub.com/gin-gonic/gin.(*Context).Next(0xc0000a4600)\n\t/Users/Johnny/go/pkg/mod/github.com/gin-gonic/gin@v1.9.1/context.go:174 +0x2b\ninkgo/server.New.LoggerMiddleWare.func2(0xc0000a4600)\n\t/Users/Johnny/go/src/inkgo/middleware/logger.go:22 +0x75\ngithub.com/gin-gonic/gin.(*Context).Next(...)\n\t/Users/Johnny/go/pkg/mod/github.com/gin-gonic/gin@v1.9.1/context.go:174\ninkgo/middleware.RateLimitMiddleware.func1(0xc0000a4600)\n\t/Users/Johnny/go/src/inkgo/middleware/ratelimit.go:18 +0xaa\ngithub.com/gin-gonic/gin.(*Context).Next(...)\n\t/Users/Johnny/go/pkg/mod/github.com/gin-gonic/gin@v1.9.1/context.go:174\ngithub.com/gin-gonic/gin.(*Engine).handleHTTPRequest(0xc00047c4e0, 0xc0000a4600)\n\t/Users/Johnny/go/pkg/mod/github.com/gin-gonic/gin@v1.9.1/gin.go:620 +0x64e\ngithub.com/gin-gonic/gin.(*Engine).ServeHTTP(0xc00047c4e0, {0x1d24820, 0xc0001fe1c0}, 0xc000034640)\n\t/Users/Johnny/go/pkg/mod/github.com/gin-gonic/gin@v1.9.1/gin.go:576 +0x1aa\nnet/http.serverHandler.ServeHTTP({0xc0002c06f0?}, {0x1d24820?, 0xc0001fe1c0?}, 0x1?)\n\t/Users/Johnny/go/pkg/mod/golang.org/toolchain@v0.0.1-go1.24.2.darwin-amd64/src/net/http/server.go:3301 +0x8e\nnet/http.(*conn).serve(0xc000332090, {0x1d262f8, 0xc0002c0510})\n\t/Users/Johnny/go/pkg/mod/golang.org/toolchain@v0.0.1-go1.24.2.darwin-amd64/src/net/http/server.go:2102 +0x625\ncreated by net/http.(*Server).Serve in goroutine 50\n\t/Users/Johnny/go/pkg/mod/golang.org/toolchain@v0.0.1-go1.24.2.darwin-amd64/src/net/http/server.go:3454 +0x485\n"}
{"level":"INFO","time":"2025-07-09T09:57:59.481+0800","caller":"middleware/logger.go:25","msg":"/api/v1/user/4","hostname":"Johnny","status":500,"method":"GET","path":"/api/v1/user/4","query":"","ip":"127.0.0.1","user-agent":"PostmanRuntime/7.28.4","errors":"","cost":0.003617996}
{"level":"INFO","time":"2025-07-09T09:58:11.478+0800","caller":"server/server.go:186","msg":"Receive signal: interrupt"}
{"level":"INFO","time":"2025-07-09T09:58:57.494+0800","caller":"server/server.go:159","msg":"server enabled controllers: [users posts categories tags auth comments likes favorites]"}
{"level":"INFO","time":"2025-07-09T09:59:01.799+0800","caller":"middleware/logger.go:25","msg":"/api/v1/user/4","hostname":"Johnny","status":401,"method":"GET","path":"/api/v1/user/4","query":"","ip":"127.0.0.1","user-agent":"PostmanRuntime/7.28.4","errors":"","cost":0.003514569}
{"level":"INFO","time":"2025-07-09T09:59:09.876+0800","caller":"middleware/logger.go:25","msg":"/api/v1/user/1","hostname":"Johnny","status":401,"method":"GET","path":"/api/v1/user/1","query":"","ip":"127.0.0.1","user-agent":"PostmanRuntime/7.28.4","errors":"","cost":0.006762313}
{"level":"INFO","time":"2025-07-09T10:00:46.922+0800","caller":"server/server.go:186","msg":"Receive signal: interrupt"}
{"level":"INFO","time":"2025-07-09T10:00:49.314+0800","caller":"server/server.go:159","msg":"server enabled controllers: [users posts categories tags auth comments likes favorites]"}
{"level":"INFO","time":"2025-07-09T10:00:57.655+0800","caller":"middleware/logger.go:25","msg":"/api/v1/user/1","hostname":"Johnny","status":500,"method":"GET","path":"/api/v1/user/1","query":"","ip":"127.0.0.1","user-agent":"PostmanRuntime/7.28.4","errors":"","cost":0.004486114}
{"level":"INFO","time":"2025-07-09T10:01:09.938+0800","caller":"middleware/logger.go:25","msg":"/api/v1/user/4","hostname":"Johnny","status":500,"method":"GET","path":"/api/v1/user/4","query":"","ip":"127.0.0.1","user-agent":"PostmanRuntime/7.28.4","errors":"","cost":0.005141283}
{"level":"INFO","time":"2025-07-09T10:05:22.476+0800","caller":"middleware/logger.go:25","msg":"/api/v1/user/1","hostname":"Johnny","status":401,"method":"DELETE","path":"/api/v1/user/1","query":"","ip":"127.0.0.1","user-agent":"PostmanRuntime/7.28.4","errors":"","cost":0.003553501}
{"level":"INFO","time":"2025-07-09T10:05:41.682+0800","caller":"middleware/logger.go:25","msg":"/api/v1/user/4","hostname":"Johnny","status":401,"method":"DELETE","path":"/api/v1/user/4","query":"","ip":"127.0.0.1","user-agent":"PostmanRuntime/7.28.4","errors":"","cost":0.004061329}
{"level":"INFO","time":"2025-07-09T10:12:41.112+0800","caller":"server/server.go:186","msg":"Receive signal: interrupt"}
{"level":"INFO","time":"2025-07-09T10:12:45.696+0800","caller":"server/server.go:159","msg":"server enabled controllers: [users posts categories tags auth comments likes favorites]"}
{"level":"INFO","time":"2025-07-09T10:13:00.887+0800","caller":"middleware/logger.go:25","msg":"/api/v1/user/4","hostname":"Johnny","status":200,"method":"GET","path":"/api/v1/user/4","query":"","ip":"127.0.0.1","user-agent":"PostmanRuntime/7.28.4","errors":"","cost":0.036427774}
{"level":"INFO","time":"2025-07-09T10:13:06.742+0800","caller":"middleware/logger.go:25","msg":"/api/v1/user/1","hostname":"Johnny","status":401,"method":"GET","path":"/api/v1/user/1","query":"","ip":"127.0.0.1","user-agent":"PostmanRuntime/7.28.4","errors":"","cost":0.007095993}
{"level":"INFO","time":"2025-07-09T10:29:43.476+0800","caller":"server/server.go:186","msg":"Receive signal: interrupt"}
{"level":"INFO","time":"2025-07-09T10:30:02.707+0800","caller":"server/server.go:159","msg":"server enabled controllers: [users posts categories tags auth comments likes favorites]"}
{"level":"INFO","time":"2025-07-09T13:29:39.575+0800","caller":"server/server.go:186","msg":"Receive signal: interrupt"}
{"level":"INFO","time":"2025-07-28T11:16:31.930+0800","caller":"server/server.go:162","msg":"server enabled controllers: [users posts categories tags auth comments likes favorites]"}
{"level":"INFO","time":"2025-07-28T11:17:32.152+0800","caller":"server/server.go:189","msg":"Receive signal: interrupt"}
{"level":"INFO","time":"2025-07-28T11:49:41.505+0800","caller":"server/server.go:162","msg":"server enabled controllers: [users posts categories tags auth comments likes favorites]"}
{"level":"INFO","time":"2025-07-28T11:50:58.212+0800","caller":"server/server.go:189","msg":"Receive signal: interrupt"}
{"level":"INFO","time":"2025-07-28T11:51:01.418+0800","caller":"server/server.go:162","msg":"server enabled controllers: [users posts categories tags auth comments likes favorites]"}
{"level":"INFO","time":"2025-07-28T11:51:46.836+0800","caller":"middleware/logger.go:25","msg":"/api/v1/auth/token","hostname":"Johnny","status":200,"method":"POST","path":"/api/v1/auth/token","query":"","ip":"127.0.0.1","user-agent":"PostmanRuntime/7.28.4","errors":"","cost":0.153982695}
{"level":"INFO","time":"2025-07-28T12:12:52.596+0800","caller":"middleware/logger.go:25","msg":"/api/v1/user/1","hostname":"Johnny","status":401,"method":"GET","path":"/api/v1/user/1","query":"","ip":"127.0.0.1","user-agent":"PostmanRuntime/7.28.4","errors":"","cost":0.028585597}
{"level":"INFO","time":"2025-07-28T12:13:08.825+0800","caller":"middleware/logger.go:25","msg":"/api/v1/user/4","hostname":"Johnny","status":401,"method":"GET","path":"/api/v1/user/4","query":"","ip":"127.0.0.1","user-agent":"PostmanRuntime/7.28.4","errors":"","cost":0.004351182}
{"level":"INFO","time":"2025-07-28T12:15:37.795+0800","caller":"server/server.go:189","msg":"Receive signal: interrupt"}
{"level":"INFO","time":"2025-07-28T12:15:42.393+0800","caller":"server/server.go:162","msg":"server enabled controllers: [users posts categories tags auth comments likes favorites]"}
{"level":"INFO","time":"2025-07-28T12:15:55.873+0800","caller":"middleware/logger.go:25","msg":"/api/v1/user/1","hostname":"Johnny","status":401,"method":"GET","path":"/api/v1/user/1","query":"","ip":"127.0.0.1","user-agent":"PostmanRuntime/7.28.4","errors":"","cost":0.004718345}
{"level":"INFO","time":"2025-07-28T12:17:43.348+0800","caller":"server/server.go:189","msg":"Receive signal: interrupt"}
{"level":"INFO","time":"2025-07-28T12:17:46.171+0800","caller":"server/server.go:162","msg":"server enabled controllers: [users posts categories tags auth comments likes favorites]"}
{"level":"INFO","time":"2025-07-28T12:17:51.904+0800","caller":"middleware/logger.go:25","msg":"/api/v1/user/1","hostname":"Johnny","status":401,"method":"GET","path":"/api/v1/user/1","query":"","ip":"127.0.0.1","user-agent":"PostmanRuntime/7.28.4","errors":"","cost":0.005275263}
{"level":"INFO","time":"2025-07-28T12:17:58.434+0800","caller":"middleware/logger.go:25","msg":"/api/v1/user/4","hostname":"Johnny","status":401,"method":"GET","path":"/api/v1/user/4","query":"","ip":"127.0.0.1","user-agent":"PostmanRuntime/7.28.4","errors":"","cost":0.00293141}
{"level":"INFO","time":"2025-07-28T12:19:05.363+0800","caller":"server/server.go:189","msg":"Receive signal: interrupt"}
{"level":"INFO","time":"2025-07-28T12:19:07.499+0800","caller":"server/server.go:162","msg":"server enabled controllers: [users posts categories tags auth comments likes favorites]"}
{"level":"INFO","time":"2025-07-28T12:19:15.061+0800","caller":"middleware/logger.go:25","msg":"/api/v1/user/4","hostname":"Johnny","status":401,"method":"GET","path":"/api/v1/user/4","query":"","ip":"127.0.0.1","user-agent":"PostmanRuntime/7.28.4","errors":"","cost":0.00518165}
{"level":"INFO","time":"2025-07-28T12:19:35.176+0800","caller":"middleware/logger.go:25","msg":"/api/v1/user/1","hostname":"Johnny","status":401,"method":"GET","path":"/api/v1/user/1","query":"","ip":"127.0.0.1","user-agent":"PostmanRuntime/7.28.4","errors":"","cost":0.064794368}
{"level":"INFO","time":"2025-07-28T12:19:40.220+0800","caller":"middleware/logger.go:25","msg":"/api/v1/user/4","hostname":"Johnny","status":401,"method":"GET","path":"/api/v1/user/4","query":"","ip":"127.0.0.1","user-agent":"PostmanRuntime/7.28.4","errors":"","cost":0.00422446}
{"level":"INFO","time":"2025-07-28T12:20:34.107+0800","caller":"server/server.go:189","msg":"Receive signal: interrupt"}
{"level":"INFO","time":"2025-07-28T15:15:00.361+0800","caller":"server/server.go:162","msg":"server enabled controllers: [users posts categories tags auth comments likes favorites]"}
{"level":"INFO","time":"2025-07-28T15:15:43.870+0800","caller":"middleware/logger.go:25","msg":"/api/v1/user/4","hostname":"Johnny","status":401,"method":"GET","path":"/api/v1/user/4","query":"","ip":"127.0.0.1","user-agent":"PostmanRuntime/7.28.4","errors":"","cost":0.003954201}
{"level":"INFO","time":"2025-07-28T15:15:53.278+0800","caller":"middleware/logger.go:25","msg":"/api/v1/auth/token","hostname":"Johnny","status":200,"method":"POST","path":"/api/v1/auth/token","query":"","ip":"127.0.0.1","user-agent":"PostmanRuntime/7.28.4","errors":"","cost":0.0722204}
{"level":"INFO","time":"2025-07-28T15:16:07.561+0800","caller":"middleware/logger.go:25","msg":"/api/v1/user/4","hostname":"Johnny","status":200,"method":"GET","path":"/api/v1/user/4","query":"","ip":"127.0.0.1","user-agent":"PostmanRuntime/7.28.4","errors":"","cost":0.013525505}
{"level":"INFO","time":"2025-07-28T15:16:13.885+0800","caller":"middleware/logger.go:25","msg":"/api/v1/user/1","hostname":"Johnny","status":401,"method":"GET","path":"/api/v1/user/1","query":"","ip":"127.0.0.1","user-agent":"PostmanRuntime/7.28.4","errors":"","cost":0.014893516}
{"level":"INFO","time":"2025-07-28T15:17:27.645+0800","caller":"middleware/logger.go:25","msg":"/api/v1/user/1","hostname":"Johnny","status":401,"method":"GET","path":"/api/v1/user/1","query":"","ip":"127.0.0.1","user-agent":"PostmanRuntime/7.28.4","errors":"","cost":0.005263181}
{"level":"INFO","time":"2025-07-28T15:17:54.548+0800","caller":"middleware/logger.go:25","msg":"/api/v1/user/4","hostname":"Johnny","status":200,"method":"GET","path":"/api/v1/user/4","query":"","ip":"127.0.0.1","user-agent":"PostmanRuntime/7.28.4","errors":"","cost":0.049632078}
{"level":"INFO","time":"2025-07-28T15:29:11.044+0800","caller":"middleware/logger.go:25","msg":"/api/v1/user/1","hostname":"Johnny","status":401,"method":"DELETE","path":"/api/v1/user/1","query":"","ip":"127.0.0.1","user-agent":"PostmanRuntime/7.28.4","errors":"","cost":0.010754468}
{"level":"INFO","time":"2025-07-28T15:38:18.938+0800","caller":"middleware/logger.go:25","msg":"/api/v1/user/1","hostname":"Johnny","status":401,"method":"PUT","path":"/api/v1/user/1","query":"","ip":"127.0.0.1","user-agent":"PostmanRuntime/7.28.4","errors":"","cost":0.011975493}
{"level":"INFO","time":"2025-07-28T15:38:29.350+0800","caller":"middleware/logger.go:25","msg":"/api/v1/user/4","hostname":"Johnny","status":500,"method":"PUT","path":"/api/v1/user/4","query":"","ip":"127.0.0.1","user-agent":"PostmanRuntime/7.28.4","errors":"","cost":0.023605264}
{"level":"INFO","time":"2025-07-28T15:38:54.311+0800","caller":"middleware/logger.go:25","msg":"/api/v1/user/4","hostname":"Johnny","status":200,"method":"PUT","path":"/api/v1/user/4","query":"","ip":"127.0.0.1","user-agent":"PostmanRuntime/7.28.4","errors":"","cost":0.082956464}
{"level":"INFO","time":"2025-07-28T15:39:44.831+0800","caller":"middleware/logger.go:25","msg":"/api/v1/user/4","hostname":"Johnny","status":200,"method":"GET","path":"/api/v1/user/4","query":"","ip":"127.0.0.1","user-agent":"PostmanRuntime/7.28.4","errors":"","cost":0.015593099}
{"level":"INFO","time":"2025-07-28T15:43:24.352+0800","caller":"server/server.go:189","msg":"Receive signal: interrupt"}
{"level":"INFO","time":"2025-07-28T15:43:28.452+0800","caller":"server/server.go:162","msg":"server enabled controllers: [users posts categories tags auth comments likes favorites]"}
{"level":"INFO","time":"2025-07-28T15:44:08.213+0800","caller":"middleware/logger.go:25","msg":"/api/v1/user/name/nice","hostname":"Johnny","status":401,"method":"GET","path":"/api/v1/user/name/nice","query":"","ip":"127.0.0.1","user-agent":"PostmanRuntime/7.28.4","errors":"","cost":0.004804184}
{"level":"INFO","time":"2025-07-28T15:44:19.394+0800","caller":"middleware/logger.go:25","msg":"/api/v1/user/name/vedan","hostname":"Johnny","status":401,"method":"GET","path":"/api/v1/user/name/vedan","query":"","ip":"127.0.0.1","user-agent":"PostmanRuntime/7.28.4","errors":"","cost":0.004123919}
{"level":"INFO","time":"2025-07-28T15:46:25.054+0800","caller":"server/server.go:189","msg":"Receive signal: interrupt"}
{"level":"INFO","time":"2025-07-28T15:46:29.369+0800","caller":"server/server.go:162","msg":"server enabled controllers: [users posts categories tags auth comments likes favorites]"}
{"level":"INFO","time":"2025-07-28T15:46:33.173+0800","caller":"middleware/logger.go:25","msg":"/api/v1/user/4","hostname":"Johnny","status":200,"method":"GET","path":"/api/v1/user/4","query":"","ip":"127.0.0.1","user-agent":"PostmanRuntime/7.28.4","errors":"","cost":0.018037642}
{"level":"INFO","time":"2025-07-28T15:46:44.465+0800","caller":"middleware/logger.go:25","msg":"/api/v1/user/name/vedan","hostname":"Johnny","status":401,"method":"GET","path":"/api/v1/user/name/vedan","query":"","ip":"127.0.0.1","user-agent":"PostmanRuntime/7.28.4","errors":"","cost":0.003809844}
{"level":"INFO","time":"2025-07-28T15:47:34.379+0800","caller":"middleware/logger.go:25","msg":"/api/v1/user/4","hostname":"Johnny","status":200,"method":"PUT","path":"/api/v1/user/4","query":"","ip":"127.0.0.1","user-agent":"PostmanRuntime/7.28.4","errors":"","cost":0.044145448}
{"level":"INFO","time":"2025-07-28T15:47:40.696+0800","caller":"middleware/logger.go:25","msg":"/api/v1/user/name/vedan","hostname":"Johnny","status":401,"method":"GET","path":"/api/v1/user/name/vedan","query":"","ip":"127.0.0.1","user-agent":"PostmanRuntime/7.28.4","errors":"","cost":0.004964663}
{"level":"INFO","time":"2025-07-28T15:47:53.487+0800","caller":"middleware/logger.go:25","msg":"/api/v1/user/name/johnny","hostname":"Johnny","status":200,"method":"GET","path":"/api/v1/user/name/johnny","query":"","ip":"127.0.0.1","user-agent":"PostmanRuntime/7.28.4","errors":"","cost":0.011724969}
{"level":"INFO","time":"2025-07-29T14:43:39.992+0800","caller":"server/server.go:189","msg":"Receive signal: interrupt"}
{"level":"INFO","time":"2025-07-29T16:57:11.359+0800","caller":"server/server.go:162","msg":"server enabled controllers: [users posts categories tags auth comments likes favorites]"}
{"level":"INFO","time":"2025-07-29T16:57:14.477+0800","caller":"server/server.go:189","msg":"Receive signal: interrupt"}
